[{"stream_name":"stdout","time":14.537609544,"data":"   ━━━━━━━━━━━━━━━━━━━━━━━━━━━━━━━━━━━━━━━━ 2.1/2.1 MB 13.0 MB/s eta 0:00:00\n"}
,{"stream_name":"stdout","time":16.950916589,"data":"Added knobs to sys.path from: /kaggle/input/datasets/anshulsingh45/knobs-code/src\n"}
,{"stream_name":"stderr","time":29.465822172,"data":"/usr/local/lib/python3.13/dist-packages/imagecorruptions/corruptions.py:17: UserWarning: pkg_resources is deprecated as an API. See https://setuptools.pypa.io/en/latest/pkg_resources.html. The pkg_resources package is slated for removal as early as 2025-11-30. Refrain from using this package or pin to Setuptools\u003c81.\n"}
,{"stream_name":"stderr","time":29.465849073,"data":"  from pkg_resources import resource_filename\n"}
,{"stream_name":"stdout","time":29.683479673,"data":"=== Launching K10-Resize-Ablation Kernel ===\n"}
,{"stream_name":"stdout","time":30.444963031,"data":"Selected 5000 class-balanced PILOT image IDs\n"}
,{"stream_name":"stdout","time":30.518412377,"data":"=== Initializing Models on cuda:0 ===\n"}
,{"stream_name":"stderr","time":31.017095961,"data":"Warning: You are sending unauthenticated requests to the HF Hub. Please set a HF_TOKEN to enable higher rate limits and faster downloads.\n"}
,{"stream_name":"stdout","time":36.384018672,"data":"Measuring operator noise gains...\n"}
,{"stream_name":"stdout","time":36.474883614,"data":"  bilinear_antialias @ 224: noise gain = 0.3130\n"}
,{"stream_name":"stdout","time":36.478845889,"data":"  bilinear_antialias @ 320: noise gain = 0.4814\n"}
,{"stream_name":"stdout","time":36.483697251,"data":"  bilinear_antialias @ 384: noise gain = 0.5664\n"}
,{"stream_name":"stdout","time":36.486763838,"data":"  bilinear_no_antialias @ 224: noise gain = 0.5001\n"}
,{"stream_name":"stdout","time":36.488596709,"data":"  bilinear_no_antialias @ 320: noise gain = 0.6800\n"}
,{"stream_name":"stdout","time":36.490620925,"data":"  bilinear_no_antialias @ 384: noise gain = 0.6620\n"}
,{"stream_name":"stdout","time":36.497984767,"data":"  bicubic_antialias @ 224: noise gain = 0.4046\n"}
,{"stream_name":"stdout","time":36.504493718,"data":"  bicubic_antialias @ 320: noise gain = 0.5818\n"}
,{"stream_name":"stdout","time":36.5123777,"data":"  bicubic_antialias @ 384: noise gain = 0.6985\n"}
,{"stream_name":"stdout","time":36.524939648,"data":"  area @ 224: noise gain = 0.5000\n"}
,{"stream_name":"stdout","time":36.527522561,"data":"  area @ 320: noise gain = 0.4668\n"}
,{"stream_name":"stdout","time":36.530526601,"data":"  area @ 384: noise gain = 0.4997\n"}
,{"stream_name":"stdout","time":36.741835413,"data":"  gaussian_prefilter_448 @ 448: noise gain = 0.3269\n"}
,{"stream_name":"stdout","time":36.741866625,"data":"  identity_448 @ 448: noise gain = 1.0000\n"}
,{"stream_name":"stdout","time":36.741882627,"data":"\n"}
,{"stream_name":"stdout","time":36.741886744,"data":"--- Running Stage: clean (severity=0) ---\n"}
,{"stream_name":"stdout","time":64.953827992,"data":"[clean-s0] Processed 32/5000 images\n"}
,{"stream_name":"stdout","time":69.909038618,"data":"[clean-s0] Processed 64/5000 images\n"}
,{"stream_name":"stdout","time":74.889710123,"data":"[clean-s0] Processed 96/5000 images\n"}
,{"stream_name":"stdout","time":79.877781723,"data":"[clean-s0] Processed 128/5000 images\n"}
,{"stream_name":"stdout","time":85.169694964,"data":"[clean-s0] Processed 160/5000 images\n"}
,{"stream_name":"stdout","time":90.256821195,"data":"[clean-s0] Processed 192/5000 images\n"}
,{"stream_name":"stdout","time":95.434518285,"data":"[clean-s0] Processed 224/5000 images\n"}
,{"stream_name":"stdout","time":100.894715055,"data":"[clean-s0] Processed 256/5000 images\n"}
,{"stream_name":"stdout","time":106.232207413,"data":"[clean-s0] Processed 288/5000 images\n"}
,{"stream_name":"stdout","time":111.549391322,"data":"[clean-s0] Processed 320/5000 images\n"}
,{"stream_name":"stdout","time":116.871080133,"data":"[clean-s0] Processed 352/5000 images\n"}
,{"stream_name":"stdout","time":122.137320773,"data":"[clean-s0] Processed 384/5000 images\n"}
,{"stream_name":"stdout","time":127.465672772,"data":"[clean-s0] Processed 416/5000 images\n"}
,{"stream_name":"stdout","time":132.905085807,"data":"[clean-s0] Processed 448/5000 images\n"}
,{"stream_name":"stdout","time":138.176060826,"data":"[clean-s0] Processed 480/5000 images\n"}
,{"stream_name":"stdout","time":143.461716985,"data":"[clean-s0] Processed 512/5000 images\n"}
,{"stream_name":"stdout","time":149.06551767,"data":"[clean-s0] Processed 544/5000 images\n"}
,{"stream_name":"stdout","time":154.59929985,"data":"[clean-s0] Processed 576/5000 images\n"}
,{"stream_name":"stdout","time":160.005153348,"data":"[clean-s0] Processed 608/5000 images\n"}
,{"stream_name":"stdout","time":165.661317943,"data":"[clean-s0] Processed 640/5000 images\n"}
,{"stream_name":"stdout","time":171.055925649,"data":"[clean-s0] Processed 672/5000 images\n"}
,{"stream_name":"stdout","time":176.547451609,"data":"[clean-s0] Processed 704/5000 images\n"}
,{"stream_name":"stdout","time":181.962939882,"data":"[clean-s0] Processed 736/5000 images\n"}
,{"stream_name":"stdout","time":187.549800956,"data":"[clean-s0] Processed 768/5000 images\n"}
,{"stream_name":"stdout","time":193.037634038,"data":"[clean-s0] Processed 800/5000 images\n"}
,{"stream_name":"stdout","time":198.662556697,"data":"[clean-s0] Processed 832/5000 images\n"}
,{"stream_name":"stdout","time":204.257601089,"data":"[clean-s0] Processed 864/5000 images\n"}
,{"stream_name":"stdout","time":209.760896169,"data":"[clean-s0] Processed 896/5000 images\n"}
,{"stream_name":"stdout","time":215.248664829,"data":"[clean-s0] Processed 928/5000 images\n"}
,{"stream_name":"stdout","time":220.690912454,"data":"[clean-s0] Processed 960/5000 images\n"}
,{"stream_name":"stdout","time":226.17186333,"data":"[clean-s0] Processed 992/5000 images\n"}
,{"stream_name":"stdout","time":231.58544448,"data":"[clean-s0] Processed 1024/5000 images\n"}
,{"stream_name":"stdout","time":237.109393944,"data":"[clean-s0] Processed 1056/5000 images\n"}
,{"stream_name":"stdout","time":242.689756139,"data":"[clean-s0] Processed 1088/5000 images\n"}
,{"stream_name":"stdout","time":248.487204786,"data":"[clean-s0] Processed 1120/5000 images\n"}
,{"stream_name":"stdout","time":254.169223781,"data":"[clean-s0] Processed 1152/5000 images\n"}
,{"stream_name":"stdout","time":259.852051347,"data":"[clean-s0] Processed 1184/5000 images\n"}
,{"stream_name":"stdout","time":265.462918718,"data":"[clean-s0] Processed 1216/5000 images\n"}
,{"stream_name":"stdout","time":271.12491677,"data":"[clean-s0] Processed 1248/5000 images\n"}
,{"stream_name":"stdout","time":276.710501384,"data":"[clean-s0] Processed 1280/5000 images\n"}
,{"stream_name":"stdout","time":282.277745975,"data":"[clean-s0] Processed 1312/5000 images\n"}
,{"stream_name":"stdout","time":288.020869894,"data":"[clean-s0] Processed 1344/5000 images\n"}
,{"stream_name":"stdout","time":293.77591945,"data":"[clean-s0] Processed 1376/5000 images\n"}
,{"stream_name":"stdout","time":299.813063002,"data":"[clean-s0] Processed 1408/5000 images\n"}
,{"stream_name":"stdout","time":305.755399788,"data":"[clean-s0] Processed 1440/5000 images\n"}
,{"stream_name":"stdout","time":311.671175295,"data":"[clean-s0] Processed 1472/5000 images\n"}
,{"stream_name":"stdout","time":317.831230487,"data":"[clean-s0] Processed 1504/5000 images\n"}
,{"stream_name":"stdout","time":323.664057184,"data":"[clean-s0] Processed 1536/5000 images\n"}
,{"stream_name":"stdout","time":329.279956407,"data":"[clean-s0] Processed 1568/5000 images\n"}
,{"stream_name":"stdout","time":334.882291798,"data":"[clean-s0] Processed 1600/5000 images\n"}
,{"stream_name":"stdout","time":340.526375299,"data":"[clean-s0] Processed 1632/5000 images\n"}
,{"stream_name":"stdout","time":346.51680926,"data":"[clean-s0] Processed 1664/5000 images\n"}
,{"stream_name":"stdout","time":352.208011218,"data":"[clean-s0] Processed 1696/5000 images\n"}
,{"stream_name":"stdout","time":357.95440659,"data":"[clean-s0] Processed 1728/5000 images\n"}
,{"stream_name":"stdout","time":363.721270673,"data":"[clean-s0] Processed 1760/5000 images\n"}
,{"stream_name":"stdout","time":369.506328124,"data":"[clean-s0] Processed 1792/5000 images\n"}
,{"stream_name":"stdout","time":375.214555331,"data":"[clean-s0] Processed 1824/5000 images\n"}
,{"stream_name":"stdout","time":381.026387362,"data":"[clean-s0] Processed 1856/5000 images\n"}
,{"stream_name":"stdout","time":386.864443627,"data":"[clean-s0] Processed 1888/5000 images\n"}
,{"stream_name":"stdout","time":392.849147246,"data":"[clean-s0] Processed 1920/5000 images\n"}
,{"stream_name":"stdout","time":398.730161426,"data":"[clean-s0] Processed 1952/5000 images\n"}
,{"stream_name":"stdout","time":404.499357642,"data":"[clean-s0] Processed 1984/5000 images\n"}
,{"stream_name":"stdout","time":410.295250859,"data":"[clean-s0] Processed 2016/5000 images\n"}
,{"stream_name":"stdout","time":416.212762958,"data":"[clean-s0] Processed 2048/5000 images\n"}
,{"stream_name":"stdout","time":421.956869642,"data":"[clean-s0] Processed 2080/5000 images\n"}
,{"stream_name":"stdout","time":427.641108552,"data":"[clean-s0] Processed 2112/5000 images\n"}
,{"stream_name":"stdout","time":433.330440985,"data":"[clean-s0] Processed 2144/5000 images\n"}
,{"stream_name":"stdout","time":439.017441076,"data":"[clean-s0] Processed 2176/5000 images\n"}
,{"stream_name":"stdout","time":444.785085965,"data":"[clean-s0] Processed 2208/5000 images\n"}
,{"stream_name":"stdout","time":450.362369966,"data":"[clean-s0] Processed 2240/5000 images\n"}
,{"stream_name":"stdout","time":456.275125171,"data":"[clean-s0] Processed 2272/5000 images\n"}
,{"stream_name":"stdout","time":461.977926959,"data":"[clean-s0] Processed 2304/5000 images\n"}
,{"stream_name":"stdout","time":467.968658305,"data":"[clean-s0] Processed 2336/5000 images\n"}
,{"stream_name":"stdout","time":473.758039947,"data":"[clean-s0] Processed 2368/5000 images\n"}
,{"stream_name":"stdout","time":479.431470496,"data":"[clean-s0] Processed 2400/5000 images\n"}
,{"stream_name":"stdout","time":485.191897091,"data":"[clean-s0] Processed 2432/5000 images\n"}
,{"stream_name":"stdout","time":490.841363549,"data":"[clean-s0] Processed 2464/5000 images\n"}
,{"stream_name":"stdout","time":496.578809458,"data":"[clean-s0] Processed 2496/5000 images\n"}
,{"stream_name":"stdout","time":502.429860108,"data":"[clean-s0] Processed 2528/5000 images\n"}
,{"stream_name":"stdout","time":508.022563119,"data":"[clean-s0] Processed 2560/5000 images\n"}
,{"stream_name":"stdout","time":513.716903044,"data":"[clean-s0] Processed 2592/5000 images\n"}
,{"stream_name":"stdout","time":519.407998461,"data":"[clean-s0] Processed 2624/5000 images\n"}
,{"stream_name":"stdout","time":525.268217392,"data":"[clean-s0] Processed 2656/5000 images\n"}
,{"stream_name":"stdout","time":530.922610333,"data":"[clean-s0] Processed 2688/5000 images\n"}
,{"stream_name":"stdout","time":536.661039194,"data":"[clean-s0] Processed 2720/5000 images\n"}
,{"stream_name":"stdout","time":542.613392935,"data":"[clean-s0] Processed 2752/5000 images\n"}
,{"stream_name":"stdout","time":548.165880725,"data":"[clean-s0] Processed 2784/5000 images\n"}
,{"stream_name":"stdout","time":553.818127114,"data":"[clean-s0] Processed 2816/5000 images\n"}
,{"stream_name":"stdout","time":559.425711575,"data":"[clean-s0] Processed 2848/5000 images\n"}
,{"stream_name":"stdout","time":565.250370666,"data":"[clean-s0] Processed 2880/5000 images\n"}
,{"stream_name":"stdout","time":570.824038093,"data":"[clean-s0] Processed 2912/5000 images\n"}
,{"stream_name":"stdout","time":576.483448747,"data":"[clean-s0] Processed 2944/5000 images\n"}
,{"stream_name":"stdout","time":582.060623015,"data":"[clean-s0] Processed 2976/5000 images\n"}
,{"stream_name":"stdout","time":587.883057322,"data":"[clean-s0] Processed 3008/5000 images\n"}
,{"stream_name":"stdout","time":593.586282713,"data":"[clean-s0] Processed 3040/5000 images\n"}
,{"stream_name":"stdout","time":599.423591372,"data":"[clean-s0] Processed 3072/5000 images\n"}
,{"stream_name":"stdout","time":605.083037843,"data":"[clean-s0] Processed 3104/5000 images\n"}
,{"stream_name":"stdout","time":610.805862142,"data":"[clean-s0] Processed 3136/5000 images\n"}
,{"stream_name":"stdout","time":616.442778949,"data":"[clean-s0] Processed 3168/5000 images\n"}
,{"stream_name":"stdout","time":622.125696241,"data":"[clean-s0] Processed 3200/5000 images\n"}
,{"stream_name":"stdout","time":627.774163458,"data":"[clean-s0] Processed 3232/5000 images\n"}
,{"stream_name":"stdout","time":633.377164215,"data":"[clean-s0] Processed 3264/5000 images\n"}
,{"stream_name":"stdout","time":639.008780755,"data":"[clean-s0] Processed 3296/5000 images\n"}
,{"stream_name":"stdout","time":644.687948131,"data":"[clean-s0] Processed 3328/5000 images\n"}
,{"stream_name":"stdout","time":650.521499049,"data":"[clean-s0] Processed 3360/5000 images\n"}
,{"stream_name":"stdout","time":656.463536118,"data":"[clean-s0] Processed 3392/5000 images\n"}
,{"stream_name":"stdout","time":662.1711432,"data":"[clean-s0] Processed 3424/5000 images\n"}
,{"stream_name":"stdout","time":667.942573835,"data":"[clean-s0] Processed 3456/5000 images\n"}
,{"stream_name":"stdout","time":673.6718396,"data":"[clean-s0] Processed 3488/5000 images\n"}
,{"stream_name":"stdout","time":679.350786651,"data":"[clean-s0] Processed 3520/5000 images\n"}
,{"stream_name":"stdout","time":685.085680366,"data":"[clean-s0] Processed 3552/5000 images\n"}
,{"stream_name":"stdout","time":690.9007556,"data":"[clean-s0] Processed 3584/5000 images\n"}
,{"stream_name":"stdout","time":696.592420383,"data":"[clean-s0] Processed 3616/5000 images\n"}
,{"stream_name":"stdout","time":702.319607628,"data":"[clean-s0] Processed 3648/5000 images\n"}
,{"stream_name":"stdout","time":707.952445414,"data":"[clean-s0] Processed 3680/5000 images\n"}
,{"stream_name":"stdout","time":713.547338204,"data":"[clean-s0] Processed 3712/5000 images\n"}
,{"stream_name":"stdout","time":719.143911656,"data":"[clean-s0] Processed 3744/5000 images\n"}
,{"stream_name":"stdout","time":724.816097129,"data":"[clean-s0] Processed 3776/5000 images\n"}
,{"stream_name":"stdout","time":730.409032779,"data":"[clean-s0] Processed 3808/5000 images\n"}
,{"stream_name":"stdout","time":736.174775794,"data":"[clean-s0] Processed 3840/5000 images\n"}
,{"stream_name":"stdout","time":741.860370829,"data":"[clean-s0] Processed 3872/5000 images\n"}
,{"stream_name":"stdout","time":747.564126558,"data":"[clean-s0] Processed 3904/5000 images\n"}
,{"stream_name":"stdout","time":753.225019192,"data":"[clean-s0] Processed 3936/5000 images\n"}
,{"stream_name":"stdout","time":758.959458504,"data":"[clean-s0] Processed 3968/5000 images\n"}
,{"stream_name":"stdout","time":764.554379234,"data":"[clean-s0] Processed 4000/5000 images\n"}
,{"stream_name":"stdout","time":770.17329717,"data":"[clean-s0] Processed 4032/5000 images\n"}
,{"stream_name":"stdout","time":775.825141156,"data":"[clean-s0] Processed 4064/5000 images\n"}
,{"stream_name":"stdout","time":781.458652108,"data":"[clean-s0] Processed 4096/5000 images\n"}
,{"stream_name":"stdout","time":787.122965342,"data":"[clean-s0] Processed 4128/5000 images\n"}
,{"stream_name":"stdout","time":792.818294509,"data":"[clean-s0] Processed 4160/5000 images\n"}
,{"stream_name":"stdout","time":798.452062396,"data":"[clean-s0] Processed 4192/5000 images\n"}
,{"stream_name":"stdout","time":804.111595219,"data":"[clean-s0] Processed 4224/5000 images\n"}
,{"stream_name":"stdout","time":809.903089582,"data":"[clean-s0] Processed 4256/5000 images\n"}
,{"stream_name":"stdout","time":815.670912005,"data":"[clean-s0] Processed 4288/5000 images\n"}
,{"stream_name":"stdout","time":821.365067655,"data":"[clean-s0] Processed 4320/5000 images\n"}
,{"stream_name":"stdout","time":827.107451107,"data":"[clean-s0] Processed 4352/5000 images\n"}
,{"stream_name":"stdout","time":832.760956345,"data":"[clean-s0] Processed 4384/5000 images\n"}
,{"stream_name":"stdout","time":838.334564187,"data":"[clean-s0] Processed 4416/5000 images\n"}
,{"stream_name":"stdout","time":843.912228989,"data":"[clean-s0] Processed 4448/5000 images\n"}
,{"stream_name":"stdout","time":849.538714694,"data":"[clean-s0] Processed 4480/5000 images\n"}
,{"stream_name":"stdout","time":855.109211358,"data":"[clean-s0] Processed 4512/5000 images\n"}
,{"stream_name":"stdout","time":860.701222785,"data":"[clean-s0] Processed 4544/5000 images\n"}
,{"stream_name":"stdout","time":866.337332892,"data":"[clean-s0] Processed 4576/5000 images\n"}
,{"stream_name":"stdout","time":871.927286381,"data":"[clean-s0] Processed 4608/5000 images\n"}
,{"stream_name":"stdout","time":877.592864654,"data":"[clean-s0] Processed 4640/5000 images\n"}
,{"stream_name":"stdout","time":883.19804822,"data":"[clean-s0] Processed 4672/5000 images\n"}
,{"stream_name":"stdout","time":888.819208219,"data":"[clean-s0] Processed 4704/5000 images\n"}
,{"stream_name":"stdout","time":894.367876673,"data":"[clean-s0] Processed 4736/5000 images\n"}
,{"stream_name":"stdout","time":899.947441132,"data":"[clean-s0] Processed 4768/5000 images\n"}
,{"stream_name":"stdout","time":905.67100256,"data":"[clean-s0] Processed 4800/5000 images\n"}
,{"stream_name":"stdout","time":911.251527798,"data":"[clean-s0] Processed 4832/5000 images\n"}
,{"stream_name":"stdout","time":916.829952756,"data":"[clean-s0] Processed 4864/5000 images\n"}
,{"stream_name":"stdout","time":922.42529836,"data":"[clean-s0] Processed 4896/5000 images\n"}
,{"stream_name":"stdout","time":928.005806051,"data":"[clean-s0] Processed 4928/5000 images\n"}
,{"stream_name":"stdout","time":933.630768015,"data":"[clean-s0] Processed 4960/5000 images\n"}
,{"stream_name":"stdout","time":939.475424502,"data":"[clean-s0] Processed 4992/5000 images\n"}
,{"stream_name":"stdout","time":960.623252323,"data":"[clean-s0] Processed 5000/5000 images\n"}
,{"stream_name":"stdout","time":961.181258676,"data":"Saved stage shard /kaggle/working/shards/shard_resize_ablation_clean_0.parquet (140000 rows)\n"}
,{"stream_name":"stdout","time":961.493834038,"data":"\n"}
,{"stream_name":"stdout","time":961.494101526,"data":"--- Running Stage: gaussian_noise (severity=3) ---\n"}
,{"stream_name":"stdout","time":967.3686422,"data":"[gaussian_noise-s3] Processed 32/5000 images\n"}
,{"stream_name":"stdout","time":973.240755364,"data":"[gaussian_noise-s3] Processed 64/5000 images\n"}
,{"stream_name":"stdout","time":979.318671385,"data":"[gaussian_noise-s3] Processed 96/5000 images\n"}
,{"stream_name":"stdout","time":985.526226169,"data":"[gaussian_noise-s3] Processed 128/5000 images\n"}
,{"stream_name":"stdout","time":992.013045497,"data":"[gaussian_noise-s3] Processed 160/5000 images\n"}
,{"stream_name":"stdout","time":998.226900896,"data":"[gaussian_noise-s3] Processed 192/5000 images\n"}
,{"stream_name":"stdout","time":1004.26708966,"data":"[gaussian_noise-s3] Processed 224/5000 images\n"}
,{"stream_name":"stdout","time":1010.219858173,"data":"[gaussian_noise-s3] Processed 256/5000 images\n"}
,{"stream_name":"stdout","time":1016.135079872,"data":"[gaussian_noise-s3] Processed 288/5000 images\n"}
,{"stream_name":"stdout","time":1021.951501353,"data":"[gaussian_noise-s3] Processed 320/5000 images\n"}
,{"stream_name":"stdout","time":1027.760912117,"data":"[gaussian_noise-s3] Processed 352/5000 images\n"}
,{"stream_name":"stdout","time":1033.574869577,"data":"[gaussian_noise-s3] Processed 384/5000 images\n"}
,{"stream_name":"stdout","time":1039.458935385,"data":"[gaussian_noise-s3] Processed 416/5000 images\n"}
,{"stream_name":"stdout","time":1045.300911704,"data":"[gaussian_noise-s3] Processed 448/5000 images\n"}
,{"stream_name":"stdout","time":1051.151529093,"data":"[gaussian_noise-s3] Processed 480/5000 images\n"}
,{"stream_name":"stdout","time":1057.078636933,"data":"[gaussian_noise-s3] Processed 512/5000 images\n"}
,{"stream_name":"stdout","time":1062.996709681,"data":"[gaussian_noise-s3] Processed 544/5000 images\n"}
,{"stream_name":"stdout","time":1068.961211041,"data":"[gaussian_noise-s3] Processed 576/5000 images\n"}
,{"stream_name":"stdout","time":1074.991790927,"data":"[gaussian_noise-s3] Processed 608/5000 images\n"}
,{"stream_name":"stdout","time":1080.990681117,"data":"[gaussian_noise-s3] Processed 640/5000 images\n"}
,{"stream_name":"stdout","time":1086.935405346,"data":"[gaussian_noise-s3] Processed 672/5000 images\n"}
,{"stream_name":"stdout","time":1092.854059351,"data":"[gaussian_noise-s3] Processed 704/5000 images\n"}
,{"stream_name":"stdout","time":1098.755530996,"data":"[gaussian_noise-s3] Processed 736/5000 images\n"}
,{"stream_name":"stdout","time":1104.647391421,"data":"[gaussian_noise-s3] Processed 768/5000 images\n"}
,{"stream_name":"stdout","time":1110.515791738,"data":"[gaussian_noise-s3] Processed 800/5000 images\n"}
,{"stream_name":"stdout","time":1116.453637161,"data":"[gaussian_noise-s3] Processed 832/5000 images\n"}
,{"stream_name":"stdout","time":1122.318759901,"data":"[gaussian_noise-s3] Processed 864/5000 images\n"}
,{"stream_name":"stdout","time":1128.24835984,"data":"[gaussian_noise-s3] Processed 896/5000 images\n"}
,{"stream_name":"stdout","time":1134.114640863,"data":"[gaussian_noise-s3] Processed 928/5000 images\n"}
,{"stream_name":"stdout","time":1140.010248612,"data":"[gaussian_noise-s3] Processed 960/5000 images\n"}
,{"stream_name":"stdout","time":1145.882700033,"data":"[gaussian_noise-s3] Processed 992/5000 images\n"}
,{"stream_name":"stdout","time":1151.824982071,"data":"[gaussian_noise-s3] Processed 1024/5000 images\n"}
,{"stream_name":"stdout","time":1157.798529368,"data":"[gaussian_noise-s3] Processed 1056/5000 images\n"}
,{"stream_name":"stdout","time":1163.774660804,"data":"[gaussian_noise-s3] Processed 1088/5000 images\n"}
,{"stream_name":"stdout","time":1169.749228833,"data":"[gaussian_noise-s3] Processed 1120/5000 images\n"}
,{"stream_name":"stdout","time":1175.688887967,"data":"[gaussian_noise-s3] Processed 1152/5000 images\n"}
,{"stream_name":"stdout","time":1181.647510706,"data":"[gaussian_noise-s3] Processed 1184/5000 images\n"}
,{"stream_name":"stdout","time":1187.568790501,"data":"[gaussian_noise-s3] Processed 1216/5000 images\n"}
,{"stream_name":"stdout","time":1193.535904573,"data":"[gaussian_noise-s3] Processed 1248/5000 images\n"}
,{"stream_name":"stdout","time":1199.41658694,"data":"[gaussian_noise-s3] Processed 1280/5000 images\n"}
,{"stream_name":"stdout","time":1205.371062958,"data":"[gaussian_noise-s3] Processed 1312/5000 images\n"}
,{"stream_name":"stdout","time":1211.30067112,"data":"[gaussian_noise-s3] Processed 1344/5000 images\n"}
,{"stream_name":"stdout","time":1217.202678151,"data":"[gaussian_noise-s3] Processed 1376/5000 images\n"}
,{"stream_name":"stdout","time":1223.235407764,"data":"[gaussian_noise-s3] Processed 1408/5000 images\n"}
,{"stream_name":"stdout","time":1229.186638242,"data":"[gaussian_noise-s3] Processed 1440/5000 images\n"}
,{"stream_name":"stdout","time":1235.066837481,"data":"[gaussian_noise-s3] Processed 1472/5000 images\n"}
,{"stream_name":"stdout","time":1241.065957474,"data":"[gaussian_noise-s3] Processed 1504/5000 images\n"}
,{"stream_name":"stdout","time":1247.034850256,"data":"[gaussian_noise-s3] Processed 1536/5000 images\n"}
,{"stream_name":"stdout","time":1252.900051312,"data":"[gaussian_noise-s3] Processed 1568/5000 images\n"}
,{"stream_name":"stdout","time":1258.820940196,"data":"[gaussian_noise-s3] Processed 1600/5000 images\n"}
,{"stream_name":"stdout","time":1264.717899953,"data":"[gaussian_noise-s3] Processed 1632/5000 images\n"}
,{"stream_name":"stdout","time":1270.655575862,"data":"[gaussian_noise-s3] Processed 1664/5000 images\n"}
,{"stream_name":"stdout","time":1276.597195948,"data":"[gaussian_noise-s3] Processed 1696/5000 images\n"}
,{"stream_name":"stdout","time":1282.577410363,"data":"[gaussian_noise-s3] Processed 1728/5000 images\n"}
,{"stream_name":"stdout","time":1288.495036512,"data":"[gaussian_noise-s3] Processed 1760/5000 images\n"}
,{"stream_name":"stdout","time":1294.42066957,"data":"[gaussian_noise-s3] Processed 1792/5000 images\n"}
,{"stream_name":"stdout","time":1300.314468678,"data":"[gaussian_noise-s3] Processed 1824/5000 images\n"}
,{"stream_name":"stdout","time":1306.28626148,"data":"[gaussian_noise-s3] Processed 1856/5000 images\n"}
,{"stream_name":"stdout","time":1312.176861826,"data":"[gaussian_noise-s3] Processed 1888/5000 images\n"}
,{"stream_name":"stdout","time":1318.300496309,"data":"[gaussian_noise-s3] Processed 1920/5000 images\n"}
,{"stream_name":"stdout","time":1324.255045529,"data":"[gaussian_noise-s3] Processed 1952/5000 images\n"}
,{"stream_name":"stdout","time":1330.191121303,"data":"[gaussian_noise-s3] Processed 1984/5000 images\n"}
,{"stream_name":"stdout","time":1336.11077635,"data":"[gaussian_noise-s3] Processed 2016/5000 images\n"}
,{"stream_name":"stdout","time":1342.033929625,"data":"[gaussian_noise-s3] Processed 2048/5000 images\n"}
,{"stream_name":"stdout","time":1347.991092877,"data":"[gaussian_noise-s3] Processed 2080/5000 images\n"}
,{"stream_name":"stdout","time":1353.912747184,"data":"[gaussian_noise-s3] Processed 2112/5000 images\n"}
,{"stream_name":"stdout","time":1359.861128494,"data":"[gaussian_noise-s3] Processed 2144/5000 images\n"}
,{"stream_name":"stdout","time":1365.834007651,"data":"[gaussian_noise-s3] Processed 2176/5000 images\n"}
,{"stream_name":"stdout","time":1371.739650163,"data":"[gaussian_noise-s3] Processed 2208/5000 images\n"}
,{"stream_name":"stdout","time":1377.653708109,"data":"[gaussian_noise-s3] Processed 2240/5000 images\n"}
,{"stream_name":"stdout","time":1383.778349675,"data":"[gaussian_noise-s3] Processed 2272/5000 images\n"}
,{"stream_name":"stdout","time":1389.752756488,"data":"[gaussian_noise-s3] Processed 2304/5000 images\n"}
,{"stream_name":"stdout","time":1395.770550098,"data":"[gaussian_noise-s3] Processed 2336/5000 images\n"}
,{"stream_name":"stdout","time":1401.746044484,"data":"[gaussian_noise-s3] Processed 2368/5000 images\n"}
,{"stream_name":"stdout","time":1407.750397713,"data":"[gaussian_noise-s3] Processed 2400/5000 images\n"}
,{"stream_name":"stdout","time":1413.719721587,"data":"[gaussian_noise-s3] Processed 2432/5000 images\n"}
,{"stream_name":"stdout","time":1419.670334686,"data":"[gaussian_noise-s3] Processed 2464/5000 images\n"}
,{"stream_name":"stdout","time":1425.625106628,"data":"[gaussian_noise-s3] Processed 2496/5000 images\n"}
,{"stream_name":"stdout","time":1431.584695742,"data":"[gaussian_noise-s3] Processed 2528/5000 images\n"}
,{"stream_name":"stdout","time":1437.518047032,"data":"[gaussian_noise-s3] Processed 2560/5000 images\n"}
,{"stream_name":"stdout","time":1443.460040496,"data":"[gaussian_noise-s3] Processed 2592/5000 images\n"}
,{"stream_name":"stdout","time":1449.384285411,"data":"[gaussian_noise-s3] Processed 2624/5000 images\n"}
,{"stream_name":"stdout","time":1455.372716868,"data":"[gaussian_noise-s3] Processed 2656/5000 images\n"}
,{"stream_name":"stdout","time":1461.34049012,"data":"[gaussian_noise-s3] Processed 2688/5000 images\n"}
,{"stream_name":"stdout","time":1467.294548993,"data":"[gaussian_noise-s3] Processed 2720/5000 images\n"}
,{"stream_name":"stdout","time":1473.301103374,"data":"[gaussian_noise-s3] Processed 2752/5000 images\n"}
,{"stream_name":"stdout","time":1479.204234593,"data":"[gaussian_noise-s3] Processed 2784/5000 images\n"}
,{"stream_name":"stdout","time":1485.212518299,"data":"[gaussian_noise-s3] Processed 2816/5000 images\n"}
,{"stream_name":"stdout","time":1491.150172502,"data":"[gaussian_noise-s3] Processed 2848/5000 images\n"}
,{"stream_name":"stdout","time":1497.12248749,"data":"[gaussian_noise-s3] Processed 2880/5000 images\n"}
,{"stream_name":"stdout","time":1503.025144915,"data":"[gaussian_noise-s3] Processed 2912/5000 images\n"}
,{"stream_name":"stdout","time":1508.989805252,"data":"[gaussian_noise-s3] Processed 2944/5000 images\n"}
,{"stream_name":"stdout","time":1515.011487361,"data":"[gaussian_noise-s3] Processed 2976/5000 images\n"}
,{"stream_name":"stdout","time":1521.031444653,"data":"[gaussian_noise-s3] Processed 3008/5000 images\n"}
,{"stream_name":"stdout","time":1527.006268578,"data":"[gaussian_noise-s3] Processed 3040/5000 images\n"}
,{"stream_name":"stdout","time":1532.930858666,"data":"[gaussian_noise-s3] Processed 3072/5000 images\n"}
,{"stream_name":"stdout","time":1538.861679612,"data":"[gaussian_noise-s3] Processed 3104/5000 images\n"}
,{"stream_name":"stdout","time":1544.831372322,"data":"[gaussian_noise-s3] Processed 3136/5000 images\n"}
,{"stream_name":"stdout","time":1550.73728579,"data":"[gaussian_noise-s3] Processed 3168/5000 images\n"}
,{"stream_name":"stdout","time":1556.70631811,"data":"[gaussian_noise-s3] Processed 3200/5000 images\n"}
,{"stream_name":"stdout","time":1562.687695823,"data":"[gaussian_noise-s3] Processed 3232/5000 images\n"}
,{"stream_name":"stdout","time":1568.577498268,"data":"[gaussian_noise-s3] Processed 3264/5000 images\n"}
,{"stream_name":"stdout","time":1574.474876645,"data":"[gaussian_noise-s3] Processed 3296/5000 images\n"}
,{"stream_name":"stdout","time":1580.455462907,"data":"[gaussian_noise-s3] Processed 3328/5000 images\n"}
,{"stream_name":"stdout","time":1586.421686881,"data":"[gaussian_noise-s3] Processed 3360/5000 images\n"}
,{"stream_name":"stdout","time":1592.315677279,"data":"[gaussian_noise-s3] Processed 3392/5000 images\n"}
,{"stream_name":"stdout","time":1598.257541171,"data":"[gaussian_noise-s3] Processed 3424/5000 images\n"}
,{"stream_name":"stdout","time":1604.365596042,"data":"[gaussian_noise-s3] Processed 3456/5000 images\n"}
,{"stream_name":"stdout","time":1610.451118132,"data":"[gaussian_noise-s3] Processed 3488/5000 images\n"}
,{"stream_name":"stdout","time":1616.497415384,"data":"[gaussian_noise-s3] Processed 3520/5000 images\n"}
,{"stream_name":"stdout","time":1622.431133788,"data":"[gaussian_noise-s3] Processed 3552/5000 images\n"}
,{"stream_name":"stdout","time":1628.40841002,"data":"[gaussian_noise-s3] Processed 3584/5000 images\n"}
,{"stream_name":"stdout","time":1634.36616693,"data":"[gaussian_noise-s3] Processed 3616/5000 images\n"}
,{"stream_name":"stdout","time":1640.289363728,"data":"[gaussian_noise-s3] Processed 3648/5000 images\n"}
,{"stream_name":"stdout","time":1646.2896674,"data":"[gaussian_noise-s3] Processed 3680/5000 images\n"}
,{"stream_name":"stdout","time":1652.179448978,"data":"[gaussian_noise-s3] Processed 3712/5000 images\n"}
,{"stream_name":"stdout","time":1658.089053463,"data":"[gaussian_noise-s3] Processed 3744/5000 images\n"}
,{"stream_name":"stdout","time":1664.061490033,"data":"[gaussian_noise-s3] Processed 3776/5000 images\n"}
,{"stream_name":"stdout","time":1670.058658762,"data":"[gaussian_noise-s3] Processed 3808/5000 images\n"}
,{"stream_name":"stdout","time":1676.004636519,"data":"[gaussian_noise-s3] Processed 3840/5000 images\n"}
,{"stream_name":"stdout","time":1681.958344878,"data":"[gaussian_noise-s3] Processed 3872/5000 images\n"}
,{"stream_name":"stdout","time":1687.905870664,"data":"[gaussian_noise-s3] Processed 3904/5000 images\n"}
,{"stream_name":"stdout","time":1693.835347219,"data":"[gaussian_noise-s3] Processed 3936/5000 images\n"}
,{"stream_name":"stdout","time":1699.751897112,"data":"[gaussian_noise-s3] Processed 3968/5000 images\n"}
,{"stream_name":"stdout","time":1705.668563116,"data":"[gaussian_noise-s3] Processed 4000/5000 images\n"}
,{"stream_name":"stdout","time":1711.577593073,"data":"[gaussian_noise-s3] Processed 4032/5000 images\n"}
,{"stream_name":"stdout","time":1717.566212201,"data":"[gaussian_noise-s3] Processed 4064/5000 images\n"}
,{"stream_name":"stdout","time":1723.467434021,"data":"[gaussian_noise-s3] Processed 4096/5000 images\n"}
,{"stream_name":"stdout","time":1729.382267538,"data":"[gaussian_noise-s3] Processed 4128/5000 images\n"}
,{"stream_name":"stdout","time":1735.280455092,"data":"[gaussian_noise-s3] Processed 4160/5000 images\n"}
,{"stream_name":"stdout","time":1741.193568966,"data":"[gaussian_noise-s3] Processed 4192/5000 images\n"}
,{"stream_name":"stdout","time":1747.172471274,"data":"[gaussian_noise-s3] Processed 4224/5000 images\n"}
,{"stream_name":"stdout","time":1753.123106215,"data":"[gaussian_noise-s3] Processed 4256/5000 images\n"}
,{"stream_name":"stdout","time":1759.035867235,"data":"[gaussian_noise-s3] Processed 4288/5000 images\n"}
,{"stream_name":"stdout","time":1764.945257245,"data":"[gaussian_noise-s3] Processed 4320/5000 images\n"}
,{"stream_name":"stdout","time":1770.981997026,"data":"[gaussian_noise-s3] Processed 4352/5000 images\n"}
,{"stream_name":"stdout","time":1777.024648828,"data":"[gaussian_noise-s3] Processed 4384/5000 images\n"}
,{"stream_name":"stdout","time":1782.923008251,"data":"[gaussian_noise-s3] Processed 4416/5000 images\n"}
,{"stream_name":"stdout","time":1788.8694835,"data":"[gaussian_noise-s3] Processed 4448/5000 images\n"}
,{"stream_name":"stdout","time":1794.822447595,"data":"[gaussian_noise-s3] Processed 4480/5000 images\n"}
,{"stream_name":"stdout","time":1800.770371878,"data":"[gaussian_noise-s3] Processed 4512/5000 images\n"}
,{"stream_name":"stdout","time":1806.742873671,"data":"[gaussian_noise-s3] Processed 4544/5000 images\n"}
,{"stream_name":"stdout","time":1812.694992433,"data":"[gaussian_noise-s3] Processed 4576/5000 images\n"}
,{"stream_name":"stdout","time":1818.685738545,"data":"[gaussian_noise-s3] Processed 4608/5000 images\n"}
,{"stream_name":"stdout","time":1824.64059295,"data":"[gaussian_noise-s3] Processed 4640/5000 images\n"}
,{"stream_name":"stdout","time":1830.56477995,"data":"[gaussian_noise-s3] Processed 4672/5000 images\n"}
,{"stream_name":"stdout","time":1836.673127378,"data":"[gaussian_noise-s3] Processed 4704/5000 images\n"}
,{"stream_name":"stdout","time":1842.687757044,"data":"[gaussian_noise-s3] Processed 4736/5000 images\n"}
,{"stream_name":"stdout","time":1848.628640118,"data":"[gaussian_noise-s3] Processed 4768/5000 images\n"}
,{"stream_name":"stdout","time":1854.706487912,"data":"[gaussian_noise-s3] Processed 4800/5000 images\n"}
,{"stream_name":"stdout","time":1860.630531021,"data":"[gaussian_noise-s3] Processed 4832/5000 images\n"}
,{"stream_name":"stdout","time":1866.601757353,"data":"[gaussian_noise-s3] Processed 4864/5000 images\n"}
,{"stream_name":"stdout","time":1872.584005886,"data":"[gaussian_noise-s3] Processed 4896/5000 images\n"}
,{"stream_name":"stdout","time":1878.533373044,"data":"[gaussian_noise-s3] Processed 4928/5000 images\n"}
,{"stream_name":"stdout","time":1884.527881438,"data":"[gaussian_noise-s3] Processed 4960/5000 images\n"}
,{"stream_name":"stdout","time":1890.506887355,"data":"[gaussian_noise-s3] Processed 4992/5000 images\n"}
,{"stream_name":"stdout","time":1892.226554006,"data":"[gaussian_noise-s3] Processed 5000/5000 images\n"}
,{"stream_name":"stdout","time":1892.567555341,"data":"Saved stage shard /kaggle/working/shards/shard_resize_ablation_gaussian_noise_3.parquet (140000 rows)\n"}
,{"stream_name":"stdout","time":1892.839803473,"data":"\n"}
,{"stream_name":"stdout","time":1892.839841017,"data":"--- Running Stage: gaussian_noise (severity=5) ---\n"}
,{"stream_name":"stdout","time":1898.806570854,"data":"[gaussian_noise-s5] Processed 32/5000 images\n"}
,{"stream_name":"stdout","time":1904.684767585,"data":"[gaussian_noise-s5] Processed 64/5000 images\n"}
,{"stream_name":"stdout","time":1910.649641534,"data":"[gaussian_noise-s5] Processed 96/5000 images\n"}
,{"stream_name":"stdout","time":1916.641418885,"data":"[gaussian_noise-s5] Processed 128/5000 images\n"}
,{"stream_name":"stdout","time":1922.742186898,"data":"[gaussian_noise-s5] Processed 160/5000 images\n"}
,{"stream_name":"stdout","time":1928.713529108,"data":"[gaussian_noise-s5] Processed 192/5000 images\n"}
,{"stream_name":"stdout","time":1934.655017183,"data":"[gaussian_noise-s5] Processed 224/5000 images\n"}
,{"stream_name":"stdout","time":1940.668585142,"data":"[gaussian_noise-s5] Processed 256/5000 images\n"}
,{"stream_name":"stdout","time":1946.664047082,"data":"[gaussian_noise-s5] Processed 288/5000 images\n"}
,{"stream_name":"stdout","time":1952.591055528,"data":"[gaussian_noise-s5] Processed 320/5000 images\n"}
,{"stream_name":"stdout","time":1958.530507418,"data":"[gaussian_noise-s5] Processed 352/5000 images\n"}
,{"stream_name":"stdout","time":1964.444171599,"data":"[gaussian_noise-s5] Processed 384/5000 images\n"}
,{"stream_name":"stdout","time":1970.477444641,"data":"[gaussian_noise-s5] Processed 416/5000 images\n"}
,{"stream_name":"stdout","time":1976.506639816,"data":"[gaussian_noise-s5] Processed 448/5000 images\n"}
,{"stream_name":"stdout","time":1982.428262574,"data":"[gaussian_noise-s5] Processed 480/5000 images\n"}
,{"stream_name":"stdout","time":1988.336879544,"data":"[gaussian_noise-s5] Processed 512/5000 images\n"}
,{"stream_name":"stdout","time":1994.278756464,"data":"[gaussian_noise-s5] Processed 544/5000 images\n"}
,{"stream_name":"stdout","time":2000.206684204,"data":"[gaussian_noise-s5] Processed 576/5000 images\n"}
,{"stream_name":"stdout","time":2006.215816918,"data":"[gaussian_noise-s5] Processed 608/5000 images\n"}
,{"stream_name":"stdout","time":2012.15154766,"data":"[gaussian_noise-s5] Processed 640/5000 images\n"}
,{"stream_name":"stdout","time":2018.067548228,"data":"[gaussian_noise-s5] Processed 672/5000 images\n"}
,{"stream_name":"stdout","time":2024.020498777,"data":"[gaussian_noise-s5] Processed 704/5000 images\n"}
,{"stream_name":"stdout","time":2029.902624599,"data":"[gaussian_noise-s5] Processed 736/5000 images\n"}
,{"stream_name":"stdout","time":2035.820843576,"data":"[gaussian_noise-s5] Processed 768/5000 images\n"}
,{"stream_name":"stdout","time":2041.722445789,"data":"[gaussian_noise-s5] Processed 800/5000 images\n"}
,{"stream_name":"stdout","time":2047.583439886,"data":"[gaussian_noise-s5] Processed 832/5000 images\n"}
,{"stream_name":"stdout","time":2053.47825485,"data":"[gaussian_noise-s5] Processed 864/5000 images\n"}
,{"stream_name":"stdout","time":2059.426902755,"data":"[gaussian_noise-s5] Processed 896/5000 images\n"}
,{"stream_name":"stdout","time":2065.385503115,"data":"[gaussian_noise-s5] Processed 928/5000 images\n"}
,{"stream_name":"stdout","time":2071.336095782,"data":"[gaussian_noise-s5] Processed 960/5000 images\n"}
,{"stream_name":"stdout","time":2077.259280961,"data":"[gaussian_noise-s5] Processed 992/5000 images\n"}
,{"stream_name":"stdout","time":2083.252045115,"data":"[gaussian_noise-s5] Processed 1024/5000 images\n"}
,{"stream_name":"stdout","time":2089.221782608,"data":"[gaussian_noise-s5] Processed 1056/5000 images\n"}
,{"stream_name":"stdout","time":2095.178177353,"data":"[gaussian_noise-s5] Processed 1088/5000 images\n"}
,{"stream_name":"stdout","time":2101.124870321,"data":"[gaussian_noise-s5] Processed 1120/5000 images\n"}
,{"stream_name":"stdout","time":2107.068439911,"data":"[gaussian_noise-s5] Processed 1152/5000 images\n"}
,{"stream_name":"stdout","time":2113.016704218,"data":"[gaussian_noise-s5] Processed 1184/5000 images\n"}
,{"stream_name":"stdout","time":2118.906248678,"data":"[gaussian_noise-s5] Processed 1216/5000 images\n"}
,{"stream_name":"stdout","time":2124.832072981,"data":"[gaussian_noise-s5] Processed 1248/5000 images\n"}
,{"stream_name":"stdout","time":2130.711085167,"data":"[gaussian_noise-s5] Processed 1280/5000 images\n"}
,{"stream_name":"stdout","time":2136.669184447,"data":"[gaussian_noise-s5] Processed 1312/5000 images\n"}
,{"stream_name":"stdout","time":2142.601566624,"data":"[gaussian_noise-s5] Processed 1344/5000 images\n"}
,{"stream_name":"stdout","time":2148.522430675,"data":"[gaussian_noise-s5] Processed 1376/5000 images\n"}
,{"stream_name":"stdout","time":2154.587996439,"data":"[gaussian_noise-s5] Processed 1408/5000 images\n"}
,{"stream_name":"stdout","time":2160.532567971,"data":"[gaussian_noise-s5] Processed 1440/5000 images\n"}
,{"stream_name":"stdout","time":2166.471654108,"data":"[gaussian_noise-s5] Processed 1472/5000 images\n"}
,{"stream_name":"stdout","time":2172.563327002,"data":"[gaussian_noise-s5] Processed 1504/5000 images\n"}
,{"stream_name":"stdout","time":2178.473798766,"data":"[gaussian_noise-s5] Processed 1536/5000 images\n"}
,{"stream_name":"stdout","time":2184.411385389,"data":"[gaussian_noise-s5] Processed 1568/5000 images\n"}
,{"stream_name":"stdout","time":2190.308997374,"data":"[gaussian_noise-s5] Processed 1600/5000 images\n"}
,{"stream_name":"stdout","time":2196.236578902,"data":"[gaussian_noise-s5] Processed 1632/5000 images\n"}
,{"stream_name":"stdout","time":2202.221925989,"data":"[gaussian_noise-s5] Processed 1664/5000 images\n"}
,{"stream_name":"stdout","time":2208.144535943,"data":"[gaussian_noise-s5] Processed 1696/5000 images\n"}
,{"stream_name":"stdout","time":2214.056371945,"data":"[gaussian_noise-s5] Processed 1728/5000 images\n"}
,{"stream_name":"stdout","time":2220.003686362,"data":"[gaussian_noise-s5] Processed 1760/5000 images\n"}
,{"stream_name":"stdout","time":2225.944716679,"data":"[gaussian_noise-s5] Processed 1792/5000 images\n"}
,{"stream_name":"stdout","time":2231.824437407,"data":"[gaussian_noise-s5] Processed 1824/5000 images\n"}
,{"stream_name":"stdout","time":2237.740513995,"data":"[gaussian_noise-s5] Processed 1856/5000 images\n"}
,{"stream_name":"stdout","time":2243.683052633,"data":"[gaussian_noise-s5] Processed 1888/5000 images\n"}
,{"stream_name":"stdout","time":2249.839848344,"data":"[gaussian_noise-s5] Processed 1920/5000 images\n"}
,{"stream_name":"stdout","time":2255.843411507,"data":"[gaussian_noise-s5] Processed 1952/5000 images\n"}
,{"stream_name":"stdout","time":2261.757186017,"data":"[gaussian_noise-s5] Processed 1984/5000 images\n"}
,{"stream_name":"stdout","time":2267.689532291,"data":"[gaussian_noise-s5] Processed 2016/5000 images\n"}
,{"stream_name":"stdout","time":2273.614722233,"data":"[gaussian_noise-s5] Processed 2048/5000 images\n"}
,{"stream_name":"stdout","time":2279.52801766,"data":"[gaussian_noise-s5] Processed 2080/5000 images\n"}
,{"stream_name":"stdout","time":2285.423999585,"data":"[gaussian_noise-s5] Processed 2112/5000 images\n"}
,{"stream_name":"stdout","time":2291.322918164,"data":"[gaussian_noise-s5] Processed 2144/5000 images\n"}
,{"stream_name":"stdout","time":2297.285635052,"data":"[gaussian_noise-s5] Processed 2176/5000 images\n"}
,{"stream_name":"stdout","time":2303.170120498,"data":"[gaussian_noise-s5] Processed 2208/5000 images\n"}
,{"stream_name":"stdout","time":2309.072095506,"data":"[gaussian_noise-s5] Processed 2240/5000 images\n"}
,{"stream_name":"stdout","time":2315.18106662,"data":"[gaussian_noise-s5] Processed 2272/5000 images\n"}
,{"stream_name":"stdout","time":2321.11434489,"data":"[gaussian_noise-s5] Processed 2304/5000 images\n"}
,{"stream_name":"stdout","time":2327.073374949,"data":"[gaussian_noise-s5] Processed 2336/5000 images\n"}
,{"stream_name":"stdout","time":2332.978925618,"data":"[gaussian_noise-s5] Processed 2368/5000 images\n"}
,{"stream_name":"stdout","time":2338.883469646,"data":"[gaussian_noise-s5] Processed 2400/5000 images\n"}
,{"stream_name":"stdout","time":2344.883456473,"data":"[gaussian_noise-s5] Processed 2432/5000 images\n"}
,{"stream_name":"stdout","time":2350.847501575,"data":"[gaussian_noise-s5] Processed 2464/5000 images\n"}
,{"stream_name":"stdout","time":2356.841629746,"data":"[gaussian_noise-s5] Processed 2496/5000 images\n"}
,{"stream_name":"stdout","time":2362.773031428,"data":"[gaussian_noise-s5] Processed 2528/5000 images\n"}
,{"stream_name":"stdout","time":2368.691550458,"data":"[gaussian_noise-s5] Processed 2560/5000 images\n"}
,{"stream_name":"stdout","time":2374.626127448,"data":"[gaussian_noise-s5] Processed 2592/5000 images\n"}
,{"stream_name":"stdout","time":2380.548116834,"data":"[gaussian_noise-s5] Processed 2624/5000 images\n"}
,{"stream_name":"stdout","time":2386.527881485,"data":"[gaussian_noise-s5] Processed 2656/5000 images\n"}
,{"stream_name":"stdout","time":2392.426757774,"data":"[gaussian_noise-s5] Processed 2688/5000 images\n"}
,{"stream_name":"stdout","time":2398.350883919,"data":"[gaussian_noise-s5] Processed 2720/5000 images\n"}
,{"stream_name":"stdout","time":2404.309638888,"data":"[gaussian_noise-s5] Processed 2752/5000 images\n"}
,{"stream_name":"stdout","time":2410.233769224,"data":"[gaussian_noise-s5] Processed 2784/5000 images\n"}
,{"stream_name":"stdout","time":2416.218727122,"data":"[gaussian_noise-s5] Processed 2816/5000 images\n"}
,{"stream_name":"stdout","time":2422.110173018,"data":"[gaussian_noise-s5] Processed 2848/5000 images\n"}
,{"stream_name":"stdout","time":2428.077706962,"data":"[gaussian_noise-s5] Processed 2880/5000 images\n"}
,{"stream_name":"stdout","time":2433.994226956,"data":"[gaussian_noise-s5] Processed 2912/5000 images\n"}
,{"stream_name":"stdout","time":2439.944153254,"data":"[gaussian_noise-s5] Processed 2944/5000 images\n"}
,{"stream_name":"stdout","time":2445.856405633,"data":"[gaussian_noise-s5] Processed 2976/5000 images\n"}
,{"stream_name":"stdout","time":2451.814012724,"data":"[gaussian_noise-s5] Processed 3008/5000 images\n"}
,{"stream_name":"stdout","time":2457.790724147,"data":"[gaussian_noise-s5] Processed 3040/5000 images\n"}
,{"stream_name":"stdout","time":2463.721281649,"data":"[gaussian_noise-s5] Processed 3072/5000 images\n"}
,{"stream_name":"stdout","time":2469.695252141,"data":"[gaussian_noise-s5] Processed 3104/5000 images\n"}
,{"stream_name":"stdout","time":2475.603286202,"data":"[gaussian_noise-s5] Processed 3136/5000 images\n"}
,{"stream_name":"stdout","time":2481.593069103,"data":"[gaussian_noise-s5] Processed 3168/5000 images\n"}
,{"stream_name":"stdout","time":2487.507555413,"data":"[gaussian_noise-s5] Processed 3200/5000 images\n"}
,{"stream_name":"stdout","time":2493.462309826,"data":"[gaussian_noise-s5] Processed 3232/5000 images\n"}
,{"stream_name":"stdout","time":2499.371527794,"data":"[gaussian_noise-s5] Processed 3264/5000 images\n"}
,{"stream_name":"stdout","time":2505.272534106,"data":"[gaussian_noise-s5] Processed 3296/5000 images\n"}
,{"stream_name":"stdout","time":2511.192038659,"data":"[gaussian_noise-s5] Processed 3328/5000 images\n"}
,{"stream_name":"stdout","time":2517.180380557,"data":"[gaussian_noise-s5] Processed 3360/5000 images\n"}
,{"stream_name":"stdout","time":2523.151288515,"data":"[gaussian_noise-s5] Processed 3392/5000 images\n"}
,{"stream_name":"stdout","time":2529.05505205,"data":"[gaussian_noise-s5] Processed 3424/5000 images\n"}
,{"stream_name":"stdout","time":2535.00289355,"data":"[gaussian_noise-s5] Processed 3456/5000 images\n"}
,{"stream_name":"stdout","time":2540.996429547,"data":"[gaussian_noise-s5] Processed 3488/5000 images\n"}
,{"stream_name":"stdout","time":2546.9155763,"data":"[gaussian_noise-s5] Processed 3520/5000 images\n"}
,{"stream_name":"stdout","time":2552.845005246,"data":"[gaussian_noise-s5] Processed 3552/5000 images\n"}
,{"stream_name":"stdout","time":2558.769734485,"data":"[gaussian_noise-s5] Processed 3584/5000 images\n"}
,{"stream_name":"stdout","time":2564.697720999,"data":"[gaussian_noise-s5] Processed 3616/5000 images\n"}
,{"stream_name":"stdout","time":2570.669985084,"data":"[gaussian_noise-s5] Processed 3648/5000 images\n"}
,{"stream_name":"stdout","time":2576.583400009,"data":"[gaussian_noise-s5] Processed 3680/5000 images\n"}
,{"stream_name":"stdout","time":2582.511479159,"data":"[gaussian_noise-s5] Processed 3712/5000 images\n"}
,{"stream_name":"stdout","time":2588.377061187,"data":"[gaussian_noise-s5] Processed 3744/5000 images\n"}
,{"stream_name":"stdout","time":2594.251249927,"data":"[gaussian_noise-s5] Processed 3776/5000 images\n"}
,{"stream_name":"stdout","time":2600.145447917,"data":"[gaussian_noise-s5] Processed 3808/5000 images\n"}
,{"stream_name":"stdout","time":2606.076555335,"data":"[gaussian_noise-s5] Processed 3840/5000 images\n"}
,{"stream_name":"stdout","time":2612.019899172,"data":"[gaussian_noise-s5] Processed 3872/5000 images\n"}
,{"stream_name":"stdout","time":2617.94234333,"data":"[gaussian_noise-s5] Processed 3904/5000 images\n"}
,{"stream_name":"stdout","time":2623.852963124,"data":"[gaussian_noise-s5] Processed 3936/5000 images\n"}
,{"stream_name":"stdout","time":2629.746341563,"data":"[gaussian_noise-s5] Processed 3968/5000 images\n"}
,{"stream_name":"stdout","time":2635.628272614,"data":"[gaussian_noise-s5] Processed 4000/5000 images\n"}
,{"stream_name":"stdout","time":2641.519623141,"data":"[gaussian_noise-s5] Processed 4032/5000 images\n"}
,{"stream_name":"stdout","time":2647.40730951,"data":"[gaussian_noise-s5] Processed 4064/5000 images\n"}
,{"stream_name":"stdout","time":2653.273558991,"data":"[gaussian_noise-s5] Processed 4096/5000 images\n"}
,{"stream_name":"stdout","time":2659.125359614,"data":"[gaussian_noise-s5] Processed 4128/5000 images\n"}
,{"stream_name":"stdout","time":2664.94782647,"data":"[gaussian_noise-s5] Processed 4160/5000 images\n"}
,{"stream_name":"stdout","time":2670.810291034,"data":"[gaussian_noise-s5] Processed 4192/5000 images\n"}
,{"stream_name":"stdout","time":2676.777404854,"data":"[gaussian_noise-s5] Processed 4224/5000 images\n"}
,{"stream_name":"stdout","time":2682.677582648,"data":"[gaussian_noise-s5] Processed 4256/5000 images\n"}
,{"stream_name":"stdout","time":2688.515413818,"data":"[gaussian_noise-s5] Processed 4288/5000 images\n"}
,{"stream_name":"stdout","time":2694.374191453,"data":"[gaussian_noise-s5] Processed 4320/5000 images\n"}
,{"stream_name":"stdout","time":2700.384173067,"data":"[gaussian_noise-s5] Processed 4352/5000 images\n"}
,{"stream_name":"stdout","time":2706.300718804,"data":"[gaussian_noise-s5] Processed 4384/5000 images\n"}
,{"stream_name":"stdout","time":2712.183001486,"data":"[gaussian_noise-s5] Processed 4416/5000 images\n"}
,{"stream_name":"stdout","time":2718.154286455,"data":"[gaussian_noise-s5] Processed 4448/5000 images\n"}
,{"stream_name":"stdout","time":2724.035552944,"data":"[gaussian_noise-s5] Processed 4480/5000 images\n"}
,{"stream_name":"stdout","time":2729.88676268,"data":"[gaussian_noise-s5] Processed 4512/5000 images\n"}
,{"stream_name":"stdout","time":2735.799067789,"data":"[gaussian_noise-s5] Processed 4544/5000 images\n"}
,{"stream_name":"stdout","time":2741.755127566,"data":"[gaussian_noise-s5] Processed 4576/5000 images\n"}
,{"stream_name":"stdout","time":2747.614599988,"data":"[gaussian_noise-s5] Processed 4608/5000 images\n"}
,{"stream_name":"stdout","time":2753.471035995,"data":"[gaussian_noise-s5] Processed 4640/5000 images\n"}
,{"stream_name":"stdout","time":2759.34084528,"data":"[gaussian_noise-s5] Processed 4672/5000 images\n"}
,{"stream_name":"stdout","time":2765.174144766,"data":"[gaussian_noise-s5] Processed 4704/5000 images\n"}
,{"stream_name":"stdout","time":2771.073278011,"data":"[gaussian_noise-s5] Processed 4736/5000 images\n"}
,{"stream_name":"stdout","time":2777.025140064,"data":"[gaussian_noise-s5] Processed 4768/5000 images\n"}
,{"stream_name":"stdout","time":2782.853219074,"data":"[gaussian_noise-s5] Processed 4800/5000 images\n"}
,{"stream_name":"stdout","time":2788.682718918,"data":"[gaussian_noise-s5] Processed 4832/5000 images\n"}
,{"stream_name":"stdout","time":2794.552191452,"data":"[gaussian_noise-s5] Processed 4864/5000 images\n"}
,{"stream_name":"stdout","time":2800.455166425,"data":"[gaussian_noise-s5] Processed 4896/5000 images\n"}
,{"stream_name":"stdout","time":2806.341770152,"data":"[gaussian_noise-s5] Processed 4928/5000 images\n"}
,{"stream_name":"stdout","time":2812.259400807,"data":"[gaussian_noise-s5] Processed 4960/5000 images\n"}
,{"stream_name":"stdout","time":2818.212787861,"data":"[gaussian_noise-s5] Processed 4992/5000 images\n"}
,{"stream_name":"stdout","time":2819.92333919,"data":"[gaussian_noise-s5] Processed 5000/5000 images\n"}
,{"stream_name":"stdout","time":2820.244799633,"data":"Saved stage shard /kaggle/working/shards/shard_resize_ablation_gaussian_noise_5.parquet (140000 rows)\n"}
,{"stream_name":"stdout","time":2820.517673682,"data":"\n"}
,{"stream_name":"stdout","time":2820.517708102,"data":"=== Consolidating All Shards into Final Dataset ===\n"}
,{"stream_name":"stdout","time":2820.980750737,"data":"Final dataset saved to /kaggle/working/shard_resize_ablation.parquet (420000 rows)\n"}
,{"stream_name":"stdout","time":2821.017278502,"data":"Wrote run metadata to /kaggle/working/run_meta.json\n"}
,{"stream_name":"stdout","time":2821.027424431,"data":"K10-Resize-Ablation finished in 2791.3s\n"}
,{"stream_name":"stderr","time":2828.691479184,"data":"/usr/local/lib/python3.13/dist-packages/mistune.py:435: SyntaxWarning: invalid escape sequence '\\|'\n"}
,{"stream_name":"stderr","time":2828.69151044,"data":"  cells[i][c] = re.sub('\\\\\\\\\\|', '|', cell)\n"}
,{"stream_name":"stderr","time":2829.00256475,"data":"/usr/local/lib/python3.13/dist-packages/nbconvert/filters/filter_links.py:36: SyntaxWarning: invalid escape sequence '\\_'\n"}
,{"stream_name":"stderr","time":2829.002594561,"data":"  text = re.sub(r'_', '\\_', text) # Escape underscores in display text\n"}
,{"stream_name":"stderr","time":2829.900018508,"data":"[NbConvertApp] Converting notebook __script__.ipynb to html\n"}
,{"stream_name":"stderr","time":2831.063529937,"data":"[NbConvertApp] Writing 336185 bytes to __results__.html\n"}
]