[{"stream_name":"stdout","time":11.161050044,"data":"   ━━━━━━━━━━━━━━━━━━━━━━━━━━━━━━━━━━━━━━━━ 2.1/2.1 MB 17.1 MB/s eta 0:00:00\n"}
,{"stream_name":"stdout","time":13.359322035,"data":"Added knobs to sys.path from: /kaggle/input/datasets/anshulsingh45/knobs-code/src\n"}
,{"stream_name":"stderr","time":23.827252968,"data":"/usr/local/lib/python3.13/dist-packages/imagecorruptions/corruptions.py:17: UserWarning: pkg_resources is deprecated as an API. See https://setuptools.pypa.io/en/latest/pkg_resources.html. The pkg_resources package is slated for removal as early as 2025-11-30. Refrain from using this package or pin to Setuptools\u003c81.\n"}
,{"stream_name":"stderr","time":23.827299494000002,"data":"  from pkg_resources import resource_filename\n"}
,{"stream_name":"stdout","time":24.059825624,"data":"=== Launching K12-ToMe-Matched Kernel ===\n"}
,{"stream_name":"stdout","time":24.821719605,"data":"Selected 5000 class-balanced PILOT images\n"}
,{"stream_name":"stdout","time":24.831262769,"data":"Building model instances and patching ToMe...\n"}
,{"stream_name":"stderr","time":32.832333893,"data":"Warning: You are sending unauthenticated requests to the HF Hub. Please set a HF_TOKEN to enable higher rate limits and faster downloads.\n"}
,{"stream_name":"stdout","time":36.688608477,"data":"Profiling GFLOPs and throughput per config...\n"}
,{"stream_name":"stderr","time":37.452446242,"data":"/kaggle/src/script.py:102: FutureWarning: `torch.cuda.amp.autocast(args...)` is deprecated. Please use `torch.amp.autocast('cuda', args...)` instead.\n"}
,{"stream_name":"stderr","time":37.452496345,"data":"  with torch.cuda.amp.autocast():\n"}
,{"stream_name":"stdout","time":39.663201458,"data":"  [res_448_base] Res=448, r=0: GFLOPs=156.99, Throughput=103.4 img/s\n"}
,{"stream_name":"stdout","time":41.759559443,"data":"  [tome_r32_448] Res=448, r=32: GFLOPs=115.02, Throughput=118.6 img/s\n"}
,{"stream_name":"stdout","time":43.271540288,"data":"  [res_384_base] Res=384, r=0: GFLOPs=110.97, Throughput=141.1 img/s\n"}
,{"stream_name":"stdout","time":44.606019364,"data":"  [tome_r64_448] Res=448, r=64: GFLOPs=76.26, Throughput=169.2 img/s\n"}
,{"stream_name":"stdout","time":45.648054943,"data":"  [res_320_base] Res=320, r=0: GFLOPs=74.52, Throughput=206.1 img/s\n"}
,{"stream_name":"stdout","time":46.155397375,"data":"  [res_224_base] Res=224, r=0: GFLOPs=35.13, Throughput=438.4 img/s\n"}
,{"stream_name":"stdout","time":46.155506141,"data":"\n"}
,{"stream_name":"stdout","time":46.155526487,"data":"--- Running Stage: clean (severity=0) ---\n"}
,{"stream_name":"stdout","time":48.973377999,"data":"[clean-s0] Processed 32/5000 images\n"}
,{"stream_name":"stdout","time":51.736677435,"data":"[clean-s0] Processed 64/5000 images\n"}
,{"stream_name":"stdout","time":54.508513542,"data":"[clean-s0] Processed 96/5000 images\n"}
,{"stream_name":"stdout","time":57.276066322,"data":"[clean-s0] Processed 128/5000 images\n"}
,{"stream_name":"stdout","time":60.144077153,"data":"[clean-s0] Processed 160/5000 images\n"}
,{"stream_name":"stdout","time":62.798741082,"data":"[clean-s0] Processed 192/5000 images\n"}
,{"stream_name":"stdout","time":65.670202919,"data":"[clean-s0] Processed 224/5000 images\n"}
,{"stream_name":"stdout","time":68.550477929,"data":"[clean-s0] Processed 256/5000 images\n"}
,{"stream_name":"stdout","time":72.031242775,"data":"[clean-s0] Processed 288/5000 images\n"}
,{"stream_name":"stdout","time":74.984442512,"data":"[clean-s0] Processed 320/5000 images\n"}
,{"stream_name":"stdout","time":77.948306778,"data":"[clean-s0] Processed 352/5000 images\n"}
,{"stream_name":"stdout","time":80.932481149,"data":"[clean-s0] Processed 384/5000 images\n"}
,{"stream_name":"stdout","time":83.925088208,"data":"[clean-s0] Processed 416/5000 images\n"}
,{"stream_name":"stdout","time":86.866133779,"data":"[clean-s0] Processed 448/5000 images\n"}
,{"stream_name":"stdout","time":89.780272802,"data":"[clean-s0] Processed 480/5000 images\n"}
,{"stream_name":"stdout","time":92.861303428,"data":"[clean-s0] Processed 512/5000 images\n"}
,{"stream_name":"stdout","time":95.858649642,"data":"[clean-s0] Processed 544/5000 images\n"}
,{"stream_name":"stdout","time":99.048019295,"data":"[clean-s0] Processed 576/5000 images\n"}
,{"stream_name":"stdout","time":102.062929521,"data":"[clean-s0] Processed 608/5000 images\n"}
,{"stream_name":"stdout","time":105.03789035,"data":"[clean-s0] Processed 640/5000 images\n"}
,{"stream_name":"stdout","time":108.23633799,"data":"[clean-s0] Processed 672/5000 images\n"}
,{"stream_name":"stdout","time":111.48151625,"data":"[clean-s0] Processed 704/5000 images\n"}
,{"stream_name":"stdout","time":114.493123337,"data":"[clean-s0] Processed 736/5000 images\n"}
,{"stream_name":"stdout","time":117.620780663,"data":"[clean-s0] Processed 768/5000 images\n"}
,{"stream_name":"stdout","time":120.576686843,"data":"[clean-s0] Processed 800/5000 images\n"}
,{"stream_name":"stdout","time":123.613809184,"data":"[clean-s0] Processed 832/5000 images\n"}
,{"stream_name":"stdout","time":126.592456752,"data":"[clean-s0] Processed 864/5000 images\n"}
,{"stream_name":"stdout","time":129.595961038,"data":"[clean-s0] Processed 896/5000 images\n"}
,{"stream_name":"stdout","time":132.655391993,"data":"[clean-s0] Processed 928/5000 images\n"}
,{"stream_name":"stdout","time":135.644609745,"data":"[clean-s0] Processed 960/5000 images\n"}
,{"stream_name":"stdout","time":138.8081353,"data":"[clean-s0] Processed 992/5000 images\n"}
,{"stream_name":"stdout","time":142.033285389,"data":"[clean-s0] Processed 1024/5000 images\n"}
,{"stream_name":"stdout","time":145.146754005,"data":"[clean-s0] Processed 1056/5000 images\n"}
,{"stream_name":"stdout","time":148.285560383,"data":"[clean-s0] Processed 1088/5000 images\n"}
,{"stream_name":"stdout","time":151.295679623,"data":"[clean-s0] Processed 1120/5000 images\n"}
,{"stream_name":"stdout","time":154.343249866,"data":"[clean-s0] Processed 1152/5000 images\n"}
,{"stream_name":"stdout","time":157.304731037,"data":"[clean-s0] Processed 1184/5000 images\n"}
,{"stream_name":"stdout","time":160.258321708,"data":"[clean-s0] Processed 1216/5000 images\n"}
,{"stream_name":"stdout","time":163.257933218,"data":"[clean-s0] Processed 1248/5000 images\n"}
,{"stream_name":"stdout","time":166.264817553,"data":"[clean-s0] Processed 1280/5000 images\n"}
,{"stream_name":"stdout","time":169.28661054,"data":"[clean-s0] Processed 1312/5000 images\n"}
,{"stream_name":"stdout","time":172.313538059,"data":"[clean-s0] Processed 1344/5000 images\n"}
,{"stream_name":"stdout","time":175.346037438,"data":"[clean-s0] Processed 1376/5000 images\n"}
,{"stream_name":"stdout","time":178.431802904,"data":"[clean-s0] Processed 1408/5000 images\n"}
,{"stream_name":"stdout","time":181.577555635,"data":"[clean-s0] Processed 1440/5000 images\n"}
,{"stream_name":"stdout","time":184.481347305,"data":"[clean-s0] Processed 1472/5000 images\n"}
,{"stream_name":"stdout","time":187.506895454,"data":"[clean-s0] Processed 1504/5000 images\n"}
,{"stream_name":"stdout","time":190.485246197,"data":"[clean-s0] Processed 1536/5000 images\n"}
,{"stream_name":"stdout","time":193.443197462,"data":"[clean-s0] Processed 1568/5000 images\n"}
,{"stream_name":"stdout","time":196.309380633,"data":"[clean-s0] Processed 1600/5000 images\n"}
,{"stream_name":"stdout","time":199.190435868,"data":"[clean-s0] Processed 1632/5000 images\n"}
,{"stream_name":"stdout","time":202.109543762,"data":"[clean-s0] Processed 1664/5000 images\n"}
,{"stream_name":"stdout","time":205.041935551,"data":"[clean-s0] Processed 1696/5000 images\n"}
,{"stream_name":"stdout","time":208.006904127,"data":"[clean-s0] Processed 1728/5000 images\n"}
,{"stream_name":"stdout","time":211.027853931,"data":"[clean-s0] Processed 1760/5000 images\n"}
,{"stream_name":"stdout","time":213.984999488,"data":"[clean-s0] Processed 1792/5000 images\n"}
,{"stream_name":"stdout","time":216.905940051,"data":"[clean-s0] Processed 1824/5000 images\n"}
,{"stream_name":"stdout","time":219.897521446,"data":"[clean-s0] Processed 1856/5000 images\n"}
,{"stream_name":"stdout","time":222.83956646,"data":"[clean-s0] Processed 1888/5000 images\n"}
,{"stream_name":"stdout","time":226.109893385,"data":"[clean-s0] Processed 1920/5000 images\n"}
,{"stream_name":"stdout","time":229.176295172,"data":"[clean-s0] Processed 1952/5000 images\n"}
,{"stream_name":"stdout","time":232.234137564,"data":"[clean-s0] Processed 1984/5000 images\n"}
,{"stream_name":"stdout","time":235.2886054,"data":"[clean-s0] Processed 2016/5000 images\n"}
,{"stream_name":"stdout","time":238.435214774,"data":"[clean-s0] Processed 2048/5000 images\n"}
,{"stream_name":"stdout","time":241.457020925,"data":"[clean-s0] Processed 2080/5000 images\n"}
,{"stream_name":"stdout","time":244.561689456,"data":"[clean-s0] Processed 2112/5000 images\n"}
,{"stream_name":"stdout","time":247.63871472,"data":"[clean-s0] Processed 2144/5000 images\n"}
,{"stream_name":"stdout","time":250.689923651,"data":"[clean-s0] Processed 2176/5000 images\n"}
,{"stream_name":"stdout","time":253.757491969,"data":"[clean-s0] Processed 2208/5000 images\n"}
,{"stream_name":"stdout","time":256.774127656,"data":"[clean-s0] Processed 2240/5000 images\n"}
,{"stream_name":"stdout","time":260.075137567,"data":"[clean-s0] Processed 2272/5000 images\n"}
,{"stream_name":"stdout","time":263.227133743,"data":"[clean-s0] Processed 2304/5000 images\n"}
,{"stream_name":"stdout","time":266.225712518,"data":"[clean-s0] Processed 2336/5000 images\n"}
,{"stream_name":"stdout","time":269.205742854,"data":"[clean-s0] Processed 2368/5000 images\n"}
,{"stream_name":"stdout","time":272.167704519,"data":"[clean-s0] Processed 2400/5000 images\n"}
,{"stream_name":"stdout","time":275.211340982,"data":"[clean-s0] Processed 2432/5000 images\n"}
,{"stream_name":"stdout","time":278.190488415,"data":"[clean-s0] Processed 2464/5000 images\n"}
,{"stream_name":"stdout","time":281.288427568,"data":"[clean-s0] Processed 2496/5000 images\n"}
,{"stream_name":"stdout","time":284.317354314,"data":"[clean-s0] Processed 2528/5000 images\n"}
,{"stream_name":"stdout","time":287.34258362,"data":"[clean-s0] Processed 2560/5000 images\n"}
,{"stream_name":"stdout","time":290.330346591,"data":"[clean-s0] Processed 2592/5000 images\n"}
,{"stream_name":"stdout","time":293.359433232,"data":"[clean-s0] Processed 2624/5000 images\n"}
,{"stream_name":"stdout","time":296.519001743,"data":"[clean-s0] Processed 2656/5000 images\n"}
,{"stream_name":"stdout","time":299.603038078,"data":"[clean-s0] Processed 2688/5000 images\n"}
,{"stream_name":"stdout","time":302.774629258,"data":"[clean-s0] Processed 2720/5000 images\n"}
,{"stream_name":"stdout","time":305.92398074,"data":"[clean-s0] Processed 2752/5000 images\n"}
,{"stream_name":"stdout","time":308.867507846,"data":"[clean-s0] Processed 2784/5000 images\n"}
,{"stream_name":"stdout","time":312.015659917,"data":"[clean-s0] Processed 2816/5000 images\n"}
,{"stream_name":"stdout","time":314.99793815,"data":"[clean-s0] Processed 2848/5000 images\n"}
,{"stream_name":"stdout","time":318.011146882,"data":"[clean-s0] Processed 2880/5000 images\n"}
,{"stream_name":"stdout","time":320.950373679,"data":"[clean-s0] Processed 2912/5000 images\n"}
,{"stream_name":"stdout","time":323.984770293,"data":"[clean-s0] Processed 2944/5000 images\n"}
,{"stream_name":"stdout","time":326.991404672,"data":"[clean-s0] Processed 2976/5000 images\n"}
,{"stream_name":"stdout","time":330.077768059,"data":"[clean-s0] Processed 3008/5000 images\n"}
,{"stream_name":"stdout","time":333.157966853,"data":"[clean-s0] Processed 3040/5000 images\n"}
,{"stream_name":"stdout","time":336.201210808,"data":"[clean-s0] Processed 3072/5000 images\n"}
,{"stream_name":"stdout","time":339.221661244,"data":"[clean-s0] Processed 3104/5000 images\n"}
,{"stream_name":"stdout","time":342.199671432,"data":"[clean-s0] Processed 3136/5000 images\n"}
,{"stream_name":"stdout","time":345.158981971,"data":"[clean-s0] Processed 3168/5000 images\n"}
,{"stream_name":"stdout","time":348.083728614,"data":"[clean-s0] Processed 3200/5000 images\n"}
,{"stream_name":"stdout","time":351.105491789,"data":"[clean-s0] Processed 3232/5000 images\n"}
,{"stream_name":"stdout","time":354.284495661,"data":"[clean-s0] Processed 3264/5000 images\n"}
,{"stream_name":"stdout","time":357.468255053,"data":"[clean-s0] Processed 3296/5000 images\n"}
,{"stream_name":"stdout","time":360.53796605,"data":"[clean-s0] Processed 3328/5000 images\n"}
,{"stream_name":"stdout","time":364.065801282,"data":"[clean-s0] Processed 3360/5000 images\n"}
,{"stream_name":"stdout","time":367.549863502,"data":"[clean-s0] Processed 3392/5000 images\n"}
,{"stream_name":"stdout","time":371.001233591,"data":"[clean-s0] Processed 3424/5000 images\n"}
,{"stream_name":"stdout","time":374.404934988,"data":"[clean-s0] Processed 3456/5000 images\n"}
,{"stream_name":"stdout","time":377.668222944,"data":"[clean-s0] Processed 3488/5000 images\n"}
,{"stream_name":"stdout","time":380.944846158,"data":"[clean-s0] Processed 3520/5000 images\n"}
,{"stream_name":"stdout","time":384.337637428,"data":"[clean-s0] Processed 3552/5000 images\n"}
,{"stream_name":"stdout","time":387.589311816,"data":"[clean-s0] Processed 3584/5000 images\n"}
,{"stream_name":"stdout","time":390.906567384,"data":"[clean-s0] Processed 3616/5000 images\n"}
,{"stream_name":"stdout","time":394.380075723,"data":"[clean-s0] Processed 3648/5000 images\n"}
,{"stream_name":"stdout","time":397.649701017,"data":"[clean-s0] Processed 3680/5000 images\n"}
,{"stream_name":"stdout","time":401.196039546,"data":"[clean-s0] Processed 3712/5000 images\n"}
,{"stream_name":"stdout","time":404.717077691,"data":"[clean-s0] Processed 3744/5000 images\n"}
,{"stream_name":"stdout","time":407.98397017,"data":"[clean-s0] Processed 3776/5000 images\n"}
,{"stream_name":"stdout","time":411.241119559,"data":"[clean-s0] Processed 3808/5000 images\n"}
,{"stream_name":"stdout","time":414.408379682,"data":"[clean-s0] Processed 3840/5000 images\n"}
,{"stream_name":"stdout","time":417.601095644,"data":"[clean-s0] Processed 3872/5000 images\n"}
,{"stream_name":"stdout","time":420.82783703,"data":"[clean-s0] Processed 3904/5000 images\n"}
,{"stream_name":"stdout","time":423.854331244,"data":"[clean-s0] Processed 3936/5000 images\n"}
,{"stream_name":"stdout","time":427.019935206,"data":"[clean-s0] Processed 3968/5000 images\n"}
,{"stream_name":"stdout","time":430.057586352,"data":"[clean-s0] Processed 4000/5000 images\n"}
,{"stream_name":"stdout","time":433.104670035,"data":"[clean-s0] Processed 4032/5000 images\n"}
,{"stream_name":"stdout","time":436.20152976,"data":"[clean-s0] Processed 4064/5000 images\n"}
,{"stream_name":"stdout","time":439.260190553,"data":"[clean-s0] Processed 4096/5000 images\n"}
,{"stream_name":"stdout","time":442.401639802,"data":"[clean-s0] Processed 4128/5000 images\n"}
,{"stream_name":"stdout","time":445.346573229,"data":"[clean-s0] Processed 4160/5000 images\n"}
,{"stream_name":"stdout","time":448.522510641,"data":"[clean-s0] Processed 4192/5000 images\n"}
,{"stream_name":"stdout","time":451.593395275,"data":"[clean-s0] Processed 4224/5000 images\n"}
,{"stream_name":"stdout","time":454.699099975,"data":"[clean-s0] Processed 4256/5000 images\n"}
,{"stream_name":"stdout","time":457.742445574,"data":"[clean-s0] Processed 4288/5000 images\n"}
,{"stream_name":"stdout","time":460.925023138,"data":"[clean-s0] Processed 4320/5000 images\n"}
,{"stream_name":"stdout","time":464.092123546,"data":"[clean-s0] Processed 4352/5000 images\n"}
,{"stream_name":"stdout","time":467.218868028,"data":"[clean-s0] Processed 4384/5000 images\n"}
,{"stream_name":"stdout","time":470.260997828,"data":"[clean-s0] Processed 4416/5000 images\n"}
,{"stream_name":"stdout","time":473.427526702,"data":"[clean-s0] Processed 4448/5000 images\n"}
,{"stream_name":"stdout","time":476.424985709,"data":"[clean-s0] Processed 4480/5000 images\n"}
,{"stream_name":"stdout","time":479.449620854,"data":"[clean-s0] Processed 4512/5000 images\n"}
,{"stream_name":"stdout","time":482.640513214,"data":"[clean-s0] Processed 4544/5000 images\n"}
,{"stream_name":"stdout","time":485.652987868,"data":"[clean-s0] Processed 4576/5000 images\n"}
,{"stream_name":"stdout","time":488.659951177,"data":"[clean-s0] Processed 4608/5000 images\n"}
,{"stream_name":"stdout","time":491.563749537,"data":"[clean-s0] Processed 4640/5000 images\n"}
,{"stream_name":"stdout","time":494.506090238,"data":"[clean-s0] Processed 4672/5000 images\n"}
,{"stream_name":"stdout","time":497.552988834,"data":"[clean-s0] Processed 4704/5000 images\n"}
,{"stream_name":"stdout","time":500.546679673,"data":"[clean-s0] Processed 4736/5000 images\n"}
,{"stream_name":"stdout","time":503.564375481,"data":"[clean-s0] Processed 4768/5000 images\n"}
,{"stream_name":"stdout","time":506.531001767,"data":"[clean-s0] Processed 4800/5000 images\n"}
,{"stream_name":"stdout","time":509.483679721,"data":"[clean-s0] Processed 4832/5000 images\n"}
,{"stream_name":"stdout","time":512.382862867,"data":"[clean-s0] Processed 4864/5000 images\n"}
,{"stream_name":"stdout","time":515.309749265,"data":"[clean-s0] Processed 4896/5000 images\n"}
,{"stream_name":"stdout","time":518.226115255,"data":"[clean-s0] Processed 4928/5000 images\n"}
,{"stream_name":"stdout","time":521.223100729,"data":"[clean-s0] Processed 4960/5000 images\n"}
,{"stream_name":"stdout","time":524.311691546,"data":"[clean-s0] Processed 4992/5000 images\n"}
,{"stream_name":"stdout","time":525.257215506,"data":"[clean-s0] Processed 5000/5000 images\n"}
,{"stream_name":"stdout","time":525.455356206,"data":"Saved stage shard /kaggle/working/shards/shard_tome_matched_clean_0.parquet (30000 rows)\n"}
,{"stream_name":"stdout","time":525.72845057,"data":"\n"}
,{"stream_name":"stdout","time":525.728486624,"data":"--- Running Stage: gaussian_noise (severity=3) ---\n"}
,{"stream_name":"stdout","time":528.782007807,"data":"[gaussian_noise-s3] Processed 32/5000 images\n"}
,{"stream_name":"stdout","time":531.8060218,"data":"[gaussian_noise-s3] Processed 64/5000 images\n"}
,{"stream_name":"stdout","time":534.779445874,"data":"[gaussian_noise-s3] Processed 96/5000 images\n"}
,{"stream_name":"stdout","time":537.80012592,"data":"[gaussian_noise-s3] Processed 128/5000 images\n"}
,{"stream_name":"stdout","time":540.943991984,"data":"[gaussian_noise-s3] Processed 160/5000 images\n"}
,{"stream_name":"stdout","time":543.981834354,"data":"[gaussian_noise-s3] Processed 192/5000 images\n"}
,{"stream_name":"stdout","time":546.964599334,"data":"[gaussian_noise-s3] Processed 224/5000 images\n"}
,{"stream_name":"stdout","time":549.950267815,"data":"[gaussian_noise-s3] Processed 256/5000 images\n"}
,{"stream_name":"stdout","time":552.99840751,"data":"[gaussian_noise-s3] Processed 288/5000 images\n"}
,{"stream_name":"stdout","time":556.008327744,"data":"[gaussian_noise-s3] Processed 320/5000 images\n"}
,{"stream_name":"stdout","time":559.054581464,"data":"[gaussian_noise-s3] Processed 352/5000 images\n"}
,{"stream_name":"stdout","time":562.073603601,"data":"[gaussian_noise-s3] Processed 384/5000 images\n"}
,{"stream_name":"stdout","time":565.106993651,"data":"[gaussian_noise-s3] Processed 416/5000 images\n"}
,{"stream_name":"stdout","time":568.106336485,"data":"[gaussian_noise-s3] Processed 448/5000 images\n"}
,{"stream_name":"stdout","time":571.073169245,"data":"[gaussian_noise-s3] Processed 480/5000 images\n"}
,{"stream_name":"stdout","time":574.092573281,"data":"[gaussian_noise-s3] Processed 512/5000 images\n"}
,{"stream_name":"stdout","time":577.09648418,"data":"[gaussian_noise-s3] Processed 544/5000 images\n"}
,{"stream_name":"stdout","time":580.083414928,"data":"[gaussian_noise-s3] Processed 576/5000 images\n"}
,{"stream_name":"stdout","time":583.126727688,"data":"[gaussian_noise-s3] Processed 608/5000 images\n"}
,{"stream_name":"stdout","time":586.111171315,"data":"[gaussian_noise-s3] Processed 640/5000 images\n"}
,{"stream_name":"stdout","time":589.144294514,"data":"[gaussian_noise-s3] Processed 672/5000 images\n"}
,{"stream_name":"stdout","time":592.157863334,"data":"[gaussian_noise-s3] Processed 704/5000 images\n"}
,{"stream_name":"stdout","time":595.142122715,"data":"[gaussian_noise-s3] Processed 736/5000 images\n"}
,{"stream_name":"stdout","time":598.148074107,"data":"[gaussian_noise-s3] Processed 768/5000 images\n"}
,{"stream_name":"stdout","time":601.162446135,"data":"[gaussian_noise-s3] Processed 800/5000 images\n"}
,{"stream_name":"stdout","time":604.217562665,"data":"[gaussian_noise-s3] Processed 832/5000 images\n"}
,{"stream_name":"stdout","time":607.255281336,"data":"[gaussian_noise-s3] Processed 864/5000 images\n"}
,{"stream_name":"stdout","time":610.337978986,"data":"[gaussian_noise-s3] Processed 896/5000 images\n"}
,{"stream_name":"stdout","time":613.400363122,"data":"[gaussian_noise-s3] Processed 928/5000 images\n"}
,{"stream_name":"stdout","time":616.447953143,"data":"[gaussian_noise-s3] Processed 960/5000 images\n"}
,{"stream_name":"stdout","time":619.413149737,"data":"[gaussian_noise-s3] Processed 992/5000 images\n"}
,{"stream_name":"stdout","time":622.403977389,"data":"[gaussian_noise-s3] Processed 1024/5000 images\n"}
,{"stream_name":"stdout","time":625.412243232,"data":"[gaussian_noise-s3] Processed 1056/5000 images\n"}
,{"stream_name":"stdout","time":628.435597417,"data":"[gaussian_noise-s3] Processed 1088/5000 images\n"}
,{"stream_name":"stdout","time":631.459222541,"data":"[gaussian_noise-s3] Processed 1120/5000 images\n"}
,{"stream_name":"stdout","time":634.493687111,"data":"[gaussian_noise-s3] Processed 1152/5000 images\n"}
,{"stream_name":"stdout","time":637.562882103,"data":"[gaussian_noise-s3] Processed 1184/5000 images\n"}
,{"stream_name":"stdout","time":640.583990371,"data":"[gaussian_noise-s3] Processed 1216/5000 images\n"}
,{"stream_name":"stdout","time":643.626393461,"data":"[gaussian_noise-s3] Processed 1248/5000 images\n"}
,{"stream_name":"stdout","time":646.629956943,"data":"[gaussian_noise-s3] Processed 1280/5000 images\n"}
,{"stream_name":"stdout","time":649.666981112,"data":"[gaussian_noise-s3] Processed 1312/5000 images\n"}
,{"stream_name":"stdout","time":652.705928449,"data":"[gaussian_noise-s3] Processed 1344/5000 images\n"}
,{"stream_name":"stdout","time":655.733764964,"data":"[gaussian_noise-s3] Processed 1376/5000 images\n"}
,{"stream_name":"stdout","time":658.88355369,"data":"[gaussian_noise-s3] Processed 1408/5000 images\n"}
,{"stream_name":"stdout","time":661.920738168,"data":"[gaussian_noise-s3] Processed 1440/5000 images\n"}
,{"stream_name":"stdout","time":664.972123514,"data":"[gaussian_noise-s3] Processed 1472/5000 images\n"}
,{"stream_name":"stdout","time":668.134695914,"data":"[gaussian_noise-s3] Processed 1504/5000 images\n"}
,{"stream_name":"stdout","time":671.215591138,"data":"[gaussian_noise-s3] Processed 1536/5000 images\n"}
,{"stream_name":"stdout","time":674.26532163,"data":"[gaussian_noise-s3] Processed 1568/5000 images\n"}
,{"stream_name":"stdout","time":677.312992756,"data":"[gaussian_noise-s3] Processed 1600/5000 images\n"}
,{"stream_name":"stdout","time":680.367398079,"data":"[gaussian_noise-s3] Processed 1632/5000 images\n"}
,{"stream_name":"stdout","time":683.473758839,"data":"[gaussian_noise-s3] Processed 1664/5000 images\n"}
,{"stream_name":"stdout","time":686.438675687,"data":"[gaussian_noise-s3] Processed 1696/5000 images\n"}
,{"stream_name":"stdout","time":689.439448809,"data":"[gaussian_noise-s3] Processed 1728/5000 images\n"}
,{"stream_name":"stdout","time":692.445503536,"data":"[gaussian_noise-s3] Processed 1760/5000 images\n"}
,{"stream_name":"stdout","time":695.425254896,"data":"[gaussian_noise-s3] Processed 1792/5000 images\n"}
,{"stream_name":"stdout","time":698.409484403,"data":"[gaussian_noise-s3] Processed 1824/5000 images\n"}
,{"stream_name":"stdout","time":701.401974031,"data":"[gaussian_noise-s3] Processed 1856/5000 images\n"}
,{"stream_name":"stdout","time":704.3779763,"data":"[gaussian_noise-s3] Processed 1888/5000 images\n"}
,{"stream_name":"stdout","time":707.582288504,"data":"[gaussian_noise-s3] Processed 1920/5000 images\n"}
,{"stream_name":"stdout","time":710.618464677,"data":"[gaussian_noise-s3] Processed 1952/5000 images\n"}
,{"stream_name":"stdout","time":713.656197336,"data":"[gaussian_noise-s3] Processed 1984/5000 images\n"}
,{"stream_name":"stdout","time":716.613609613,"data":"[gaussian_noise-s3] Processed 2016/5000 images\n"}
,{"stream_name":"stdout","time":719.565763429,"data":"[gaussian_noise-s3] Processed 2048/5000 images\n"}
,{"stream_name":"stdout","time":722.530008049,"data":"[gaussian_noise-s3] Processed 2080/5000 images\n"}
,{"stream_name":"stdout","time":725.512719177,"data":"[gaussian_noise-s3] Processed 2112/5000 images\n"}
,{"stream_name":"stdout","time":728.455349187,"data":"[gaussian_noise-s3] Processed 2144/5000 images\n"}
,{"stream_name":"stdout","time":731.435670377,"data":"[gaussian_noise-s3] Processed 2176/5000 images\n"}
,{"stream_name":"stdout","time":734.368812736,"data":"[gaussian_noise-s3] Processed 2208/5000 images\n"}
,{"stream_name":"stdout","time":737.323774448,"data":"[gaussian_noise-s3] Processed 2240/5000 images\n"}
,{"stream_name":"stdout","time":740.448095547,"data":"[gaussian_noise-s3] Processed 2272/5000 images\n"}
,{"stream_name":"stdout","time":743.450253973,"data":"[gaussian_noise-s3] Processed 2304/5000 images\n"}
,{"stream_name":"stdout","time":746.455673717,"data":"[gaussian_noise-s3] Processed 2336/5000 images\n"}
,{"stream_name":"stdout","time":749.466696996,"data":"[gaussian_noise-s3] Processed 2368/5000 images\n"}
,{"stream_name":"stdout","time":752.45994833,"data":"[gaussian_noise-s3] Processed 2400/5000 images\n"}
,{"stream_name":"stdout","time":755.455393906,"data":"[gaussian_noise-s3] Processed 2432/5000 images\n"}
,{"stream_name":"stdout","time":758.42324446,"data":"[gaussian_noise-s3] Processed 2464/5000 images\n"}
,{"stream_name":"stdout","time":761.411159019,"data":"[gaussian_noise-s3] Processed 2496/5000 images\n"}
,{"stream_name":"stdout","time":764.413675053,"data":"[gaussian_noise-s3] Processed 2528/5000 images\n"}
,{"stream_name":"stdout","time":767.420714891,"data":"[gaussian_noise-s3] Processed 2560/5000 images\n"}
,{"stream_name":"stdout","time":770.387337771,"data":"[gaussian_noise-s3] Processed 2592/5000 images\n"}
,{"stream_name":"stdout","time":773.37399156,"data":"[gaussian_noise-s3] Processed 2624/5000 images\n"}
,{"stream_name":"stdout","time":776.357127975,"data":"[gaussian_noise-s3] Processed 2656/5000 images\n"}
,{"stream_name":"stdout","time":779.293498056,"data":"[gaussian_noise-s3] Processed 2688/5000 images\n"}
,{"stream_name":"stdout","time":782.299495767,"data":"[gaussian_noise-s3] Processed 2720/5000 images\n"}
,{"stream_name":"stdout","time":785.322481078,"data":"[gaussian_noise-s3] Processed 2752/5000 images\n"}
,{"stream_name":"stdout","time":788.334460977,"data":"[gaussian_noise-s3] Processed 2784/5000 images\n"}
,{"stream_name":"stdout","time":791.37032876,"data":"[gaussian_noise-s3] Processed 2816/5000 images\n"}
,{"stream_name":"stdout","time":794.355291128,"data":"[gaussian_noise-s3] Processed 2848/5000 images\n"}
,{"stream_name":"stdout","time":797.384277242,"data":"[gaussian_noise-s3] Processed 2880/5000 images\n"}
,{"stream_name":"stdout","time":800.320882777,"data":"[gaussian_noise-s3] Processed 2912/5000 images\n"}
,{"stream_name":"stdout","time":803.346150829,"data":"[gaussian_noise-s3] Processed 2944/5000 images\n"}
,{"stream_name":"stdout","time":806.366714651,"data":"[gaussian_noise-s3] Processed 2976/5000 images\n"}
,{"stream_name":"stdout","time":809.43244037,"data":"[gaussian_noise-s3] Processed 3008/5000 images\n"}
,{"stream_name":"stdout","time":812.398600409,"data":"[gaussian_noise-s3] Processed 3040/5000 images\n"}
,{"stream_name":"stdout","time":815.39304776,"data":"[gaussian_noise-s3] Processed 3072/5000 images\n"}
,{"stream_name":"stdout","time":818.436734791,"data":"[gaussian_noise-s3] Processed 3104/5000 images\n"}
,{"stream_name":"stdout","time":821.488928622,"data":"[gaussian_noise-s3] Processed 3136/5000 images\n"}
,{"stream_name":"stdout","time":824.509635314,"data":"[gaussian_noise-s3] Processed 3168/5000 images\n"}
,{"stream_name":"stdout","time":827.472364856,"data":"[gaussian_noise-s3] Processed 3200/5000 images\n"}
,{"stream_name":"stdout","time":830.475569137,"data":"[gaussian_noise-s3] Processed 3232/5000 images\n"}
,{"stream_name":"stdout","time":833.502753137,"data":"[gaussian_noise-s3] Processed 3264/5000 images\n"}
,{"stream_name":"stdout","time":836.465747169,"data":"[gaussian_noise-s3] Processed 3296/5000 images\n"}
,{"stream_name":"stdout","time":839.429563179,"data":"[gaussian_noise-s3] Processed 3328/5000 images\n"}
,{"stream_name":"stdout","time":842.488976246,"data":"[gaussian_noise-s3] Processed 3360/5000 images\n"}
,{"stream_name":"stdout","time":845.499653839,"data":"[gaussian_noise-s3] Processed 3392/5000 images\n"}
,{"stream_name":"stdout","time":848.440422255,"data":"[gaussian_noise-s3] Processed 3424/5000 images\n"}
,{"stream_name":"stdout","time":851.476205485,"data":"[gaussian_noise-s3] Processed 3456/5000 images\n"}
,{"stream_name":"stdout","time":854.487978323,"data":"[gaussian_noise-s3] Processed 3488/5000 images\n"}
,{"stream_name":"stdout","time":857.501416289,"data":"[gaussian_noise-s3] Processed 3520/5000 images\n"}
,{"stream_name":"stdout","time":860.459145342,"data":"[gaussian_noise-s3] Processed 3552/5000 images\n"}
,{"stream_name":"stdout","time":863.476137829,"data":"[gaussian_noise-s3] Processed 3584/5000 images\n"}
,{"stream_name":"stdout","time":866.463319918,"data":"[gaussian_noise-s3] Processed 3616/5000 images\n"}
,{"stream_name":"stdout","time":869.439512062,"data":"[gaussian_noise-s3] Processed 3648/5000 images\n"}
,{"stream_name":"stdout","time":872.431729074,"data":"[gaussian_noise-s3] Processed 3680/5000 images\n"}
,{"stream_name":"stdout","time":875.38564119,"data":"[gaussian_noise-s3] Processed 3712/5000 images\n"}
,{"stream_name":"stdout","time":878.374583882,"data":"[gaussian_noise-s3] Processed 3744/5000 images\n"}
,{"stream_name":"stdout","time":881.356884189,"data":"[gaussian_noise-s3] Processed 3776/5000 images\n"}
,{"stream_name":"stdout","time":884.33726447,"data":"[gaussian_noise-s3] Processed 3808/5000 images\n"}
,{"stream_name":"stdout","time":887.324660238,"data":"[gaussian_noise-s3] Processed 3840/5000 images\n"}
,{"stream_name":"stdout","time":890.3726051,"data":"[gaussian_noise-s3] Processed 3872/5000 images\n"}
,{"stream_name":"stdout","time":893.427088155,"data":"[gaussian_noise-s3] Processed 3904/5000 images\n"}
,{"stream_name":"stdout","time":896.41011765,"data":"[gaussian_noise-s3] Processed 3936/5000 images\n"}
,{"stream_name":"stdout","time":899.376087338,"data":"[gaussian_noise-s3] Processed 3968/5000 images\n"}
,{"stream_name":"stdout","time":902.36731883,"data":"[gaussian_noise-s3] Processed 4000/5000 images\n"}
,{"stream_name":"stdout","time":905.36435185,"data":"[gaussian_noise-s3] Processed 4032/5000 images\n"}
,{"stream_name":"stdout","time":908.386422911,"data":"[gaussian_noise-s3] Processed 4064/5000 images\n"}
,{"stream_name":"stdout","time":911.332951441,"data":"[gaussian_noise-s3] Processed 4096/5000 images\n"}
,{"stream_name":"stdout","time":914.314473242,"data":"[gaussian_noise-s3] Processed 4128/5000 images\n"}
,{"stream_name":"stdout","time":917.338021184,"data":"[gaussian_noise-s3] Processed 4160/5000 images\n"}
,{"stream_name":"stdout","time":920.267345803,"data":"[gaussian_noise-s3] Processed 4192/5000 images\n"}
,{"stream_name":"stdout","time":923.291704059,"data":"[gaussian_noise-s3] Processed 4224/5000 images\n"}
,{"stream_name":"stdout","time":926.290806595,"data":"[gaussian_noise-s3] Processed 4256/5000 images\n"}
,{"stream_name":"stdout","time":929.273752012,"data":"[gaussian_noise-s3] Processed 4288/5000 images\n"}
,{"stream_name":"stdout","time":932.23981418,"data":"[gaussian_noise-s3] Processed 4320/5000 images\n"}
,{"stream_name":"stdout","time":935.284447945,"data":"[gaussian_noise-s3] Processed 4352/5000 images\n"}
,{"stream_name":"stdout","time":938.307153733,"data":"[gaussian_noise-s3] Processed 4384/5000 images\n"}
,{"stream_name":"stdout","time":941.336135527,"data":"[gaussian_noise-s3] Processed 4416/5000 images\n"}
,{"stream_name":"stdout","time":944.359264044,"data":"[gaussian_noise-s3] Processed 4448/5000 images\n"}
,{"stream_name":"stdout","time":947.399439958,"data":"[gaussian_noise-s3] Processed 4480/5000 images\n"}
,{"stream_name":"stdout","time":950.42480522,"data":"[gaussian_noise-s3] Processed 4512/5000 images\n"}
,{"stream_name":"stdout","time":953.430802455,"data":"[gaussian_noise-s3] Processed 4544/5000 images\n"}
,{"stream_name":"stdout","time":956.414291845,"data":"[gaussian_noise-s3] Processed 4576/5000 images\n"}
,{"stream_name":"stdout","time":959.407181954,"data":"[gaussian_noise-s3] Processed 4608/5000 images\n"}
,{"stream_name":"stdout","time":962.406136103,"data":"[gaussian_noise-s3] Processed 4640/5000 images\n"}
,{"stream_name":"stdout","time":965.366944785,"data":"[gaussian_noise-s3] Processed 4672/5000 images\n"}
,{"stream_name":"stdout","time":968.343805613,"data":"[gaussian_noise-s3] Processed 4704/5000 images\n"}
,{"stream_name":"stdout","time":971.318226775,"data":"[gaussian_noise-s3] Processed 4736/5000 images\n"}
,{"stream_name":"stdout","time":974.301091694,"data":"[gaussian_noise-s3] Processed 4768/5000 images\n"}
,{"stream_name":"stdout","time":977.294873667,"data":"[gaussian_noise-s3] Processed 4800/5000 images\n"}
,{"stream_name":"stdout","time":980.240970076,"data":"[gaussian_noise-s3] Processed 4832/5000 images\n"}
,{"stream_name":"stdout","time":983.237834649,"data":"[gaussian_noise-s3] Processed 4864/5000 images\n"}
,{"stream_name":"stdout","time":986.250686526,"data":"[gaussian_noise-s3] Processed 4896/5000 images\n"}
,{"stream_name":"stdout","time":989.300764249,"data":"[gaussian_noise-s3] Processed 4928/5000 images\n"}
,{"stream_name":"stdout","time":992.364853074,"data":"[gaussian_noise-s3] Processed 4960/5000 images\n"}
,{"stream_name":"stdout","time":995.428011398,"data":"[gaussian_noise-s3] Processed 4992/5000 images\n"}
,{"stream_name":"stdout","time":996.336253288,"data":"[gaussian_noise-s3] Processed 5000/5000 images\n"}
,{"stream_name":"stdout","time":996.424824881,"data":"Saved stage shard /kaggle/working/shards/shard_tome_matched_gaussian_noise_3.parquet (30000 rows)\n"}
,{"stream_name":"stdout","time":996.666937123,"data":"\n"}
,{"stream_name":"stdout","time":996.666966526,"data":"--- Running Stage: gaussian_noise (severity=5) ---\n"}
,{"stream_name":"stdout","time":999.702549287,"data":"[gaussian_noise-s5] Processed 32/5000 images\n"}
,{"stream_name":"stdout","time":1002.694656203,"data":"[gaussian_noise-s5] Processed 64/5000 images\n"}
,{"stream_name":"stdout","time":1005.689668738,"data":"[gaussian_noise-s5] Processed 96/5000 images\n"}
,{"stream_name":"stdout","time":1008.720503998,"data":"[gaussian_noise-s5] Processed 128/5000 images\n"}
,{"stream_name":"stdout","time":1011.853997904,"data":"[gaussian_noise-s5] Processed 160/5000 images\n"}
,{"stream_name":"stdout","time":1014.861971983,"data":"[gaussian_noise-s5] Processed 192/5000 images\n"}
,{"stream_name":"stdout","time":1017.813624243,"data":"[gaussian_noise-s5] Processed 224/5000 images\n"}
,{"stream_name":"stdout","time":1020.832449035,"data":"[gaussian_noise-s5] Processed 256/5000 images\n"}
,{"stream_name":"stdout","time":1023.869887896,"data":"[gaussian_noise-s5] Processed 288/5000 images\n"}
,{"stream_name":"stdout","time":1026.955226988,"data":"[gaussian_noise-s5] Processed 320/5000 images\n"}
,{"stream_name":"stdout","time":1029.962366599,"data":"[gaussian_noise-s5] Processed 352/5000 images\n"}
,{"stream_name":"stdout","time":1033.077086657,"data":"[gaussian_noise-s5] Processed 384/5000 images\n"}
,{"stream_name":"stdout","time":1036.122320123,"data":"[gaussian_noise-s5] Processed 416/5000 images\n"}
,{"stream_name":"stdout","time":1039.108280725,"data":"[gaussian_noise-s5] Processed 448/5000 images\n"}
,{"stream_name":"stdout","time":1042.076185038,"data":"[gaussian_noise-s5] Processed 480/5000 images\n"}
,{"stream_name":"stdout","time":1045.086234609,"data":"[gaussian_noise-s5] Processed 512/5000 images\n"}
,{"stream_name":"stdout","time":1048.126947252,"data":"[gaussian_noise-s5] Processed 544/5000 images\n"}
,{"stream_name":"stdout","time":1051.184361003,"data":"[gaussian_noise-s5] Processed 576/5000 images\n"}
,{"stream_name":"stdout","time":1054.23854569,"data":"[gaussian_noise-s5] Processed 608/5000 images\n"}
,{"stream_name":"stdout","time":1057.260897846,"data":"[gaussian_noise-s5] Processed 640/5000 images\n"}
,{"stream_name":"stdout","time":1060.295928656,"data":"[gaussian_noise-s5] Processed 672/5000 images\n"}
,{"stream_name":"stdout","time":1063.382493797,"data":"[gaussian_noise-s5] Processed 704/5000 images\n"}
,{"stream_name":"stdout","time":1066.371344197,"data":"[gaussian_noise-s5] Processed 736/5000 images\n"}
,{"stream_name":"stdout","time":1069.358569856,"data":"[gaussian_noise-s5] Processed 768/5000 images\n"}
,{"stream_name":"stdout","time":1072.322547399,"data":"[gaussian_noise-s5] Processed 800/5000 images\n"}
,{"stream_name":"stdout","time":1075.311385754,"data":"[gaussian_noise-s5] Processed 832/5000 images\n"}
,{"stream_name":"stdout","time":1078.320255954,"data":"[gaussian_noise-s5] Processed 864/5000 images\n"}
,{"stream_name":"stdout","time":1081.337313723,"data":"[gaussian_noise-s5] Processed 896/5000 images\n"}
,{"stream_name":"stdout","time":1084.330178027,"data":"[gaussian_noise-s5] Processed 928/5000 images\n"}
,{"stream_name":"stdout","time":1087.343927681,"data":"[gaussian_noise-s5] Processed 960/5000 images\n"}
,{"stream_name":"stdout","time":1090.292427807,"data":"[gaussian_noise-s5] Processed 992/5000 images\n"}
,{"stream_name":"stdout","time":1093.290671604,"data":"[gaussian_noise-s5] Processed 1024/5000 images\n"}
,{"stream_name":"stdout","time":1096.270709225,"data":"[gaussian_noise-s5] Processed 1056/5000 images\n"}
,{"stream_name":"stdout","time":1099.222437582,"data":"[gaussian_noise-s5] Processed 1088/5000 images\n"}
,{"stream_name":"stdout","time":1102.164090223,"data":"[gaussian_noise-s5] Processed 1120/5000 images\n"}
,{"stream_name":"stdout","time":1105.166972209,"data":"[gaussian_noise-s5] Processed 1152/5000 images\n"}
,{"stream_name":"stdout","time":1108.126926048,"data":"[gaussian_noise-s5] Processed 1184/5000 images\n"}
,{"stream_name":"stdout","time":1111.118348695,"data":"[gaussian_noise-s5] Processed 1216/5000 images\n"}
,{"stream_name":"stdout","time":1114.092375021,"data":"[gaussian_noise-s5] Processed 1248/5000 images\n"}
,{"stream_name":"stdout","time":1117.065852722,"data":"[gaussian_noise-s5] Processed 1280/5000 images\n"}
,{"stream_name":"stdout","time":1120.00942369,"data":"[gaussian_noise-s5] Processed 1312/5000 images\n"}
,{"stream_name":"stdout","time":1123.038571779,"data":"[gaussian_noise-s5] Processed 1344/5000 images\n"}
,{"stream_name":"stdout","time":1125.989006255,"data":"[gaussian_noise-s5] Processed 1376/5000 images\n"}
,{"stream_name":"stdout","time":1129.064716674,"data":"[gaussian_noise-s5] Processed 1408/5000 images\n"}
,{"stream_name":"stdout","time":1132.025250087,"data":"[gaussian_noise-s5] Processed 1440/5000 images\n"}
,{"stream_name":"stdout","time":1134.987482511,"data":"[gaussian_noise-s5] Processed 1472/5000 images\n"}
,{"stream_name":"stdout","time":1138.101355552,"data":"[gaussian_noise-s5] Processed 1504/5000 images\n"}
,{"stream_name":"stdout","time":1141.091485069,"data":"[gaussian_noise-s5] Processed 1536/5000 images\n"}
,{"stream_name":"stdout","time":1144.105790718,"data":"[gaussian_noise-s5] Processed 1568/5000 images\n"}
,{"stream_name":"stdout","time":1147.048984926,"data":"[gaussian_noise-s5] Processed 1600/5000 images\n"}
,{"stream_name":"stdout","time":1150.016665163,"data":"[gaussian_noise-s5] Processed 1632/5000 images\n"}
,{"stream_name":"stdout","time":1153.036760215,"data":"[gaussian_noise-s5] Processed 1664/5000 images\n"}
,{"stream_name":"stdout","time":1156.018952075,"data":"[gaussian_noise-s5] Processed 1696/5000 images\n"}
,{"stream_name":"stdout","time":1158.976177649,"data":"[gaussian_noise-s5] Processed 1728/5000 images\n"}
,{"stream_name":"stdout","time":1161.943745982,"data":"[gaussian_noise-s5] Processed 1760/5000 images\n"}
,{"stream_name":"stdout","time":1164.884186333,"data":"[gaussian_noise-s5] Processed 1792/5000 images\n"}
,{"stream_name":"stdout","time":1167.846089428,"data":"[gaussian_noise-s5] Processed 1824/5000 images\n"}
,{"stream_name":"stdout","time":1170.828951081,"data":"[gaussian_noise-s5] Processed 1856/5000 images\n"}
,{"stream_name":"stdout","time":1173.803104662,"data":"[gaussian_noise-s5] Processed 1888/5000 images\n"}
,{"stream_name":"stdout","time":1177.011310143,"data":"[gaussian_noise-s5] Processed 1920/5000 images\n"}
,{"stream_name":"stdout","time":1179.987553352,"data":"[gaussian_noise-s5] Processed 1952/5000 images\n"}
,{"stream_name":"stdout","time":1182.987149997,"data":"[gaussian_noise-s5] Processed 1984/5000 images\n"}
,{"stream_name":"stdout","time":1185.952184904,"data":"[gaussian_noise-s5] Processed 2016/5000 images\n"}
,{"stream_name":"stdout","time":1188.881508794,"data":"[gaussian_noise-s5] Processed 2048/5000 images\n"}
,{"stream_name":"stdout","time":1191.811634975,"data":"[gaussian_noise-s5] Processed 2080/5000 images\n"}
,{"stream_name":"stdout","time":1194.743414824,"data":"[gaussian_noise-s5] Processed 2112/5000 images\n"}
,{"stream_name":"stdout","time":1197.669166896,"data":"[gaussian_noise-s5] Processed 2144/5000 images\n"}
,{"stream_name":"stdout","time":1200.63334501,"data":"[gaussian_noise-s5] Processed 2176/5000 images\n"}
,{"stream_name":"stdout","time":1203.598553027,"data":"[gaussian_noise-s5] Processed 2208/5000 images\n"}
,{"stream_name":"stdout","time":1206.540547046,"data":"[gaussian_noise-s5] Processed 2240/5000 images\n"}
,{"stream_name":"stdout","time":1209.617285612,"data":"[gaussian_noise-s5] Processed 2272/5000 images\n"}
,{"stream_name":"stdout","time":1212.625228944,"data":"[gaussian_noise-s5] Processed 2304/5000 images\n"}
,{"stream_name":"stdout","time":1215.573782276,"data":"[gaussian_noise-s5] Processed 2336/5000 images\n"}
,{"stream_name":"stdout","time":1218.503395522,"data":"[gaussian_noise-s5] Processed 2368/5000 images\n"}
,{"stream_name":"stdout","time":1221.444026642,"data":"[gaussian_noise-s5] Processed 2400/5000 images\n"}
,{"stream_name":"stdout","time":1224.441989497,"data":"[gaussian_noise-s5] Processed 2432/5000 images\n"}
,{"stream_name":"stdout","time":1227.405091352,"data":"[gaussian_noise-s5] Processed 2464/5000 images\n"}
,{"stream_name":"stdout","time":1230.345879121,"data":"[gaussian_noise-s5] Processed 2496/5000 images\n"}
,{"stream_name":"stdout","time":1233.365233178,"data":"[gaussian_noise-s5] Processed 2528/5000 images\n"}
,{"stream_name":"stdout","time":1236.330676552,"data":"[gaussian_noise-s5] Processed 2560/5000 images\n"}
,{"stream_name":"stdout","time":1239.242719467,"data":"[gaussian_noise-s5] Processed 2592/5000 images\n"}
,{"stream_name":"stdout","time":1242.178267978,"data":"[gaussian_noise-s5] Processed 2624/5000 images\n"}
,{"stream_name":"stdout","time":1245.140457636,"data":"[gaussian_noise-s5] Processed 2656/5000 images\n"}
,{"stream_name":"stdout","time":1248.059595768,"data":"[gaussian_noise-s5] Processed 2688/5000 images\n"}
,{"stream_name":"stdout","time":1251.029231059,"data":"[gaussian_noise-s5] Processed 2720/5000 images\n"}
,{"stream_name":"stdout","time":1254.028280018,"data":"[gaussian_noise-s5] Processed 2752/5000 images\n"}
,{"stream_name":"stdout","time":1256.941264639,"data":"[gaussian_noise-s5] Processed 2784/5000 images\n"}
,{"stream_name":"stdout","time":1259.892283059,"data":"[gaussian_noise-s5] Processed 2816/5000 images\n"}
,{"stream_name":"stdout","time":1262.849112563,"data":"[gaussian_noise-s5] Processed 2848/5000 images\n"}
,{"stream_name":"stdout","time":1265.825389133,"data":"[gaussian_noise-s5] Processed 2880/5000 images\n"}
,{"stream_name":"stdout","time":1268.773400228,"data":"[gaussian_noise-s5] Processed 2912/5000 images\n"}
,{"stream_name":"stdout","time":1271.737820149,"data":"[gaussian_noise-s5] Processed 2944/5000 images\n"}
,{"stream_name":"stdout","time":1274.706196792,"data":"[gaussian_noise-s5] Processed 2976/5000 images\n"}
,{"stream_name":"stdout","time":1277.681482601,"data":"[gaussian_noise-s5] Processed 3008/5000 images\n"}
,{"stream_name":"stdout","time":1280.620890994,"data":"[gaussian_noise-s5] Processed 3040/5000 images\n"}
,{"stream_name":"stdout","time":1283.552966961,"data":"[gaussian_noise-s5] Processed 3072/5000 images\n"}
,{"stream_name":"stdout","time":1286.514250198,"data":"[gaussian_noise-s5] Processed 3104/5000 images\n"}
,{"stream_name":"stdout","time":1289.453767734,"data":"[gaussian_noise-s5] Processed 3136/5000 images\n"}
,{"stream_name":"stdout","time":1292.397940959,"data":"[gaussian_noise-s5] Processed 3168/5000 images\n"}
,{"stream_name":"stdout","time":1295.341250547,"data":"[gaussian_noise-s5] Processed 3200/5000 images\n"}
,{"stream_name":"stdout","time":1298.284586005,"data":"[gaussian_noise-s5] Processed 3232/5000 images\n"}
,{"stream_name":"stdout","time":1301.233707132,"data":"[gaussian_noise-s5] Processed 3264/5000 images\n"}
,{"stream_name":"stdout","time":1304.13426343,"data":"[gaussian_noise-s5] Processed 3296/5000 images\n"}
,{"stream_name":"stdout","time":1307.051962268,"data":"[gaussian_noise-s5] Processed 3328/5000 images\n"}
,{"stream_name":"stdout","time":1309.986890844,"data":"[gaussian_noise-s5] Processed 3360/5000 images\n"}
,{"stream_name":"stdout","time":1312.964126182,"data":"[gaussian_noise-s5] Processed 3392/5000 images\n"}
,{"stream_name":"stdout","time":1315.906055009,"data":"[gaussian_noise-s5] Processed 3424/5000 images\n"}
,{"stream_name":"stdout","time":1318.913697795,"data":"[gaussian_noise-s5] Processed 3456/5000 images\n"}
,{"stream_name":"stdout","time":1321.902559026,"data":"[gaussian_noise-s5] Processed 3488/5000 images\n"}
,{"stream_name":"stdout","time":1324.824791453,"data":"[gaussian_noise-s5] Processed 3520/5000 images\n"}
,{"stream_name":"stdout","time":1327.772985835,"data":"[gaussian_noise-s5] Processed 3552/5000 images\n"}
,{"stream_name":"stdout","time":1330.691334546,"data":"[gaussian_noise-s5] Processed 3584/5000 images\n"}
,{"stream_name":"stdout","time":1333.635260654,"data":"[gaussian_noise-s5] Processed 3616/5000 images\n"}
,{"stream_name":"stdout","time":1336.584732831,"data":"[gaussian_noise-s5] Processed 3648/5000 images\n"}
,{"stream_name":"stdout","time":1339.527928183,"data":"[gaussian_noise-s5] Processed 3680/5000 images\n"}
,{"stream_name":"stdout","time":1342.431679088,"data":"[gaussian_noise-s5] Processed 3712/5000 images\n"}
,{"stream_name":"stdout","time":1345.335302495,"data":"[gaussian_noise-s5] Processed 3744/5000 images\n"}
,{"stream_name":"stdout","time":1348.248114523,"data":"[gaussian_noise-s5] Processed 3776/5000 images\n"}
,{"stream_name":"stdout","time":1351.188425502,"data":"[gaussian_noise-s5] Processed 3808/5000 images\n"}
,{"stream_name":"stdout","time":1354.126635192,"data":"[gaussian_noise-s5] Processed 3840/5000 images\n"}
,{"stream_name":"stdout","time":1357.085186606,"data":"[gaussian_noise-s5] Processed 3872/5000 images\n"}
,{"stream_name":"stdout","time":1360.045932525,"data":"[gaussian_noise-s5] Processed 3904/5000 images\n"}
,{"stream_name":"stdout","time":1363.029531878,"data":"[gaussian_noise-s5] Processed 3936/5000 images\n"}
,{"stream_name":"stdout","time":1365.972853066,"data":"[gaussian_noise-s5] Processed 3968/5000 images\n"}
,{"stream_name":"stdout","time":1368.94149635,"data":"[gaussian_noise-s5] Processed 4000/5000 images\n"}
,{"stream_name":"stdout","time":1371.84717295,"data":"[gaussian_noise-s5] Processed 4032/5000 images\n"}
,{"stream_name":"stdout","time":1374.792823071,"data":"[gaussian_noise-s5] Processed 4064/5000 images\n"}
,{"stream_name":"stdout","time":1377.707911216,"data":"[gaussian_noise-s5] Processed 4096/5000 images\n"}
,{"stream_name":"stdout","time":1380.652831084,"data":"[gaussian_noise-s5] Processed 4128/5000 images\n"}
,{"stream_name":"stdout","time":1383.651844869,"data":"[gaussian_noise-s5] Processed 4160/5000 images\n"}
,{"stream_name":"stdout","time":1386.5855099,"data":"[gaussian_noise-s5] Processed 4192/5000 images\n"}
,{"stream_name":"stdout","time":1389.522949763,"data":"[gaussian_noise-s5] Processed 4224/5000 images\n"}
,{"stream_name":"stdout","time":1392.461352775,"data":"[gaussian_noise-s5] Processed 4256/5000 images\n"}
,{"stream_name":"stdout","time":1395.39388579,"data":"[gaussian_noise-s5] Processed 4288/5000 images\n"}
,{"stream_name":"stdout","time":1398.361701428,"data":"[gaussian_noise-s5] Processed 4320/5000 images\n"}
,{"stream_name":"stdout","time":1401.393584636,"data":"[gaussian_noise-s5] Processed 4352/5000 images\n"}
,{"stream_name":"stdout","time":1404.383887481,"data":"[gaussian_noise-s5] Processed 4384/5000 images\n"}
,{"stream_name":"stdout","time":1407.316004779,"data":"[gaussian_noise-s5] Processed 4416/5000 images\n"}
,{"stream_name":"stdout","time":1410.249855706,"data":"[gaussian_noise-s5] Processed 4448/5000 images\n"}
,{"stream_name":"stdout","time":1413.285940886,"data":"[gaussian_noise-s5] Processed 4480/5000 images\n"}
,{"stream_name":"stdout","time":1416.237561312,"data":"[gaussian_noise-s5] Processed 4512/5000 images\n"}
,{"stream_name":"stdout","time":1419.174457075,"data":"[gaussian_noise-s5] Processed 4544/5000 images\n"}
,{"stream_name":"stdout","time":1422.131741467,"data":"[gaussian_noise-s5] Processed 4576/5000 images\n"}
,{"stream_name":"stdout","time":1425.076953632,"data":"[gaussian_noise-s5] Processed 4608/5000 images\n"}
,{"stream_name":"stdout","time":1428.028087187,"data":"[gaussian_noise-s5] Processed 4640/5000 images\n"}
,{"stream_name":"stdout","time":1430.966592439,"data":"[gaussian_noise-s5] Processed 4672/5000 images\n"}
,{"stream_name":"stdout","time":1433.907161847,"data":"[gaussian_noise-s5] Processed 4704/5000 images\n"}
,{"stream_name":"stdout","time":1436.845217848,"data":"[gaussian_noise-s5] Processed 4736/5000 images\n"}
,{"stream_name":"stdout","time":1439.784709289,"data":"[gaussian_noise-s5] Processed 4768/5000 images\n"}
,{"stream_name":"stdout","time":1442.770468746,"data":"[gaussian_noise-s5] Processed 4800/5000 images\n"}
,{"stream_name":"stdout","time":1445.717005864,"data":"[gaussian_noise-s5] Processed 4832/5000 images\n"}
,{"stream_name":"stdout","time":1448.675877108,"data":"[gaussian_noise-s5] Processed 4864/5000 images\n"}
,{"stream_name":"stdout","time":1451.645500918,"data":"[gaussian_noise-s5] Processed 4896/5000 images\n"}
,{"stream_name":"stdout","time":1454.589467961,"data":"[gaussian_noise-s5] Processed 4928/5000 images\n"}
,{"stream_name":"stdout","time":1457.579379544,"data":"[gaussian_noise-s5] Processed 4960/5000 images\n"}
,{"stream_name":"stdout","time":1460.56450717,"data":"[gaussian_noise-s5] Processed 4992/5000 images\n"}
,{"stream_name":"stdout","time":1461.454772387,"data":"[gaussian_noise-s5] Processed 5000/5000 images\n"}
,{"stream_name":"stdout","time":1461.542159979,"data":"Saved stage shard /kaggle/working/shards/shard_tome_matched_gaussian_noise_5.parquet (30000 rows)\n"}
,{"stream_name":"stdout","time":1461.789643168,"data":"\n"}
,{"stream_name":"stdout","time":1461.789711863,"data":"--- Running Stage: defocus_blur (severity=3) ---\n"}
,{"stream_name":"stdout","time":1464.769967681,"data":"[defocus_blur-s3] Processed 32/5000 images\n"}
,{"stream_name":"stdout","time":1467.670996411,"data":"[defocus_blur-s3] Processed 64/5000 images\n"}
,{"stream_name":"stdout","time":1470.557530251,"data":"[defocus_blur-s3] Processed 96/5000 images\n"}
,{"stream_name":"stdout","time":1473.500963941,"data":"[defocus_blur-s3] Processed 128/5000 images\n"}
,{"stream_name":"stdout","time":1476.547724497,"data":"[defocus_blur-s3] Processed 160/5000 images\n"}
,{"stream_name":"stdout","time":1479.430333514,"data":"[defocus_blur-s3] Processed 192/5000 images\n"}
,{"stream_name":"stdout","time":1482.324094387,"data":"[defocus_blur-s3] Processed 224/5000 images\n"}
,{"stream_name":"stdout","time":1485.214821502,"data":"[defocus_blur-s3] Processed 256/5000 images\n"}
,{"stream_name":"stdout","time":1488.102395184,"data":"[defocus_blur-s3] Processed 288/5000 images\n"}
,{"stream_name":"stdout","time":1491.003511884,"data":"[defocus_blur-s3] Processed 320/5000 images\n"}
,{"stream_name":"stdout","time":1493.922831522,"data":"[defocus_blur-s3] Processed 352/5000 images\n"}
,{"stream_name":"stdout","time":1496.817086322,"data":"[defocus_blur-s3] Processed 384/5000 images\n"}
,{"stream_name":"stdout","time":1499.781851294,"data":"[defocus_blur-s3] Processed 416/5000 images\n"}
,{"stream_name":"stdout","time":1502.668753041,"data":"[defocus_blur-s3] Processed 448/5000 images\n"}
,{"stream_name":"stdout","time":1505.548714507,"data":"[defocus_blur-s3] Processed 480/5000 images\n"}
,{"stream_name":"stdout","time":1508.436509496,"data":"[defocus_blur-s3] Processed 512/5000 images\n"}
,{"stream_name":"stdout","time":1511.344190828,"data":"[defocus_blur-s3] Processed 544/5000 images\n"}
,{"stream_name":"stdout","time":1514.227343381,"data":"[defocus_blur-s3] Processed 576/5000 images\n"}
,{"stream_name":"stdout","time":1517.173560207,"data":"[defocus_blur-s3] Processed 608/5000 images\n"}
,{"stream_name":"stdout","time":1520.114675049,"data":"[defocus_blur-s3] Processed 640/5000 images\n"}
,{"stream_name":"stdout","time":1523.035221861,"data":"[defocus_blur-s3] Processed 672/5000 images\n"}
,{"stream_name":"stdout","time":1525.963995309,"data":"[defocus_blur-s3] Processed 704/5000 images\n"}
,{"stream_name":"stdout","time":1528.866515473,"data":"[defocus_blur-s3] Processed 736/5000 images\n"}
,{"stream_name":"stdout","time":1531.722681306,"data":"[defocus_blur-s3] Processed 768/5000 images\n"}
,{"stream_name":"stdout","time":1534.589140532,"data":"[defocus_blur-s3] Processed 800/5000 images\n"}
,{"stream_name":"stdout","time":1537.493931785,"data":"[defocus_blur-s3] Processed 832/5000 images\n"}
,{"stream_name":"stdout","time":1540.41498611,"data":"[defocus_blur-s3] Processed 864/5000 images\n"}
,{"stream_name":"stdout","time":1543.403222715,"data":"[defocus_blur-s3] Processed 896/5000 images\n"}
,{"stream_name":"stdout","time":1546.341871561,"data":"[defocus_blur-s3] Processed 928/5000 images\n"}
,{"stream_name":"stdout","time":1549.308094752,"data":"[defocus_blur-s3] Processed 960/5000 images\n"}
,{"stream_name":"stdout","time":1552.210061103,"data":"[defocus_blur-s3] Processed 992/5000 images\n"}
,{"stream_name":"stdout","time":1555.147021584,"data":"[defocus_blur-s3] Processed 1024/5000 images\n"}
,{"stream_name":"stdout","time":1558.099602498,"data":"[defocus_blur-s3] Processed 1056/5000 images\n"}
,{"stream_name":"stdout","time":1561.016408736,"data":"[defocus_blur-s3] Processed 1088/5000 images\n"}
,{"stream_name":"stdout","time":1563.917641991,"data":"[defocus_blur-s3] Processed 1120/5000 images\n"}
,{"stream_name":"stdout","time":1566.800694701,"data":"[defocus_blur-s3] Processed 1152/5000 images\n"}
,{"stream_name":"stdout","time":1569.720609435,"data":"[defocus_blur-s3] Processed 1184/5000 images\n"}
,{"stream_name":"stdout","time":1572.604994788,"data":"[defocus_blur-s3] Processed 1216/5000 images\n"}
,{"stream_name":"stdout","time":1575.535633189,"data":"[defocus_blur-s3] Processed 1248/5000 images\n"}
,{"stream_name":"stdout","time":1578.405098729,"data":"[defocus_blur-s3] Processed 1280/5000 images\n"}
,{"stream_name":"stdout","time":1581.331828227,"data":"[defocus_blur-s3] Processed 1312/5000 images\n"}
,{"stream_name":"stdout","time":1584.265749403,"data":"[defocus_blur-s3] Processed 1344/5000 images\n"}
,{"stream_name":"stdout","time":1587.243943366,"data":"[defocus_blur-s3] Processed 1376/5000 images\n"}
,{"stream_name":"stdout","time":1590.257646715,"data":"[defocus_blur-s3] Processed 1408/5000 images\n"}
,{"stream_name":"stdout","time":1593.230712204,"data":"[defocus_blur-s3] Processed 1440/5000 images\n"}
,{"stream_name":"stdout","time":1596.153313442,"data":"[defocus_blur-s3] Processed 1472/5000 images\n"}
,{"stream_name":"stdout","time":1599.190953799,"data":"[defocus_blur-s3] Processed 1504/5000 images\n"}
,{"stream_name":"stdout","time":1602.097445297,"data":"[defocus_blur-s3] Processed 1536/5000 images\n"}
,{"stream_name":"stdout","time":1604.972278772,"data":"[defocus_blur-s3] Processed 1568/5000 images\n"}
,{"stream_name":"stdout","time":1607.877985225,"data":"[defocus_blur-s3] Processed 1600/5000 images\n"}
,{"stream_name":"stdout","time":1610.779453804,"data":"[defocus_blur-s3] Processed 1632/5000 images\n"}
,{"stream_name":"stdout","time":1613.723407741,"data":"[defocus_blur-s3] Processed 1664/5000 images\n"}
,{"stream_name":"stdout","time":1616.64159618,"data":"[defocus_blur-s3] Processed 1696/5000 images\n"}
,{"stream_name":"stdout","time":1619.573803457,"data":"[defocus_blur-s3] Processed 1728/5000 images\n"}
,{"stream_name":"stdout","time":1622.501581088,"data":"[defocus_blur-s3] Processed 1760/5000 images\n"}
,{"stream_name":"stdout","time":1625.373427518,"data":"[defocus_blur-s3] Processed 1792/5000 images\n"}
,{"stream_name":"stdout","time":1628.312109821,"data":"[defocus_blur-s3] Processed 1824/5000 images\n"}
,{"stream_name":"stdout","time":1631.263762708,"data":"[defocus_blur-s3] Processed 1856/5000 images\n"}
,{"stream_name":"stdout","time":1634.138519809,"data":"[defocus_blur-s3] Processed 1888/5000 images\n"}
,{"stream_name":"stdout","time":1637.238118616,"data":"[defocus_blur-s3] Processed 1920/5000 images\n"}
,{"stream_name":"stdout","time":1640.182316875,"data":"[defocus_blur-s3] Processed 1952/5000 images\n"}
,{"stream_name":"stdout","time":1643.131632961,"data":"[defocus_blur-s3] Processed 1984/5000 images\n"}
,{"stream_name":"stdout","time":1646.01548733,"data":"[defocus_blur-s3] Processed 2016/5000 images\n"}
,{"stream_name":"stdout","time":1648.921842036,"data":"[defocus_blur-s3] Processed 2048/5000 images\n"}
,{"stream_name":"stdout","time":1651.853013708,"data":"[defocus_blur-s3] Processed 2080/5000 images\n"}
,{"stream_name":"stdout","time":1654.756992196,"data":"[defocus_blur-s3] Processed 2112/5000 images\n"}
,{"stream_name":"stdout","time":1657.674288327,"data":"[defocus_blur-s3] Processed 2144/5000 images\n"}
,{"stream_name":"stdout","time":1660.623115809,"data":"[defocus_blur-s3] Processed 2176/5000 images\n"}
,{"stream_name":"stdout","time":1663.550028032,"data":"[defocus_blur-s3] Processed 2208/5000 images\n"}
,{"stream_name":"stdout","time":1666.426943918,"data":"[defocus_blur-s3] Processed 2240/5000 images\n"}
,{"stream_name":"stdout","time":1669.476516281,"data":"[defocus_blur-s3] Processed 2272/5000 images\n"}
,{"stream_name":"stdout","time":1672.495179357,"data":"[defocus_blur-s3] Processed 2304/5000 images\n"}
,{"stream_name":"stdout","time":1675.437467188,"data":"[defocus_blur-s3] Processed 2336/5000 images\n"}
,{"stream_name":"stdout","time":1678.36734377,"data":"[defocus_blur-s3] Processed 2368/5000 images\n"}
,{"stream_name":"stdout","time":1681.296539084,"data":"[defocus_blur-s3] Processed 2400/5000 images\n"}
,{"stream_name":"stdout","time":1684.254243093,"data":"[defocus_blur-s3] Processed 2432/5000 images\n"}
,{"stream_name":"stdout","time":1687.123687081,"data":"[defocus_blur-s3] Processed 2464/5000 images\n"}
,{"stream_name":"stdout","time":1690.015097393,"data":"[defocus_blur-s3] Processed 2496/5000 images\n"}
,{"stream_name":"stdout","time":1693.006157916,"data":"[defocus_blur-s3] Processed 2528/5000 images\n"}
,{"stream_name":"stdout","time":1695.92607035,"data":"[defocus_blur-s3] Processed 2560/5000 images\n"}
,{"stream_name":"stdout","time":1698.84910836,"data":"[defocus_blur-s3] Processed 2592/5000 images\n"}
,{"stream_name":"stdout","time":1701.715998015,"data":"[defocus_blur-s3] Processed 2624/5000 images\n"}
,{"stream_name":"stdout","time":1704.651377683,"data":"[defocus_blur-s3] Processed 2656/5000 images\n"}
,{"stream_name":"stdout","time":1707.527400427,"data":"[defocus_blur-s3] Processed 2688/5000 images\n"}
,{"stream_name":"stdout","time":1710.478236189,"data":"[defocus_blur-s3] Processed 2720/5000 images\n"}
,{"stream_name":"stdout","time":1713.433506741,"data":"[defocus_blur-s3] Processed 2752/5000 images\n"}
,{"stream_name":"stdout","time":1716.339372308,"data":"[defocus_blur-s3] Processed 2784/5000 images\n"}
,{"stream_name":"stdout","time":1719.261700945,"data":"[defocus_blur-s3] Processed 2816/5000 images\n"}
,{"stream_name":"stdout","time":1722.158366199,"data":"[defocus_blur-s3] Processed 2848/5000 images\n"}
,{"stream_name":"stdout","time":1725.095578717,"data":"[defocus_blur-s3] Processed 2880/5000 images\n"}
,{"stream_name":"stdout","time":1727.987423202,"data":"[defocus_blur-s3] Processed 2912/5000 images\n"}
,{"stream_name":"stdout","time":1730.933675062,"data":"[defocus_blur-s3] Processed 2944/5000 images\n"}
,{"stream_name":"stdout","time":1733.895773944,"data":"[defocus_blur-s3] Processed 2976/5000 images\n"}
,{"stream_name":"stdout","time":1736.839365844,"data":"[defocus_blur-s3] Processed 3008/5000 images\n"}
,{"stream_name":"stdout","time":1739.736160942,"data":"[defocus_blur-s3] Processed 3040/5000 images\n"}
,{"stream_name":"stdout","time":1742.692847456,"data":"[defocus_blur-s3] Processed 3072/5000 images\n"}
,{"stream_name":"stdout","time":1745.575789925,"data":"[defocus_blur-s3] Processed 3104/5000 images\n"}
,{"stream_name":"stdout","time":1748.554771405,"data":"[defocus_blur-s3] Processed 3136/5000 images\n"}
,{"stream_name":"stdout","time":1751.509693849,"data":"[defocus_blur-s3] Processed 3168/5000 images\n"}
,{"stream_name":"stdout","time":1754.378597512,"data":"[defocus_blur-s3] Processed 3200/5000 images\n"}
,{"stream_name":"stdout","time":1757.241390774,"data":"[defocus_blur-s3] Processed 3232/5000 images\n"}
,{"stream_name":"stdout","time":1760.140475596,"data":"[defocus_blur-s3] Processed 3264/5000 images\n"}
,{"stream_name":"stdout","time":1763.053466506,"data":"[defocus_blur-s3] Processed 3296/5000 images\n"}
,{"stream_name":"stdout","time":1765.951973413,"data":"[defocus_blur-s3] Processed 3328/5000 images\n"}
,{"stream_name":"stdout","time":1768.853834513,"data":"[defocus_blur-s3] Processed 3360/5000 images\n"}
,{"stream_name":"stdout","time":1771.737396976,"data":"[defocus_blur-s3] Processed 3392/5000 images\n"}
,{"stream_name":"stdout","time":1774.601351538,"data":"[defocus_blur-s3] Processed 3424/5000 images\n"}
,{"stream_name":"stdout","time":1777.568595276,"data":"[defocus_blur-s3] Processed 3456/5000 images\n"}
,{"stream_name":"stdout","time":1780.575780074,"data":"[defocus_blur-s3] Processed 3488/5000 images\n"}
,{"stream_name":"stdout","time":1783.473810333,"data":"[defocus_blur-s3] Processed 3520/5000 images\n"}
,{"stream_name":"stdout","time":1786.342437952,"data":"[defocus_blur-s3] Processed 3552/5000 images\n"}
,{"stream_name":"stdout","time":1789.224679344,"data":"[defocus_blur-s3] Processed 3584/5000 images\n"}
,{"stream_name":"stdout","time":1792.122501416,"data":"[defocus_blur-s3] Processed 3616/5000 images\n"}
,{"stream_name":"stdout","time":1795.026340481,"data":"[defocus_blur-s3] Processed 3648/5000 images\n"}
,{"stream_name":"stdout","time":1797.898071377,"data":"[defocus_blur-s3] Processed 3680/5000 images\n"}
,{"stream_name":"stdout","time":1800.791814713,"data":"[defocus_blur-s3] Processed 3712/5000 images\n"}
,{"stream_name":"stdout","time":1803.697786961,"data":"[defocus_blur-s3] Processed 3744/5000 images\n"}
,{"stream_name":"stdout","time":1806.574654274,"data":"[defocus_blur-s3] Processed 3776/5000 images\n"}
,{"stream_name":"stdout","time":1809.460133478,"data":"[defocus_blur-s3] Processed 3808/5000 images\n"}
,{"stream_name":"stdout","time":1812.338111718,"data":"[defocus_blur-s3] Processed 3840/5000 images\n"}
,{"stream_name":"stdout","time":1815.281066532,"data":"[defocus_blur-s3] Processed 3872/5000 images\n"}
,{"stream_name":"stdout","time":1818.207250246,"data":"[defocus_blur-s3] Processed 3904/5000 images\n"}
,{"stream_name":"stdout","time":1821.113819096,"data":"[defocus_blur-s3] Processed 3936/5000 images\n"}
,{"stream_name":"stdout","time":1824.011640495,"data":"[defocus_blur-s3] Processed 3968/5000 images\n"}
,{"stream_name":"stdout","time":1826.902730718,"data":"[defocus_blur-s3] Processed 4000/5000 images\n"}
,{"stream_name":"stdout","time":1829.783433445,"data":"[defocus_blur-s3] Processed 4032/5000 images\n"}
,{"stream_name":"stdout","time":1832.747964827,"data":"[defocus_blur-s3] Processed 4064/5000 images\n"}
,{"stream_name":"stdout","time":1835.653174107,"data":"[defocus_blur-s3] Processed 4096/5000 images\n"}
,{"stream_name":"stdout","time":1838.553173528,"data":"[defocus_blur-s3] Processed 4128/5000 images\n"}
,{"stream_name":"stdout","time":1841.456163841,"data":"[defocus_blur-s3] Processed 4160/5000 images\n"}
,{"stream_name":"stdout","time":1844.401173878,"data":"[defocus_blur-s3] Processed 4192/5000 images\n"}
,{"stream_name":"stdout","time":1847.329279624,"data":"[defocus_blur-s3] Processed 4224/5000 images\n"}
,{"stream_name":"stdout","time":1850.26130094,"data":"[defocus_blur-s3] Processed 4256/5000 images\n"}
,{"stream_name":"stdout","time":1853.220213521,"data":"[defocus_blur-s3] Processed 4288/5000 images\n"}
,{"stream_name":"stdout","time":1856.093086354,"data":"[defocus_blur-s3] Processed 4320/5000 images\n"}
,{"stream_name":"stdout","time":1859.063582649,"data":"[defocus_blur-s3] Processed 4352/5000 images\n"}
,{"stream_name":"stdout","time":1861.995659207,"data":"[defocus_blur-s3] Processed 4384/5000 images\n"}
,{"stream_name":"stdout","time":1864.899168991,"data":"[defocus_blur-s3] Processed 4416/5000 images\n"}
,{"stream_name":"stdout","time":1867.820468115,"data":"[defocus_blur-s3] Processed 4448/5000 images\n"}
,{"stream_name":"stdout","time":1870.779668802,"data":"[defocus_blur-s3] Processed 4480/5000 images\n"}
,{"stream_name":"stdout","time":1873.704792078,"data":"[defocus_blur-s3] Processed 4512/5000 images\n"}
,{"stream_name":"stdout","time":1876.668327773,"data":"[defocus_blur-s3] Processed 4544/5000 images\n"}
,{"stream_name":"stdout","time":1879.567804546,"data":"[defocus_blur-s3] Processed 4576/5000 images\n"}
,{"stream_name":"stdout","time":1882.480839132,"data":"[defocus_blur-s3] Processed 4608/5000 images\n"}
,{"stream_name":"stdout","time":1885.394322006,"data":"[defocus_blur-s3] Processed 4640/5000 images\n"}
,{"stream_name":"stdout","time":1888.273776592,"data":"[defocus_blur-s3] Processed 4672/5000 images\n"}
,{"stream_name":"stdout","time":1891.214245603,"data":"[defocus_blur-s3] Processed 4704/5000 images\n"}
,{"stream_name":"stdout","time":1894.097834339,"data":"[defocus_blur-s3] Processed 4736/5000 images\n"}
,{"stream_name":"stdout","time":1897.001288929,"data":"[defocus_blur-s3] Processed 4768/5000 images\n"}
,{"stream_name":"stdout","time":1899.901155162,"data":"[defocus_blur-s3] Processed 4800/5000 images\n"}
,{"stream_name":"stdout","time":1902.86770354,"data":"[defocus_blur-s3] Processed 4832/5000 images\n"}
,{"stream_name":"stdout","time":1905.742481863,"data":"[defocus_blur-s3] Processed 4864/5000 images\n"}
,{"stream_name":"stdout","time":1908.647091603,"data":"[defocus_blur-s3] Processed 4896/5000 images\n"}
,{"stream_name":"stdout","time":1911.551221202,"data":"[defocus_blur-s3] Processed 4928/5000 images\n"}
,{"stream_name":"stdout","time":1914.493697817,"data":"[defocus_blur-s3] Processed 4960/5000 images\n"}
,{"stream_name":"stdout","time":1917.437793579,"data":"[defocus_blur-s3] Processed 4992/5000 images\n"}
,{"stream_name":"stdout","time":1918.321530677,"data":"[defocus_blur-s3] Processed 5000/5000 images\n"}
,{"stream_name":"stdout","time":1918.408064936,"data":"Saved stage shard /kaggle/working/shards/shard_tome_matched_defocus_blur_3.parquet (30000 rows)\n"}
,{"stream_name":"stdout","time":1918.644451574,"data":"\n"}
,{"stream_name":"stdout","time":1918.644490164,"data":"=== Consolidating All Shards into Final Dataset ===\n"}
,{"stream_name":"stdout","time":1918.84568427,"data":"Final dataset saved to /kaggle/working/shard_tome_matched.parquet (120000 rows)\n"}
,{"stream_name":"stdout","time":1918.874943453,"data":"Wrote run metadata to /kaggle/working/run_meta.json\n"}
,{"stream_name":"stdout","time":1918.880131566,"data":"K12-ToMe-Matched finished in 1894.8s\n"}
,{"stream_name":"stderr","time":1924.621998352,"data":"/usr/local/lib/python3.13/dist-packages/mistune.py:435: SyntaxWarning: invalid escape sequence '\\|'\n"}
,{"stream_name":"stderr","time":1924.622027784,"data":"  cells[i][c] = re.sub('\\\\\\\\\\|', '|', cell)\n"}
,{"stream_name":"stderr","time":1924.857062853,"data":"/usr/local/lib/python3.13/dist-packages/nbconvert/filters/filter_links.py:36: SyntaxWarning: invalid escape sequence '\\_'\n"}
,{"stream_name":"stderr","time":1924.857085774,"data":"  text = re.sub(r'_', '\\_', text) # Escape underscores in display text\n"}
,{"stream_name":"stderr","time":1925.678769765,"data":"[NbConvertApp] Converting notebook __script__.ipynb to html\n"}
,{"stream_name":"stderr","time":1926.635616367,"data":"[NbConvertApp] Writing 346721 bytes to __results__.html\n"}
]