[{"stream_name":"stdout","time":7.153682595,"data":"Added knobs to sys.path from: /kaggle/input/datasets/anshulsingh45/knobs-code/src\n"}
,{"stream_name":"stdout","time":16.295611878,"data":"=== Launching K9-FreqNoise-v2 Kernel ===\n"}
,{"stream_name":"stdout","time":16.780750555,"data":"Loaded 2000 MECH image IDs\n"}
,{"stream_name":"stdout","time":16.792367703,"data":"=== Initializing Model Instances on cuda:0 ===\n"}
,{"stream_name":"stderr","time":18.527941592,"data":"Warning: You are sending unauthenticated requests to the HF Hub. Please set a HF_TOKEN to enable higher rate limits and faster downloads.\n"}
,{"stream_name":"stdout","time":45.454527961,"data":"\n"}
,{"stream_name":"stdout","time":45.454574588,"data":"--- Running Stage: clean (sev=0) ---\n"}
,{"stream_name":"stdout","time":67.237351061,"data":"[clean-s0] Processed 32/2000 images\n"}
,{"stream_name":"stdout","time":70.696212293,"data":"[clean-s0] Processed 64/2000 images\n"}
,{"stream_name":"stdout","time":74.043156612,"data":"[clean-s0] Processed 96/2000 images\n"}
,{"stream_name":"stdout","time":77.385026628,"data":"[clean-s0] Processed 128/2000 images\n"}
,{"stream_name":"stdout","time":80.743394009,"data":"[clean-s0] Processed 160/2000 images\n"}
,{"stream_name":"stdout","time":84.077751039,"data":"[clean-s0] Processed 192/2000 images\n"}
,{"stream_name":"stdout","time":87.517515565,"data":"[clean-s0] Processed 224/2000 images\n"}
,{"stream_name":"stdout","time":90.887903034,"data":"[clean-s0] Processed 256/2000 images\n"}
,{"stream_name":"stdout","time":94.297511726,"data":"[clean-s0] Processed 288/2000 images\n"}
,{"stream_name":"stdout","time":97.708802458,"data":"[clean-s0] Processed 320/2000 images\n"}
,{"stream_name":"stdout","time":101.120827583,"data":"[clean-s0] Processed 352/2000 images\n"}
,{"stream_name":"stdout","time":104.599009436,"data":"[clean-s0] Processed 384/2000 images\n"}
,{"stream_name":"stdout","time":108.122602914,"data":"[clean-s0] Processed 416/2000 images\n"}
,{"stream_name":"stdout","time":111.668352354,"data":"[clean-s0] Processed 448/2000 images\n"}
,{"stream_name":"stdout","time":115.279572734,"data":"[clean-s0] Processed 480/2000 images\n"}
,{"stream_name":"stdout","time":118.996358267,"data":"[clean-s0] Processed 512/2000 images\n"}
,{"stream_name":"stdout","time":122.690682068,"data":"[clean-s0] Processed 544/2000 images\n"}
,{"stream_name":"stdout","time":126.40984211,"data":"[clean-s0] Processed 576/2000 images\n"}
,{"stream_name":"stdout","time":130.01631649,"data":"[clean-s0] Processed 608/2000 images\n"}
,{"stream_name":"stdout","time":133.750449422,"data":"[clean-s0] Processed 640/2000 images\n"}
,{"stream_name":"stdout","time":137.397636852,"data":"[clean-s0] Processed 672/2000 images\n"}
,{"stream_name":"stdout","time":141.048900166,"data":"[clean-s0] Processed 704/2000 images\n"}
,{"stream_name":"stdout","time":144.771804737,"data":"[clean-s0] Processed 736/2000 images\n"}
,{"stream_name":"stdout","time":148.504758277,"data":"[clean-s0] Processed 768/2000 images\n"}
,{"stream_name":"stdout","time":152.37807232,"data":"[clean-s0] Processed 800/2000 images\n"}
,{"stream_name":"stdout","time":156.237958989,"data":"[clean-s0] Processed 832/2000 images\n"}
,{"stream_name":"stdout","time":160.049254599,"data":"[clean-s0] Processed 864/2000 images\n"}
,{"stream_name":"stdout","time":163.953190044,"data":"[clean-s0] Processed 896/2000 images\n"}
,{"stream_name":"stdout","time":167.889490839,"data":"[clean-s0] Processed 928/2000 images\n"}
,{"stream_name":"stdout","time":171.81069635,"data":"[clean-s0] Processed 960/2000 images\n"}
,{"stream_name":"stdout","time":175.682645728,"data":"[clean-s0] Processed 992/2000 images\n"}
,{"stream_name":"stdout","time":179.483236686,"data":"[clean-s0] Processed 1024/2000 images\n"}
,{"stream_name":"stdout","time":183.382772303,"data":"[clean-s0] Processed 1056/2000 images\n"}
,{"stream_name":"stdout","time":187.064424607,"data":"[clean-s0] Processed 1088/2000 images\n"}
,{"stream_name":"stdout","time":190.876291837,"data":"[clean-s0] Processed 1120/2000 images\n"}
,{"stream_name":"stdout","time":194.535430673,"data":"[clean-s0] Processed 1152/2000 images\n"}
,{"stream_name":"stdout","time":198.198167259,"data":"[clean-s0] Processed 1184/2000 images\n"}
,{"stream_name":"stdout","time":201.847140726,"data":"[clean-s0] Processed 1216/2000 images\n"}
,{"stream_name":"stdout","time":205.532098865,"data":"[clean-s0] Processed 1248/2000 images\n"}
,{"stream_name":"stdout","time":209.128170354,"data":"[clean-s0] Processed 1280/2000 images\n"}
,{"stream_name":"stdout","time":212.764088264,"data":"[clean-s0] Processed 1312/2000 images\n"}
,{"stream_name":"stdout","time":216.426321486,"data":"[clean-s0] Processed 1344/2000 images\n"}
,{"stream_name":"stdout","time":220.043106367,"data":"[clean-s0] Processed 1376/2000 images\n"}
,{"stream_name":"stdout","time":223.712383358,"data":"[clean-s0] Processed 1408/2000 images\n"}
,{"stream_name":"stdout","time":227.375800713,"data":"[clean-s0] Processed 1440/2000 images\n"}
,{"stream_name":"stdout","time":231.126948997,"data":"[clean-s0] Processed 1472/2000 images\n"}
,{"stream_name":"stdout","time":234.863811636,"data":"[clean-s0] Processed 1504/2000 images\n"}
,{"stream_name":"stdout","time":238.591684107,"data":"[clean-s0] Processed 1536/2000 images\n"}
,{"stream_name":"stdout","time":242.321414086,"data":"[clean-s0] Processed 1568/2000 images\n"}
,{"stream_name":"stdout","time":246.052348441,"data":"[clean-s0] Processed 1600/2000 images\n"}
,{"stream_name":"stdout","time":249.866070933,"data":"[clean-s0] Processed 1632/2000 images\n"}
,{"stream_name":"stdout","time":253.614706699,"data":"[clean-s0] Processed 1664/2000 images\n"}
,{"stream_name":"stdout","time":257.349324997,"data":"[clean-s0] Processed 1696/2000 images\n"}
,{"stream_name":"stdout","time":261.183491426,"data":"[clean-s0] Processed 1728/2000 images\n"}
,{"stream_name":"stdout","time":264.992802148,"data":"[clean-s0] Processed 1760/2000 images\n"}
,{"stream_name":"stdout","time":268.762594605,"data":"[clean-s0] Processed 1792/2000 images\n"}
,{"stream_name":"stdout","time":272.447191892,"data":"[clean-s0] Processed 1824/2000 images\n"}
,{"stream_name":"stdout","time":276.116447781,"data":"[clean-s0] Processed 1856/2000 images\n"}
,{"stream_name":"stdout","time":279.806787373,"data":"[clean-s0] Processed 1888/2000 images\n"}
,{"stream_name":"stdout","time":283.529636481,"data":"[clean-s0] Processed 1920/2000 images\n"}
,{"stream_name":"stdout","time":287.21142146,"data":"[clean-s0] Processed 1952/2000 images\n"}
,{"stream_name":"stdout","time":290.883465129,"data":"[clean-s0] Processed 1984/2000 images\n"}
,{"stream_name":"stdout","time":310.134600361,"data":"[clean-s0] Processed 2000/2000 images\n"}
,{"stream_name":"stdout","time":310.310174567,"data":"Saved stage shard /kaggle/working/shards/shard_freqnoise_v2_clean_0.parquet (32000 rows)\n"}
,{"stream_name":"stdout","time":310.549214255,"data":"\n"}
,{"stream_name":"stdout","time":310.549247518,"data":"--- Running Stage: freq_low (sev=3) ---\n"}
,{"stream_name":"stdout","time":315.53611382,"data":"[freq_low-s3] Processed 32/2000 images\n"}
,{"stream_name":"stdout","time":320.581678282,"data":"[freq_low-s3] Processed 64/2000 images\n"}
,{"stream_name":"stdout","time":325.666621863,"data":"[freq_low-s3] Processed 96/2000 images\n"}
,{"stream_name":"stdout","time":330.75281283,"data":"[freq_low-s3] Processed 128/2000 images\n"}
,{"stream_name":"stdout","time":335.85976849,"data":"[freq_low-s3] Processed 160/2000 images\n"}
,{"stream_name":"stdout","time":340.938772469,"data":"[freq_low-s3] Processed 192/2000 images\n"}
,{"stream_name":"stdout","time":346.143896916,"data":"[freq_low-s3] Processed 224/2000 images\n"}
,{"stream_name":"stdout","time":351.318998297,"data":"[freq_low-s3] Processed 256/2000 images\n"}
,{"stream_name":"stdout","time":356.57053201,"data":"[freq_low-s3] Processed 288/2000 images\n"}
,{"stream_name":"stdout","time":361.779540557,"data":"[freq_low-s3] Processed 320/2000 images\n"}
,{"stream_name":"stdout","time":367.034119527,"data":"[freq_low-s3] Processed 352/2000 images\n"}
,{"stream_name":"stdout","time":372.196380339,"data":"[freq_low-s3] Processed 384/2000 images\n"}
,{"stream_name":"stdout","time":377.317654351,"data":"[freq_low-s3] Processed 416/2000 images\n"}
,{"stream_name":"stdout","time":382.415387581,"data":"[freq_low-s3] Processed 448/2000 images\n"}
,{"stream_name":"stdout","time":387.443163524,"data":"[freq_low-s3] Processed 480/2000 images\n"}
,{"stream_name":"stdout","time":392.489220246,"data":"[freq_low-s3] Processed 512/2000 images\n"}
,{"stream_name":"stdout","time":397.521862681,"data":"[freq_low-s3] Processed 544/2000 images\n"}
,{"stream_name":"stdout","time":402.579464899,"data":"[freq_low-s3] Processed 576/2000 images\n"}
,{"stream_name":"stdout","time":407.570060972,"data":"[freq_low-s3] Processed 608/2000 images\n"}
,{"stream_name":"stdout","time":412.583612413,"data":"[freq_low-s3] Processed 640/2000 images\n"}
,{"stream_name":"stdout","time":417.604047241,"data":"[freq_low-s3] Processed 672/2000 images\n"}
,{"stream_name":"stdout","time":422.639956514,"data":"[freq_low-s3] Processed 704/2000 images\n"}
,{"stream_name":"stdout","time":427.701199902,"data":"[freq_low-s3] Processed 736/2000 images\n"}
,{"stream_name":"stdout","time":432.849143749,"data":"[freq_low-s3] Processed 768/2000 images\n"}
,{"stream_name":"stdout","time":438.020851644,"data":"[freq_low-s3] Processed 800/2000 images\n"}
,{"stream_name":"stdout","time":443.1843404,"data":"[freq_low-s3] Processed 832/2000 images\n"}
,{"stream_name":"stdout","time":448.387463221,"data":"[freq_low-s3] Processed 864/2000 images\n"}
,{"stream_name":"stdout","time":453.546278589,"data":"[freq_low-s3] Processed 896/2000 images\n"}
,{"stream_name":"stdout","time":458.752476217,"data":"[freq_low-s3] Processed 928/2000 images\n"}
,{"stream_name":"stdout","time":463.901172062,"data":"[freq_low-s3] Processed 960/2000 images\n"}
,{"stream_name":"stdout","time":469.002907757,"data":"[freq_low-s3] Processed 992/2000 images\n"}
,{"stream_name":"stdout","time":474.105891338,"data":"[freq_low-s3] Processed 1024/2000 images\n"}
,{"stream_name":"stdout","time":479.162884028,"data":"[freq_low-s3] Processed 1056/2000 images\n"}
,{"stream_name":"stdout","time":484.164325549,"data":"[freq_low-s3] Processed 1088/2000 images\n"}
,{"stream_name":"stdout","time":489.222432725,"data":"[freq_low-s3] Processed 1120/2000 images\n"}
,{"stream_name":"stdout","time":494.244082848,"data":"[freq_low-s3] Processed 1152/2000 images\n"}
,{"stream_name":"stdout","time":499.260442216,"data":"[freq_low-s3] Processed 1184/2000 images\n"}
,{"stream_name":"stdout","time":504.316591416,"data":"[freq_low-s3] Processed 1216/2000 images\n"}
,{"stream_name":"stdout","time":509.411794073,"data":"[freq_low-s3] Processed 1248/2000 images\n"}
,{"stream_name":"stdout","time":514.523526607,"data":"[freq_low-s3] Processed 1280/2000 images\n"}
,{"stream_name":"stdout","time":519.6326824,"data":"[freq_low-s3] Processed 1312/2000 images\n"}
,{"stream_name":"stdout","time":524.805346321,"data":"[freq_low-s3] Processed 1344/2000 images\n"}
,{"stream_name":"stdout","time":529.89810252,"data":"[freq_low-s3] Processed 1376/2000 images\n"}
,{"stream_name":"stdout","time":534.969541052,"data":"[freq_low-s3] Processed 1408/2000 images\n"}
,{"stream_name":"stdout","time":540.066652148,"data":"[freq_low-s3] Processed 1440/2000 images\n"}
,{"stream_name":"stdout","time":545.185198998,"data":"[freq_low-s3] Processed 1472/2000 images\n"}
,{"stream_name":"stdout","time":550.240166559,"data":"[freq_low-s3] Processed 1504/2000 images\n"}
,{"stream_name":"stdout","time":555.353271607,"data":"[freq_low-s3] Processed 1536/2000 images\n"}
,{"stream_name":"stdout","time":560.428387471,"data":"[freq_low-s3] Processed 1568/2000 images\n"}
,{"stream_name":"stdout","time":565.491692802,"data":"[freq_low-s3] Processed 1600/2000 images\n"}
,{"stream_name":"stdout","time":570.569095164,"data":"[freq_low-s3] Processed 1632/2000 images\n"}
,{"stream_name":"stdout","time":575.647259359,"data":"[freq_low-s3] Processed 1664/2000 images\n"}
,{"stream_name":"stdout","time":580.73016088,"data":"[freq_low-s3] Processed 1696/2000 images\n"}
,{"stream_name":"stdout","time":585.888099225,"data":"[freq_low-s3] Processed 1728/2000 images\n"}
,{"stream_name":"stdout","time":590.977978203,"data":"[freq_low-s3] Processed 1760/2000 images\n"}
,{"stream_name":"stdout","time":596.111049421,"data":"[freq_low-s3] Processed 1792/2000 images\n"}
,{"stream_name":"stdout","time":601.202764818,"data":"[freq_low-s3] Processed 1824/2000 images\n"}
,{"stream_name":"stdout","time":606.338143921,"data":"[freq_low-s3] Processed 1856/2000 images\n"}
,{"stream_name":"stdout","time":611.41090177,"data":"[freq_low-s3] Processed 1888/2000 images\n"}
,{"stream_name":"stdout","time":616.555900868,"data":"[freq_low-s3] Processed 1920/2000 images\n"}
,{"stream_name":"stdout","time":621.585446017,"data":"[freq_low-s3] Processed 1952/2000 images\n"}
,{"stream_name":"stdout","time":626.706470407,"data":"[freq_low-s3] Processed 1984/2000 images\n"}
,{"stream_name":"stdout","time":629.370559033,"data":"[freq_low-s3] Processed 2000/2000 images\n"}
,{"stream_name":"stdout","time":629.455450361,"data":"Saved stage shard /kaggle/working/shards/shard_freqnoise_v2_freq_low_3.parquet (32000 rows)\n"}
,{"stream_name":"stdout","time":629.693608759,"data":"\n"}
,{"stream_name":"stdout","time":629.693645302,"data":"--- Running Stage: freq_low (sev=5) ---\n"}
,{"stream_name":"stdout","time":634.786820804,"data":"[freq_low-s5] Processed 32/2000 images\n"}
,{"stream_name":"stdout","time":639.898913578,"data":"[freq_low-s5] Processed 64/2000 images\n"}
,{"stream_name":"stdout","time":644.96713815,"data":"[freq_low-s5] Processed 96/2000 images\n"}
,{"stream_name":"stdout","time":650.053950847,"data":"[freq_low-s5] Processed 128/2000 images\n"}
,{"stream_name":"stdout","time":655.18832623,"data":"[freq_low-s5] Processed 160/2000 images\n"}
,{"stream_name":"stdout","time":660.305110508,"data":"[freq_low-s5] Processed 192/2000 images\n"}
,{"stream_name":"stdout","time":665.446700911,"data":"[freq_low-s5] Processed 224/2000 images\n"}
,{"stream_name":"stdout","time":670.572813842,"data":"[freq_low-s5] Processed 256/2000 images\n"}
,{"stream_name":"stdout","time":675.749674243,"data":"[freq_low-s5] Processed 288/2000 images\n"}
,{"stream_name":"stdout","time":680.857438742,"data":"[freq_low-s5] Processed 320/2000 images\n"}
,{"stream_name":"stdout","time":686.020074051,"data":"[freq_low-s5] Processed 352/2000 images\n"}
,{"stream_name":"stdout","time":691.1299222,"data":"[freq_low-s5] Processed 384/2000 images\n"}
,{"stream_name":"stdout","time":696.241417346,"data":"[freq_low-s5] Processed 416/2000 images\n"}
,{"stream_name":"stdout","time":701.350507613,"data":"[freq_low-s5] Processed 448/2000 images\n"}
,{"stream_name":"stdout","time":706.452092047,"data":"[freq_low-s5] Processed 480/2000 images\n"}
,{"stream_name":"stdout","time":711.487428807,"data":"[freq_low-s5] Processed 512/2000 images\n"}
,{"stream_name":"stdout","time":716.665319473,"data":"[freq_low-s5] Processed 544/2000 images\n"}
,{"stream_name":"stdout","time":721.855621724,"data":"[freq_low-s5] Processed 576/2000 images\n"}
,{"stream_name":"stdout","time":726.971741006,"data":"[freq_low-s5] Processed 608/2000 images\n"}
,{"stream_name":"stdout","time":732.027062849,"data":"[freq_low-s5] Processed 640/2000 images\n"}
,{"stream_name":"stdout","time":737.119911476,"data":"[freq_low-s5] Processed 672/2000 images\n"}
,{"stream_name":"stdout","time":742.168115556,"data":"[freq_low-s5] Processed 704/2000 images\n"}
,{"stream_name":"stdout","time":747.332881041,"data":"[freq_low-s5] Processed 736/2000 images\n"}
,{"stream_name":"stdout","time":752.491897612,"data":"[freq_low-s5] Processed 768/2000 images\n"}
,{"stream_name":"stdout","time":757.659496626,"data":"[freq_low-s5] Processed 800/2000 images\n"}
,{"stream_name":"stdout","time":762.743685495,"data":"[freq_low-s5] Processed 832/2000 images\n"}
,{"stream_name":"stdout","time":767.855055884,"data":"[freq_low-s5] Processed 864/2000 images\n"}
,{"stream_name":"stdout","time":772.98760162,"data":"[freq_low-s5] Processed 896/2000 images\n"}
,{"stream_name":"stdout","time":778.106438912,"data":"[freq_low-s5] Processed 928/2000 images\n"}
,{"stream_name":"stdout","time":783.190219206,"data":"[freq_low-s5] Processed 960/2000 images\n"}
,{"stream_name":"stdout","time":788.311324286,"data":"[freq_low-s5] Processed 992/2000 images\n"}
,{"stream_name":"stdout","time":793.394232646,"data":"[freq_low-s5] Processed 1024/2000 images\n"}
,{"stream_name":"stdout","time":798.486488376,"data":"[freq_low-s5] Processed 1056/2000 images\n"}
,{"stream_name":"stdout","time":803.547751713,"data":"[freq_low-s5] Processed 1088/2000 images\n"}
,{"stream_name":"stdout","time":808.642326894,"data":"[freq_low-s5] Processed 1120/2000 images\n"}
,{"stream_name":"stdout","time":813.751951864,"data":"[freq_low-s5] Processed 1152/2000 images\n"}
,{"stream_name":"stdout","time":818.870415887,"data":"[freq_low-s5] Processed 1184/2000 images\n"}
,{"stream_name":"stdout","time":823.997788537,"data":"[freq_low-s5] Processed 1216/2000 images\n"}
,{"stream_name":"stdout","time":829.094024001,"data":"[freq_low-s5] Processed 1248/2000 images\n"}
,{"stream_name":"stdout","time":834.175486288,"data":"[freq_low-s5] Processed 1280/2000 images\n"}
,{"stream_name":"stdout","time":839.268340171,"data":"[freq_low-s5] Processed 1312/2000 images\n"}
,{"stream_name":"stdout","time":844.34774333,"data":"[freq_low-s5] Processed 1344/2000 images\n"}
,{"stream_name":"stdout","time":849.440471132,"data":"[freq_low-s5] Processed 1376/2000 images\n"}
,{"stream_name":"stdout","time":854.576767275,"data":"[freq_low-s5] Processed 1408/2000 images\n"}
,{"stream_name":"stdout","time":859.651613727,"data":"[freq_low-s5] Processed 1440/2000 images\n"}
,{"stream_name":"stdout","time":864.767200069,"data":"[freq_low-s5] Processed 1472/2000 images\n"}
,{"stream_name":"stdout","time":869.854864577,"data":"[freq_low-s5] Processed 1504/2000 images\n"}
,{"stream_name":"stdout","time":874.95280336,"data":"[freq_low-s5] Processed 1536/2000 images\n"}
,{"stream_name":"stdout","time":880.005584284,"data":"[freq_low-s5] Processed 1568/2000 images\n"}
,{"stream_name":"stdout","time":885.064185638,"data":"[freq_low-s5] Processed 1600/2000 images\n"}
,{"stream_name":"stdout","time":890.149706984,"data":"[freq_low-s5] Processed 1632/2000 images\n"}
,{"stream_name":"stdout","time":895.198699165,"data":"[freq_low-s5] Processed 1664/2000 images\n"}
,{"stream_name":"stdout","time":900.304010847,"data":"[freq_low-s5] Processed 1696/2000 images\n"}
,{"stream_name":"stdout","time":905.462968679,"data":"[freq_low-s5] Processed 1728/2000 images\n"}
,{"stream_name":"stdout","time":910.535771096,"data":"[freq_low-s5] Processed 1760/2000 images\n"}
,{"stream_name":"stdout","time":915.668208138,"data":"[freq_low-s5] Processed 1792/2000 images\n"}
,{"stream_name":"stdout","time":920.753563782,"data":"[freq_low-s5] Processed 1824/2000 images\n"}
,{"stream_name":"stdout","time":925.853082071,"data":"[freq_low-s5] Processed 1856/2000 images\n"}
,{"stream_name":"stdout","time":930.974458178,"data":"[freq_low-s5] Processed 1888/2000 images\n"}
,{"stream_name":"stdout","time":936.111211991,"data":"[freq_low-s5] Processed 1920/2000 images\n"}
,{"stream_name":"stdout","time":941.183099936,"data":"[freq_low-s5] Processed 1952/2000 images\n"}
,{"stream_name":"stdout","time":946.319080719,"data":"[freq_low-s5] Processed 1984/2000 images\n"}
,{"stream_name":"stdout","time":948.982318214,"data":"[freq_low-s5] Processed 2000/2000 images\n"}
,{"stream_name":"stdout","time":949.064354624,"data":"Saved stage shard /kaggle/working/shards/shard_freqnoise_v2_freq_low_5.parquet (32000 rows)\n"}
,{"stream_name":"stdout","time":949.298246523,"data":"\n"}
,{"stream_name":"stdout","time":949.298280602,"data":"--- Running Stage: freq_mid (sev=3) ---\n"}
,{"stream_name":"stdout","time":954.390941267,"data":"[freq_mid-s3] Processed 32/2000 images\n"}
,{"stream_name":"stdout","time":959.496426955,"data":"[freq_mid-s3] Processed 64/2000 images\n"}
,{"stream_name":"stdout","time":964.54731134,"data":"[freq_mid-s3] Processed 96/2000 images\n"}
,{"stream_name":"stdout","time":969.718547826,"data":"[freq_mid-s3] Processed 128/2000 images\n"}
,{"stream_name":"stdout","time":974.787538974,"data":"[freq_mid-s3] Processed 160/2000 images\n"}
,{"stream_name":"stdout","time":979.864316659,"data":"[freq_mid-s3] Processed 192/2000 images\n"}
,{"stream_name":"stdout","time":984.923321176,"data":"[freq_mid-s3] Processed 224/2000 images\n"}
,{"stream_name":"stdout","time":990.063429526,"data":"[freq_mid-s3] Processed 256/2000 images\n"}
,{"stream_name":"stdout","time":995.154506691,"data":"[freq_mid-s3] Processed 288/2000 images\n"}
,{"stream_name":"stdout","time":1000.224395145,"data":"[freq_mid-s3] Processed 320/2000 images\n"}
,{"stream_name":"stdout","time":1005.301486149,"data":"[freq_mid-s3] Processed 352/2000 images\n"}
,{"stream_name":"stdout","time":1010.397265678,"data":"[freq_mid-s3] Processed 384/2000 images\n"}
,{"stream_name":"stdout","time":1015.522286604,"data":"[freq_mid-s3] Processed 416/2000 images\n"}
,{"stream_name":"stdout","time":1020.628523287,"data":"[freq_mid-s3] Processed 448/2000 images\n"}
,{"stream_name":"stdout","time":1025.742041803,"data":"[freq_mid-s3] Processed 480/2000 images\n"}
,{"stream_name":"stdout","time":1030.805350477,"data":"[freq_mid-s3] Processed 512/2000 images\n"}
,{"stream_name":"stdout","time":1035.954870448,"data":"[freq_mid-s3] Processed 544/2000 images\n"}
,{"stream_name":"stdout","time":1041.113467059,"data":"[freq_mid-s3] Processed 576/2000 images\n"}
,{"stream_name":"stdout","time":1046.172264719,"data":"[freq_mid-s3] Processed 608/2000 images\n"}
,{"stream_name":"stdout","time":1051.252422022,"data":"[freq_mid-s3] Processed 640/2000 images\n"}
,{"stream_name":"stdout","time":1056.355815401,"data":"[freq_mid-s3] Processed 672/2000 images\n"}
,{"stream_name":"stdout","time":1061.469526048,"data":"[freq_mid-s3] Processed 704/2000 images\n"}
,{"stream_name":"stdout","time":1066.560678493,"data":"[freq_mid-s3] Processed 736/2000 images\n"}
,{"stream_name":"stdout","time":1071.66995212,"data":"[freq_mid-s3] Processed 768/2000 images\n"}
,{"stream_name":"stdout","time":1076.80213672,"data":"[freq_mid-s3] Processed 800/2000 images\n"}
,{"stream_name":"stdout","time":1081.85515973,"data":"[freq_mid-s3] Processed 832/2000 images\n"}
,{"stream_name":"stdout","time":1086.951004468,"data":"[freq_mid-s3] Processed 864/2000 images\n"}
,{"stream_name":"stdout","time":1092.063106762,"data":"[freq_mid-s3] Processed 896/2000 images\n"}
,{"stream_name":"stdout","time":1097.20576124,"data":"[freq_mid-s3] Processed 928/2000 images\n"}
,{"stream_name":"stdout","time":1102.256916238,"data":"[freq_mid-s3] Processed 960/2000 images\n"}
,{"stream_name":"stdout","time":1107.366162549,"data":"[freq_mid-s3] Processed 992/2000 images\n"}
,{"stream_name":"stdout","time":1112.459153577,"data":"[freq_mid-s3] Processed 1024/2000 images\n"}
,{"stream_name":"stdout","time":1117.539630532,"data":"[freq_mid-s3] Processed 1056/2000 images\n"}
,{"stream_name":"stdout","time":1122.614550972,"data":"[freq_mid-s3] Processed 1088/2000 images\n"}
,{"stream_name":"stdout","time":1127.733129787,"data":"[freq_mid-s3] Processed 1120/2000 images\n"}
,{"stream_name":"stdout","time":1132.826810123,"data":"[freq_mid-s3] Processed 1152/2000 images\n"}
,{"stream_name":"stdout","time":1137.888937645,"data":"[freq_mid-s3] Processed 1184/2000 images\n"}
,{"stream_name":"stdout","time":1142.935605582,"data":"[freq_mid-s3] Processed 1216/2000 images\n"}
,{"stream_name":"stdout","time":1147.981358055,"data":"[freq_mid-s3] Processed 1248/2000 images\n"}
,{"stream_name":"stdout","time":1153.079031631,"data":"[freq_mid-s3] Processed 1280/2000 images\n"}
,{"stream_name":"stdout","time":1158.135471223,"data":"[freq_mid-s3] Processed 1312/2000 images\n"}
,{"stream_name":"stdout","time":1163.207854772,"data":"[freq_mid-s3] Processed 1344/2000 images\n"}
,{"stream_name":"stdout","time":1168.350445557,"data":"[freq_mid-s3] Processed 1376/2000 images\n"}
,{"stream_name":"stdout","time":1173.501474606,"data":"[freq_mid-s3] Processed 1408/2000 images\n"}
,{"stream_name":"stdout","time":1178.629395265,"data":"[freq_mid-s3] Processed 1440/2000 images\n"}
,{"stream_name":"stdout","time":1183.848640796,"data":"[freq_mid-s3] Processed 1472/2000 images\n"}
,{"stream_name":"stdout","time":1188.969579437,"data":"[freq_mid-s3] Processed 1504/2000 images\n"}
,{"stream_name":"stdout","time":1194.161809648,"data":"[freq_mid-s3] Processed 1536/2000 images\n"}
,{"stream_name":"stdout","time":1199.309478874,"data":"[freq_mid-s3] Processed 1568/2000 images\n"}
,{"stream_name":"stdout","time":1204.422559408,"data":"[freq_mid-s3] Processed 1600/2000 images\n"}
,{"stream_name":"stdout","time":1209.520584387,"data":"[freq_mid-s3] Processed 1632/2000 images\n"}
,{"stream_name":"stdout","time":1214.650468349,"data":"[freq_mid-s3] Processed 1664/2000 images\n"}
,{"stream_name":"stdout","time":1219.730969108,"data":"[freq_mid-s3] Processed 1696/2000 images\n"}
,{"stream_name":"stdout","time":1224.810048237,"data":"[freq_mid-s3] Processed 1728/2000 images\n"}
,{"stream_name":"stdout","time":1229.860559477,"data":"[freq_mid-s3] Processed 1760/2000 images\n"}
,{"stream_name":"stdout","time":1234.952763428,"data":"[freq_mid-s3] Processed 1792/2000 images\n"}
,{"stream_name":"stdout","time":1240.008496165,"data":"[freq_mid-s3] Processed 1824/2000 images\n"}
,{"stream_name":"stdout","time":1245.090731167,"data":"[freq_mid-s3] Processed 1856/2000 images\n"}
,{"stream_name":"stdout","time":1250.19280207,"data":"[freq_mid-s3] Processed 1888/2000 images\n"}
,{"stream_name":"stdout","time":1255.404433672,"data":"[freq_mid-s3] Processed 1920/2000 images\n"}
,{"stream_name":"stdout","time":1260.489193827,"data":"[freq_mid-s3] Processed 1952/2000 images\n"}
,{"stream_name":"stdout","time":1265.630827124,"data":"[freq_mid-s3] Processed 1984/2000 images\n"}
,{"stream_name":"stdout","time":1268.310002144,"data":"[freq_mid-s3] Processed 2000/2000 images\n"}
,{"stream_name":"stdout","time":1268.391672005,"data":"Saved stage shard /kaggle/working/shards/shard_freqnoise_v2_freq_mid_3.parquet (32000 rows)\n"}
,{"stream_name":"stdout","time":1268.633105064,"data":"\n"}
,{"stream_name":"stdout","time":1268.63314079,"data":"--- Running Stage: freq_mid (sev=5) ---\n"}
,{"stream_name":"stdout","time":1273.743645904,"data":"[freq_mid-s5] Processed 32/2000 images\n"}
,{"stream_name":"stdout","time":1278.884215429,"data":"[freq_mid-s5] Processed 64/2000 images\n"}
,{"stream_name":"stdout","time":1284.022114714,"data":"[freq_mid-s5] Processed 96/2000 images\n"}
,{"stream_name":"stdout","time":1289.118984753,"data":"[freq_mid-s5] Processed 128/2000 images\n"}
,{"stream_name":"stdout","time":1294.230702472,"data":"[freq_mid-s5] Processed 160/2000 images\n"}
,{"stream_name":"stdout","time":1299.335602928,"data":"[freq_mid-s5] Processed 192/2000 images\n"}
,{"stream_name":"stdout","time":1304.421189398,"data":"[freq_mid-s5] Processed 224/2000 images\n"}
,{"stream_name":"stdout","time":1309.519943238,"data":"[freq_mid-s5] Processed 256/2000 images\n"}
,{"stream_name":"stdout","time":1314.601878694,"data":"[freq_mid-s5] Processed 288/2000 images\n"}
,{"stream_name":"stdout","time":1319.708916708,"data":"[freq_mid-s5] Processed 320/2000 images\n"}
,{"stream_name":"stdout","time":1324.788630496,"data":"[freq_mid-s5] Processed 352/2000 images\n"}
,{"stream_name":"stdout","time":1329.888705138,"data":"[freq_mid-s5] Processed 384/2000 images\n"}
,{"stream_name":"stdout","time":1334.989220548,"data":"[freq_mid-s5] Processed 416/2000 images\n"}
,{"stream_name":"stdout","time":1340.094007754,"data":"[freq_mid-s5] Processed 448/2000 images\n"}
,{"stream_name":"stdout","time":1345.169852156,"data":"[freq_mid-s5] Processed 480/2000 images\n"}
,{"stream_name":"stdout","time":1350.284016204,"data":"[freq_mid-s5] Processed 512/2000 images\n"}
,{"stream_name":"stdout","time":1355.452993285,"data":"[freq_mid-s5] Processed 544/2000 images\n"}
,{"stream_name":"stdout","time":1360.618395126,"data":"[freq_mid-s5] Processed 576/2000 images\n"}
,{"stream_name":"stdout","time":1365.692074658,"data":"[freq_mid-s5] Processed 608/2000 images\n"}
,{"stream_name":"stdout","time":1370.76022044,"data":"[freq_mid-s5] Processed 640/2000 images\n"}
,{"stream_name":"stdout","time":1375.889264434,"data":"[freq_mid-s5] Processed 672/2000 images\n"}
,{"stream_name":"stdout","time":1380.971588979,"data":"[freq_mid-s5] Processed 704/2000 images\n"}
,{"stream_name":"stdout","time":1386.093159683,"data":"[freq_mid-s5] Processed 736/2000 images\n"}
,{"stream_name":"stdout","time":1391.203499363,"data":"[freq_mid-s5] Processed 768/2000 images\n"}
,{"stream_name":"stdout","time":1396.426158814,"data":"[freq_mid-s5] Processed 800/2000 images\n"}
,{"stream_name":"stdout","time":1401.509636034,"data":"[freq_mid-s5] Processed 832/2000 images\n"}
,{"stream_name":"stdout","time":1406.652179434,"data":"[freq_mid-s5] Processed 864/2000 images\n"}
,{"stream_name":"stdout","time":1411.736899182,"data":"[freq_mid-s5] Processed 896/2000 images\n"}
,{"stream_name":"stdout","time":1416.922066134,"data":"[freq_mid-s5] Processed 928/2000 images\n"}
,{"stream_name":"stdout","time":1421.987790836,"data":"[freq_mid-s5] Processed 960/2000 images\n"}
,{"stream_name":"stdout","time":1427.089971913,"data":"[freq_mid-s5] Processed 992/2000 images\n"}
,{"stream_name":"stdout","time":1432.256332964,"data":"[freq_mid-s5] Processed 1024/2000 images\n"}
,{"stream_name":"stdout","time":1437.408472852,"data":"[freq_mid-s5] Processed 1056/2000 images\n"}
,{"stream_name":"stdout","time":1442.514013904,"data":"[freq_mid-s5] Processed 1088/2000 images\n"}
,{"stream_name":"stdout","time":1447.670127185,"data":"[freq_mid-s5] Processed 1120/2000 images\n"}
,{"stream_name":"stdout","time":1452.752689931,"data":"[freq_mid-s5] Processed 1152/2000 images\n"}
,{"stream_name":"stdout","time":1457.813677667,"data":"[freq_mid-s5] Processed 1184/2000 images\n"}
,{"stream_name":"stdout","time":1462.881417384,"data":"[freq_mid-s5] Processed 1216/2000 images\n"}
,{"stream_name":"stdout","time":1467.957240842,"data":"[freq_mid-s5] Processed 1248/2000 images\n"}
,{"stream_name":"stdout","time":1473.110216298,"data":"[freq_mid-s5] Processed 1280/2000 images\n"}
,{"stream_name":"stdout","time":1478.248302656,"data":"[freq_mid-s5] Processed 1312/2000 images\n"}
,{"stream_name":"stdout","time":1483.345536874,"data":"[freq_mid-s5] Processed 1344/2000 images\n"}
,{"stream_name":"stdout","time":1488.445279121,"data":"[freq_mid-s5] Processed 1376/2000 images\n"}
,{"stream_name":"stdout","time":1493.523806778,"data":"[freq_mid-s5] Processed 1408/2000 images\n"}
,{"stream_name":"stdout","time":1498.616065343,"data":"[freq_mid-s5] Processed 1440/2000 images\n"}
,{"stream_name":"stdout","time":1503.793105895,"data":"[freq_mid-s5] Processed 1472/2000 images\n"}
,{"stream_name":"stdout","time":1508.872612708,"data":"[freq_mid-s5] Processed 1504/2000 images\n"}
,{"stream_name":"stdout","time":1514.004865265,"data":"[freq_mid-s5] Processed 1536/2000 images\n"}
,{"stream_name":"stdout","time":1519.10577873,"data":"[freq_mid-s5] Processed 1568/2000 images\n"}
,{"stream_name":"stdout","time":1524.148626298,"data":"[freq_mid-s5] Processed 1600/2000 images\n"}
,{"stream_name":"stdout","time":1529.234698559,"data":"[freq_mid-s5] Processed 1632/2000 images\n"}
,{"stream_name":"stdout","time":1534.311039828,"data":"[freq_mid-s5] Processed 1664/2000 images\n"}
,{"stream_name":"stdout","time":1539.415639379,"data":"[freq_mid-s5] Processed 1696/2000 images\n"}
,{"stream_name":"stdout","time":1544.535576579,"data":"[freq_mid-s5] Processed 1728/2000 images\n"}
,{"stream_name":"stdout","time":1549.614529233,"data":"[freq_mid-s5] Processed 1760/2000 images\n"}
,{"stream_name":"stdout","time":1554.695602336,"data":"[freq_mid-s5] Processed 1792/2000 images\n"}
,{"stream_name":"stdout","time":1559.778150263,"data":"[freq_mid-s5] Processed 1824/2000 images\n"}
,{"stream_name":"stdout","time":1564.851114478,"data":"[freq_mid-s5] Processed 1856/2000 images\n"}
,{"stream_name":"stdout","time":1569.931562715,"data":"[freq_mid-s5] Processed 1888/2000 images\n"}
,{"stream_name":"stdout","time":1575.08079194,"data":"[freq_mid-s5] Processed 1920/2000 images\n"}
,{"stream_name":"stdout","time":1580.123936928,"data":"[freq_mid-s5] Processed 1952/2000 images\n"}
,{"stream_name":"stdout","time":1585.234003748,"data":"[freq_mid-s5] Processed 1984/2000 images\n"}
,{"stream_name":"stdout","time":1587.916679497,"data":"[freq_mid-s5] Processed 2000/2000 images\n"}
,{"stream_name":"stdout","time":1588.001496996,"data":"Saved stage shard /kaggle/working/shards/shard_freqnoise_v2_freq_mid_5.parquet (32000 rows)\n"}
,{"stream_name":"stdout","time":1588.241614344,"data":"\n"}
,{"stream_name":"stdout","time":1588.241646283,"data":"--- Running Stage: freq_high (sev=3) ---\n"}
,{"stream_name":"stdout","time":1593.320375659,"data":"[freq_high-s3] Processed 32/2000 images\n"}
,{"stream_name":"stdout","time":1598.48530937,"data":"[freq_high-s3] Processed 64/2000 images\n"}
,{"stream_name":"stdout","time":1603.577666986,"data":"[freq_high-s3] Processed 96/2000 images\n"}
,{"stream_name":"stdout","time":1608.677828169,"data":"[freq_high-s3] Processed 128/2000 images\n"}
,{"stream_name":"stdout","time":1613.836485045,"data":"[freq_high-s3] Processed 160/2000 images\n"}
,{"stream_name":"stdout","time":1618.916097171,"data":"[freq_high-s3] Processed 192/2000 images\n"}
,{"stream_name":"stdout","time":1623.994475395,"data":"[freq_high-s3] Processed 224/2000 images\n"}
,{"stream_name":"stdout","time":1629.120715432,"data":"[freq_high-s3] Processed 256/2000 images\n"}
,{"stream_name":"stdout","time":1634.202483934,"data":"[freq_high-s3] Processed 288/2000 images\n"}
,{"stream_name":"stdout","time":1639.254341589,"data":"[freq_high-s3] Processed 320/2000 images\n"}
,{"stream_name":"stdout","time":1644.304121897,"data":"[freq_high-s3] Processed 352/2000 images\n"}
,{"stream_name":"stdout","time":1649.379978766,"data":"[freq_high-s3] Processed 384/2000 images\n"}
,{"stream_name":"stdout","time":1654.463658737,"data":"[freq_high-s3] Processed 416/2000 images\n"}
,{"stream_name":"stdout","time":1659.617383615,"data":"[freq_high-s3] Processed 448/2000 images\n"}
,{"stream_name":"stdout","time":1664.70239826,"data":"[freq_high-s3] Processed 480/2000 images\n"}
,{"stream_name":"stdout","time":1669.813869136,"data":"[freq_high-s3] Processed 512/2000 images\n"}
,{"stream_name":"stdout","time":1674.972198078,"data":"[freq_high-s3] Processed 544/2000 images\n"}
,{"stream_name":"stdout","time":1680.176618328,"data":"[freq_high-s3] Processed 576/2000 images\n"}
,{"stream_name":"stdout","time":1685.282347519,"data":"[freq_high-s3] Processed 608/2000 images\n"}
,{"stream_name":"stdout","time":1690.383454615,"data":"[freq_high-s3] Processed 640/2000 images\n"}
,{"stream_name":"stdout","time":1695.490510552,"data":"[freq_high-s3] Processed 672/2000 images\n"}
,{"stream_name":"stdout","time":1700.609494975,"data":"[freq_high-s3] Processed 704/2000 images\n"}
,{"stream_name":"stdout","time":1705.728220124,"data":"[freq_high-s3] Processed 736/2000 images\n"}
,{"stream_name":"stdout","time":1710.835671538,"data":"[freq_high-s3] Processed 768/2000 images\n"}
,{"stream_name":"stdout","time":1715.984579214,"data":"[freq_high-s3] Processed 800/2000 images\n"}
,{"stream_name":"stdout","time":1721.104239372,"data":"[freq_high-s3] Processed 832/2000 images\n"}
,{"stream_name":"stdout","time":1726.284123565,"data":"[freq_high-s3] Processed 864/2000 images\n"}
,{"stream_name":"stdout","time":1731.380214513,"data":"[freq_high-s3] Processed 896/2000 images\n"}
,{"stream_name":"stdout","time":1736.508223897,"data":"[freq_high-s3] Processed 928/2000 images\n"}
,{"stream_name":"stdout","time":1741.606879588,"data":"[freq_high-s3] Processed 960/2000 images\n"}
,{"stream_name":"stdout","time":1746.805081556,"data":"[freq_high-s3] Processed 992/2000 images\n"}
,{"stream_name":"stdout","time":1751.959642038,"data":"[freq_high-s3] Processed 1024/2000 images\n"}
,{"stream_name":"stdout","time":1757.134268502,"data":"[freq_high-s3] Processed 1056/2000 images\n"}
,{"stream_name":"stdout","time":1762.240549291,"data":"[freq_high-s3] Processed 1088/2000 images\n"}
,{"stream_name":"stdout","time":1767.432176061,"data":"[freq_high-s3] Processed 1120/2000 images\n"}
,{"stream_name":"stdout","time":1772.60245875,"data":"[freq_high-s3] Processed 1152/2000 images\n"}
,{"stream_name":"stdout","time":1777.778670111,"data":"[freq_high-s3] Processed 1184/2000 images\n"}
,{"stream_name":"stdout","time":1782.905207117,"data":"[freq_high-s3] Processed 1216/2000 images\n"}
,{"stream_name":"stdout","time":1788.002782755,"data":"[freq_high-s3] Processed 1248/2000 images\n"}
,{"stream_name":"stdout","time":1793.084686711,"data":"[freq_high-s3] Processed 1280/2000 images\n"}
,{"stream_name":"stdout","time":1798.145529907,"data":"[freq_high-s3] Processed 1312/2000 images\n"}
,{"stream_name":"stdout","time":1803.261666865,"data":"[freq_high-s3] Processed 1344/2000 images\n"}
,{"stream_name":"stdout","time":1808.370511408,"data":"[freq_high-s3] Processed 1376/2000 images\n"}
,{"stream_name":"stdout","time":1813.445503618,"data":"[freq_high-s3] Processed 1408/2000 images\n"}
,{"stream_name":"stdout","time":1818.517969895,"data":"[freq_high-s3] Processed 1440/2000 images\n"}
,{"stream_name":"stdout","time":1823.660770939,"data":"[freq_high-s3] Processed 1472/2000 images\n"}
,{"stream_name":"stdout","time":1828.775302281,"data":"[freq_high-s3] Processed 1504/2000 images\n"}
,{"stream_name":"stdout","time":1833.922861331,"data":"[freq_high-s3] Processed 1536/2000 images\n"}
,{"stream_name":"stdout","time":1839.065309055,"data":"[freq_high-s3] Processed 1568/2000 images\n"}
,{"stream_name":"stdout","time":1844.204458396,"data":"[freq_high-s3] Processed 1600/2000 images\n"}
,{"stream_name":"stdout","time":1849.370924345,"data":"[freq_high-s3] Processed 1632/2000 images\n"}
,{"stream_name":"stdout","time":1854.440454209,"data":"[freq_high-s3] Processed 1664/2000 images\n"}
,{"stream_name":"stdout","time":1859.56424132,"data":"[freq_high-s3] Processed 1696/2000 images\n"}
,{"stream_name":"stdout","time":1864.699325433,"data":"[freq_high-s3] Processed 1728/2000 images\n"}
,{"stream_name":"stdout","time":1869.846454518,"data":"[freq_high-s3] Processed 1760/2000 images\n"}
,{"stream_name":"stdout","time":1874.948725315,"data":"[freq_high-s3] Processed 1792/2000 images\n"}
,{"stream_name":"stdout","time":1880.059206708,"data":"[freq_high-s3] Processed 1824/2000 images\n"}
,{"stream_name":"stdout","time":1885.149677184,"data":"[freq_high-s3] Processed 1856/2000 images\n"}
,{"stream_name":"stdout","time":1890.225277534,"data":"[freq_high-s3] Processed 1888/2000 images\n"}
,{"stream_name":"stdout","time":1895.342299482,"data":"[freq_high-s3] Processed 1920/2000 images\n"}
,{"stream_name":"stdout","time":1900.408028356,"data":"[freq_high-s3] Processed 1952/2000 images\n"}
,{"stream_name":"stdout","time":1905.556482407,"data":"[freq_high-s3] Processed 1984/2000 images\n"}
,{"stream_name":"stdout","time":1908.246689719,"data":"[freq_high-s3] Processed 2000/2000 images\n"}
,{"stream_name":"stdout","time":1908.332444187,"data":"Saved stage shard /kaggle/working/shards/shard_freqnoise_v2_freq_high_3.parquet (32000 rows)\n"}
,{"stream_name":"stdout","time":1908.571394937,"data":"\n"}
,{"stream_name":"stdout","time":1908.571431005,"data":"--- Running Stage: freq_high (sev=5) ---\n"}
,{"stream_name":"stdout","time":1913.673440669,"data":"[freq_high-s5] Processed 32/2000 images\n"}
,{"stream_name":"stdout","time":1918.77943172,"data":"[freq_high-s5] Processed 64/2000 images\n"}
,{"stream_name":"stdout","time":1923.878568322,"data":"[freq_high-s5] Processed 96/2000 images\n"}
,{"stream_name":"stdout","time":1928.979203157,"data":"[freq_high-s5] Processed 128/2000 images\n"}
,{"stream_name":"stdout","time":1934.110634451,"data":"[freq_high-s5] Processed 160/2000 images\n"}
,{"stream_name":"stdout","time":1939.222680339,"data":"[freq_high-s5] Processed 192/2000 images\n"}
,{"stream_name":"stdout","time":1944.352728183,"data":"[freq_high-s5] Processed 224/2000 images\n"}
,{"stream_name":"stdout","time":1949.522494159,"data":"[freq_high-s5] Processed 256/2000 images\n"}
,{"stream_name":"stdout","time":1954.639083427,"data":"[freq_high-s5] Processed 288/2000 images\n"}
,{"stream_name":"stdout","time":1959.77195196,"data":"[freq_high-s5] Processed 320/2000 images\n"}
,{"stream_name":"stdout","time":1964.86739843,"data":"[freq_high-s5] Processed 352/2000 images\n"}
,{"stream_name":"stdout","time":1969.972171522,"data":"[freq_high-s5] Processed 384/2000 images\n"}
,{"stream_name":"stdout","time":1975.060699215,"data":"[freq_high-s5] Processed 416/2000 images\n"}
,{"stream_name":"stdout","time":1980.159458792,"data":"[freq_high-s5] Processed 448/2000 images\n"}
,{"stream_name":"stdout","time":1985.211883762,"data":"[freq_high-s5] Processed 480/2000 images\n"}
,{"stream_name":"stdout","time":1990.291454709,"data":"[freq_high-s5] Processed 512/2000 images\n"}
,{"stream_name":"stdout","time":1995.475284394,"data":"[freq_high-s5] Processed 544/2000 images\n"}
,{"stream_name":"stdout","time":2000.583794438,"data":"[freq_high-s5] Processed 576/2000 images\n"}
,{"stream_name":"stdout","time":2005.729840225,"data":"[freq_high-s5] Processed 608/2000 images\n"}
,{"stream_name":"stdout","time":2010.849220281,"data":"[freq_high-s5] Processed 640/2000 images\n"}
,{"stream_name":"stdout","time":2016.000194363,"data":"[freq_high-s5] Processed 672/2000 images\n"}
,{"stream_name":"stdout","time":2021.100321839,"data":"[freq_high-s5] Processed 704/2000 images\n"}
,{"stream_name":"stdout","time":2026.187089822,"data":"[freq_high-s5] Processed 736/2000 images\n"}
,{"stream_name":"stdout","time":2031.317139974,"data":"[freq_high-s5] Processed 768/2000 images\n"}
,{"stream_name":"stdout","time":2036.484834165,"data":"[freq_high-s5] Processed 800/2000 images\n"}
,{"stream_name":"stdout","time":2041.595911215,"data":"[freq_high-s5] Processed 832/2000 images\n"}
,{"stream_name":"stdout","time":2046.720446843,"data":"[freq_high-s5] Processed 864/2000 images\n"}
,{"stream_name":"stdout","time":2051.807488009,"data":"[freq_high-s5] Processed 896/2000 images\n"}
,{"stream_name":"stdout","time":2056.971524631,"data":"[freq_high-s5] Processed 928/2000 images\n"}
,{"stream_name":"stdout","time":2062.068003804,"data":"[freq_high-s5] Processed 960/2000 images\n"}
,{"stream_name":"stdout","time":2067.212149377,"data":"[freq_high-s5] Processed 992/2000 images\n"}
,{"stream_name":"stdout","time":2072.337129049,"data":"[freq_high-s5] Processed 1024/2000 images\n"}
,{"stream_name":"stdout","time":2077.524309909,"data":"[freq_high-s5] Processed 1056/2000 images\n"}
,{"stream_name":"stdout","time":2082.634618228,"data":"[freq_high-s5] Processed 1088/2000 images\n"}
,{"stream_name":"stdout","time":2087.794646893,"data":"[freq_high-s5] Processed 1120/2000 images\n"}
,{"stream_name":"stdout","time":2092.89146106,"data":"[freq_high-s5] Processed 1152/2000 images\n"}
,{"stream_name":"stdout","time":2098.002583178,"data":"[freq_high-s5] Processed 1184/2000 images\n"}
,{"stream_name":"stdout","time":2103.108777868,"data":"[freq_high-s5] Processed 1216/2000 images\n"}
,{"stream_name":"stdout","time":2108.229640252,"data":"[freq_high-s5] Processed 1248/2000 images\n"}
,{"stream_name":"stdout","time":2113.356829769,"data":"[freq_high-s5] Processed 1280/2000 images\n"}
,{"stream_name":"stdout","time":2118.485877461,"data":"[freq_high-s5] Processed 1312/2000 images\n"}
,{"stream_name":"stdout","time":2123.642134518,"data":"[freq_high-s5] Processed 1344/2000 images\n"}
,{"stream_name":"stdout","time":2128.74416321,"data":"[freq_high-s5] Processed 1376/2000 images\n"}
,{"stream_name":"stdout","time":2133.856457112,"data":"[freq_high-s5] Processed 1408/2000 images\n"}
,{"stream_name":"stdout","time":2138.962816328,"data":"[freq_high-s5] Processed 1440/2000 images\n"}
,{"stream_name":"stdout","time":2144.159215935,"data":"[freq_high-s5] Processed 1472/2000 images\n"}
,{"stream_name":"stdout","time":2149.294498629,"data":"[freq_high-s5] Processed 1504/2000 images\n"}
,{"stream_name":"stdout","time":2154.471620973,"data":"[freq_high-s5] Processed 1536/2000 images\n"}
,{"stream_name":"stdout","time":2159.577605116,"data":"[freq_high-s5] Processed 1568/2000 images\n"}
,{"stream_name":"stdout","time":2164.656212122,"data":"[freq_high-s5] Processed 1600/2000 images\n"}
,{"stream_name":"stdout","time":2169.772219722,"data":"[freq_high-s5] Processed 1632/2000 images\n"}
,{"stream_name":"stdout","time":2174.876475714,"data":"[freq_high-s5] Processed 1664/2000 images\n"}
,{"stream_name":"stdout","time":2179.969403577,"data":"[freq_high-s5] Processed 1696/2000 images\n"}
,{"stream_name":"stdout","time":2185.142046164,"data":"[freq_high-s5] Processed 1728/2000 images\n"}
,{"stream_name":"stdout","time":2190.274691657,"data":"[freq_high-s5] Processed 1760/2000 images\n"}
,{"stream_name":"stdout","time":2195.416408643,"data":"[freq_high-s5] Processed 1792/2000 images\n"}
,{"stream_name":"stdout","time":2200.506742688,"data":"[freq_high-s5] Processed 1824/2000 images\n"}
,{"stream_name":"stdout","time":2205.696847209,"data":"[freq_high-s5] Processed 1856/2000 images\n"}
,{"stream_name":"stdout","time":2210.794593936,"data":"[freq_high-s5] Processed 1888/2000 images\n"}
,{"stream_name":"stdout","time":2215.95523374,"data":"[freq_high-s5] Processed 1920/2000 images\n"}
,{"stream_name":"stdout","time":2221.007779448,"data":"[freq_high-s5] Processed 1952/2000 images\n"}
,{"stream_name":"stdout","time":2226.106101858,"data":"[freq_high-s5] Processed 1984/2000 images\n"}
,{"stream_name":"stdout","time":2228.788414926,"data":"[freq_high-s5] Processed 2000/2000 images\n"}
,{"stream_name":"stdout","time":2228.873085941,"data":"Saved stage shard /kaggle/working/shards/shard_freqnoise_v2_freq_high_5.parquet (32000 rows)\n"}
,{"stream_name":"stdout","time":2229.108459871,"data":"\n"}
,{"stream_name":"stdout","time":2229.108509391,"data":"--- Running Stage: freq_broadband (sev=3) ---\n"}
,{"stream_name":"stdout","time":2233.223088794,"data":"[freq_broadband-s3] Processed 32/2000 images\n"}
,{"stream_name":"stdout","time":2237.344661278,"data":"[freq_broadband-s3] Processed 64/2000 images\n"}
,{"stream_name":"stdout","time":2241.44535169,"data":"[freq_broadband-s3] Processed 96/2000 images\n"}
,{"stream_name":"stdout","time":2245.61473509,"data":"[freq_broadband-s3] Processed 128/2000 images\n"}
,{"stream_name":"stdout","time":2249.714321161,"data":"[freq_broadband-s3] Processed 160/2000 images\n"}
,{"stream_name":"stdout","time":2253.814940454,"data":"[freq_broadband-s3] Processed 192/2000 images\n"}
,{"stream_name":"stdout","time":2257.922341127,"data":"[freq_broadband-s3] Processed 224/2000 images\n"}
,{"stream_name":"stdout","time":2262.023513456,"data":"[freq_broadband-s3] Processed 256/2000 images\n"}
,{"stream_name":"stdout","time":2266.120795286,"data":"[freq_broadband-s3] Processed 288/2000 images\n"}
,{"stream_name":"stdout","time":2270.170567734,"data":"[freq_broadband-s3] Processed 320/2000 images\n"}
,{"stream_name":"stdout","time":2274.248112833,"data":"[freq_broadband-s3] Processed 352/2000 images\n"}
,{"stream_name":"stdout","time":2278.31712949,"data":"[freq_broadband-s3] Processed 384/2000 images\n"}
,{"stream_name":"stdout","time":2282.385630693,"data":"[freq_broadband-s3] Processed 416/2000 images\n"}
,{"stream_name":"stdout","time":2286.456776917,"data":"[freq_broadband-s3] Processed 448/2000 images\n"}
,{"stream_name":"stdout","time":2290.528775931,"data":"[freq_broadband-s3] Processed 480/2000 images\n"}
,{"stream_name":"stdout","time":2294.599923262,"data":"[freq_broadband-s3] Processed 512/2000 images\n"}
,{"stream_name":"stdout","time":2298.739795945,"data":"[freq_broadband-s3] Processed 544/2000 images\n"}
,{"stream_name":"stdout","time":2302.903468189,"data":"[freq_broadband-s3] Processed 576/2000 images\n"}
,{"stream_name":"stdout","time":2306.992693165,"data":"[freq_broadband-s3] Processed 608/2000 images\n"}
,{"stream_name":"stdout","time":2311.095790088,"data":"[freq_broadband-s3] Processed 640/2000 images\n"}
,{"stream_name":"stdout","time":2315.146069084,"data":"[freq_broadband-s3] Processed 672/2000 images\n"}
,{"stream_name":"stdout","time":2319.255141025,"data":"[freq_broadband-s3] Processed 704/2000 images\n"}
,{"stream_name":"stdout","time":2323.347006993,"data":"[freq_broadband-s3] Processed 736/2000 images\n"}
,{"stream_name":"stdout","time":2327.457310456,"data":"[freq_broadband-s3] Processed 768/2000 images\n"}
,{"stream_name":"stdout","time":2331.588807167,"data":"[freq_broadband-s3] Processed 800/2000 images\n"}
,{"stream_name":"stdout","time":2335.691370559,"data":"[freq_broadband-s3] Processed 832/2000 images\n"}
,{"stream_name":"stdout","time":2339.761923752,"data":"[freq_broadband-s3] Processed 864/2000 images\n"}
,{"stream_name":"stdout","time":2343.8844715,"data":"[freq_broadband-s3] Processed 896/2000 images\n"}
,{"stream_name":"stdout","time":2347.977311737,"data":"[freq_broadband-s3] Processed 928/2000 images\n"}
,{"stream_name":"stdout","time":2352.075074498,"data":"[freq_broadband-s3] Processed 960/2000 images\n"}
,{"stream_name":"stdout","time":2356.17113677,"data":"[freq_broadband-s3] Processed 992/2000 images\n"}
,{"stream_name":"stdout","time":2360.237405524,"data":"[freq_broadband-s3] Processed 1024/2000 images\n"}
,{"stream_name":"stdout","time":2364.369395771,"data":"[freq_broadband-s3] Processed 1056/2000 images\n"}
,{"stream_name":"stdout","time":2368.443394801,"data":"[freq_broadband-s3] Processed 1088/2000 images\n"}
,{"stream_name":"stdout","time":2372.579966937,"data":"[freq_broadband-s3] Processed 1120/2000 images\n"}
,{"stream_name":"stdout","time":2376.652743617,"data":"[freq_broadband-s3] Processed 1152/2000 images\n"}
,{"stream_name":"stdout","time":2380.709714835,"data":"[freq_broadband-s3] Processed 1184/2000 images\n"}
,{"stream_name":"stdout","time":2384.784293522,"data":"[freq_broadband-s3] Processed 1216/2000 images\n"}
,{"stream_name":"stdout","time":2388.860006206,"data":"[freq_broadband-s3] Processed 1248/2000 images\n"}
,{"stream_name":"stdout","time":2392.914961937,"data":"[freq_broadband-s3] Processed 1280/2000 images\n"}
,{"stream_name":"stdout","time":2396.996325644,"data":"[freq_broadband-s3] Processed 1312/2000 images\n"}
,{"stream_name":"stdout","time":2401.101439457,"data":"[freq_broadband-s3] Processed 1344/2000 images\n"}
,{"stream_name":"stdout","time":2405.217297717,"data":"[freq_broadband-s3] Processed 1376/2000 images\n"}
,{"stream_name":"stdout","time":2409.30275242,"data":"[freq_broadband-s3] Processed 1408/2000 images\n"}
,{"stream_name":"stdout","time":2413.392869082,"data":"[freq_broadband-s3] Processed 1440/2000 images\n"}
,{"stream_name":"stdout","time":2417.547584457,"data":"[freq_broadband-s3] Processed 1472/2000 images\n"}
,{"stream_name":"stdout","time":2421.6490293,"data":"[freq_broadband-s3] Processed 1504/2000 images\n"}
,{"stream_name":"stdout","time":2425.768343202,"data":"[freq_broadband-s3] Processed 1536/2000 images\n"}
,{"stream_name":"stdout","time":2429.841557569,"data":"[freq_broadband-s3] Processed 1568/2000 images\n"}
,{"stream_name":"stdout","time":2433.900459108,"data":"[freq_broadband-s3] Processed 1600/2000 images\n"}
,{"stream_name":"stdout","time":2437.975347009,"data":"[freq_broadband-s3] Processed 1632/2000 images\n"}
,{"stream_name":"stdout","time":2442.042792821,"data":"[freq_broadband-s3] Processed 1664/2000 images\n"}
,{"stream_name":"stdout","time":2446.135549117,"data":"[freq_broadband-s3] Processed 1696/2000 images\n"}
,{"stream_name":"stdout","time":2450.267348119,"data":"[freq_broadband-s3] Processed 1728/2000 images\n"}
,{"stream_name":"stdout","time":2454.344799335,"data":"[freq_broadband-s3] Processed 1760/2000 images\n"}
,{"stream_name":"stdout","time":2458.41973314,"data":"[freq_broadband-s3] Processed 1792/2000 images\n"}
,{"stream_name":"stdout","time":2462.493400045,"data":"[freq_broadband-s3] Processed 1824/2000 images\n"}
,{"stream_name":"stdout","time":2466.593738915,"data":"[freq_broadband-s3] Processed 1856/2000 images\n"}
,{"stream_name":"stdout","time":2470.682979651,"data":"[freq_broadband-s3] Processed 1888/2000 images\n"}
,{"stream_name":"stdout","time":2474.821620447,"data":"[freq_broadband-s3] Processed 1920/2000 images\n"}
,{"stream_name":"stdout","time":2478.901616066,"data":"[freq_broadband-s3] Processed 1952/2000 images\n"}
,{"stream_name":"stdout","time":2482.997964355,"data":"[freq_broadband-s3] Processed 1984/2000 images\n"}
,{"stream_name":"stdout","time":2485.216819001,"data":"[freq_broadband-s3] Processed 2000/2000 images\n"}
,{"stream_name":"stdout","time":2485.303561623,"data":"Saved stage shard /kaggle/working/shards/shard_freqnoise_v2_freq_broadband_3.parquet (32000 rows)\n"}
,{"stream_name":"stdout","time":2485.539705377,"data":"\n"}
,{"stream_name":"stdout","time":2485.539754882,"data":"--- Running Stage: freq_broadband (sev=5) ---\n"}
,{"stream_name":"stdout","time":2489.618476498,"data":"[freq_broadband-s5] Processed 32/2000 images\n"}
,{"stream_name":"stdout","time":2493.726637195,"data":"[freq_broadband-s5] Processed 64/2000 images\n"}
,{"stream_name":"stdout","time":2497.817018501,"data":"[freq_broadband-s5] Processed 96/2000 images\n"}
,{"stream_name":"stdout","time":2501.909623944,"data":"[freq_broadband-s5] Processed 128/2000 images\n"}
,{"stream_name":"stdout","time":2506.034048495,"data":"[freq_broadband-s5] Processed 160/2000 images\n"}
,{"stream_name":"stdout","time":2510.103133192,"data":"[freq_broadband-s5] Processed 192/2000 images\n"}
,{"stream_name":"stdout","time":2514.158980306,"data":"[freq_broadband-s5] Processed 224/2000 images\n"}
,{"stream_name":"stdout","time":2518.221261689,"data":"[freq_broadband-s5] Processed 256/2000 images\n"}
,{"stream_name":"stdout","time":2522.336107676,"data":"[freq_broadband-s5] Processed 288/2000 images\n"}
,{"stream_name":"stdout","time":2526.353408183,"data":"[freq_broadband-s5] Processed 320/2000 images\n"}
,{"stream_name":"stdout","time":2530.372348177,"data":"[freq_broadband-s5] Processed 352/2000 images\n"}
,{"stream_name":"stdout","time":2534.415587442,"data":"[freq_broadband-s5] Processed 384/2000 images\n"}
,{"stream_name":"stdout","time":2538.470323226,"data":"[freq_broadband-s5] Processed 416/2000 images\n"}
,{"stream_name":"stdout","time":2542.540449889,"data":"[freq_broadband-s5] Processed 448/2000 images\n"}
,{"stream_name":"stdout","time":2546.600129001,"data":"[freq_broadband-s5] Processed 480/2000 images\n"}
,{"stream_name":"stdout","time":2550.665353029,"data":"[freq_broadband-s5] Processed 512/2000 images\n"}
,{"stream_name":"stdout","time":2554.829272047,"data":"[freq_broadband-s5] Processed 544/2000 images\n"}
,{"stream_name":"stdout","time":2559.036366128,"data":"[freq_broadband-s5] Processed 576/2000 images\n"}
,{"stream_name":"stdout","time":2563.130498312,"data":"[freq_broadband-s5] Processed 608/2000 images\n"}
,{"stream_name":"stdout","time":2567.266700725,"data":"[freq_broadband-s5] Processed 640/2000 images\n"}
,{"stream_name":"stdout","time":2571.347292529,"data":"[freq_broadband-s5] Processed 672/2000 images\n"}
,{"stream_name":"stdout","time":2575.441414196,"data":"[freq_broadband-s5] Processed 704/2000 images\n"}
,{"stream_name":"stdout","time":2579.528084094,"data":"[freq_broadband-s5] Processed 736/2000 images\n"}
,{"stream_name":"stdout","time":2583.63292006,"data":"[freq_broadband-s5] Processed 768/2000 images\n"}
,{"stream_name":"stdout","time":2587.74085363,"data":"[freq_broadband-s5] Processed 800/2000 images\n"}
,{"stream_name":"stdout","time":2591.828279015,"data":"[freq_broadband-s5] Processed 832/2000 images\n"}
,{"stream_name":"stdout","time":2595.980287274,"data":"[freq_broadband-s5] Processed 864/2000 images\n"}
,{"stream_name":"stdout","time":2600.055557846,"data":"[freq_broadband-s5] Processed 896/2000 images\n"}
,{"stream_name":"stdout","time":2604.177132288,"data":"[freq_broadband-s5] Processed 928/2000 images\n"}
,{"stream_name":"stdout","time":2608.272188453,"data":"[freq_broadband-s5] Processed 960/2000 images\n"}
,{"stream_name":"stdout","time":2612.390286955,"data":"[freq_broadband-s5] Processed 992/2000 images\n"}
,{"stream_name":"stdout","time":2616.465058661,"data":"[freq_broadband-s5] Processed 1024/2000 images\n"}
,{"stream_name":"stdout","time":2620.587474026,"data":"[freq_broadband-s5] Processed 1056/2000 images\n"}
,{"stream_name":"stdout","time":2624.680326878,"data":"[freq_broadband-s5] Processed 1088/2000 images\n"}
,{"stream_name":"stdout","time":2628.794125378,"data":"[freq_broadband-s5] Processed 1120/2000 images\n"}
,{"stream_name":"stdout","time":2632.877651396,"data":"[freq_broadband-s5] Processed 1152/2000 images\n"}
,{"stream_name":"stdout","time":2636.937141682,"data":"[freq_broadband-s5] Processed 1184/2000 images\n"}
,{"stream_name":"stdout","time":2641.018802273,"data":"[freq_broadband-s5] Processed 1216/2000 images\n"}
,{"stream_name":"stdout","time":2645.099591824,"data":"[freq_broadband-s5] Processed 1248/2000 images\n"}
,{"stream_name":"stdout","time":2649.168638897,"data":"[freq_broadband-s5] Processed 1280/2000 images\n"}
,{"stream_name":"stdout","time":2653.26614483,"data":"[freq_broadband-s5] Processed 1312/2000 images\n"}
,{"stream_name":"stdout","time":2657.355331015,"data":"[freq_broadband-s5] Processed 1344/2000 images\n"}
,{"stream_name":"stdout","time":2661.44574857,"data":"[freq_broadband-s5] Processed 1376/2000 images\n"}
,{"stream_name":"stdout","time":2665.585993197,"data":"[freq_broadband-s5] Processed 1408/2000 images\n"}
,{"stream_name":"stdout","time":2669.657077942,"data":"[freq_broadband-s5] Processed 1440/2000 images\n"}
,{"stream_name":"stdout","time":2673.811400187,"data":"[freq_broadband-s5] Processed 1472/2000 images\n"}
,{"stream_name":"stdout","time":2677.912287967,"data":"[freq_broadband-s5] Processed 1504/2000 images\n"}
,{"stream_name":"stdout","time":2682.040667105,"data":"[freq_broadband-s5] Processed 1536/2000 images\n"}
,{"stream_name":"stdout","time":2686.227900615,"data":"[freq_broadband-s5] Processed 1568/2000 images\n"}
,{"stream_name":"stdout","time":2690.336991664,"data":"[freq_broadband-s5] Processed 1600/2000 images\n"}
,{"stream_name":"stdout","time":2694.408150679,"data":"[freq_broadband-s5] Processed 1632/2000 images\n"}
,{"stream_name":"stdout","time":2698.533958209,"data":"[freq_broadband-s5] Processed 1664/2000 images\n"}
,{"stream_name":"stdout","time":2702.621536581,"data":"[freq_broadband-s5] Processed 1696/2000 images\n"}
,{"stream_name":"stdout","time":2706.746785816,"data":"[freq_broadband-s5] Processed 1728/2000 images\n"}
,{"stream_name":"stdout","time":2710.807189058,"data":"[freq_broadband-s5] Processed 1760/2000 images\n"}
,{"stream_name":"stdout","time":2714.886979367,"data":"[freq_broadband-s5] Processed 1792/2000 images\n"}
,{"stream_name":"stdout","time":2718.965911189,"data":"[freq_broadband-s5] Processed 1824/2000 images\n"}
,{"stream_name":"stdout","time":2723.075422203,"data":"[freq_broadband-s5] Processed 1856/2000 images\n"}
,{"stream_name":"stdout","time":2727.21988041,"data":"[freq_broadband-s5] Processed 1888/2000 images\n"}
,{"stream_name":"stdout","time":2731.403557802,"data":"[freq_broadband-s5] Processed 1920/2000 images\n"}
,{"stream_name":"stdout","time":2735.543948062,"data":"[freq_broadband-s5] Processed 1952/2000 images\n"}
,{"stream_name":"stdout","time":2739.655904097,"data":"[freq_broadband-s5] Processed 1984/2000 images\n"}
,{"stream_name":"stdout","time":2741.940662804,"data":"[freq_broadband-s5] Processed 2000/2000 images\n"}
,{"stream_name":"stdout","time":2742.023481447,"data":"Saved stage shard /kaggle/working/shards/shard_freqnoise_v2_freq_broadband_5.parquet (32000 rows)\n"}
,{"stream_name":"stdout","time":2742.282815433,"data":"\n"}
,{"stream_name":"stdout","time":2742.282838883,"data":"=== Consolidating All Shards into Final Dataset ===\n"}
,{"stream_name":"stdout","time":2742.618668447,"data":"Final dataset saved to /kaggle/working/shard_freqnoise_v2.parquet (288000 rows)\n"}
,{"stream_name":"stdout","time":2742.675419588,"data":"Wrote run metadata to /kaggle/working/run_meta.json\n"}
,{"stream_name":"stdout","time":2742.688178652,"data":"K9-FreqNoise-v2 finished in 2726.4s\n"}
,{"stream_name":"stderr","time":2747.774857407,"data":"/usr/local/lib/python3.13/dist-packages/mistune.py:435: SyntaxWarning: invalid escape sequence '\\|'\n"}
,{"stream_name":"stderr","time":2747.774884318,"data":"  cells[i][c] = re.sub('\\\\\\\\\\|', '|', cell)\n"}
,{"stream_name":"stderr","time":2747.999943259,"data":"/usr/local/lib/python3.13/dist-packages/nbconvert/filters/filter_links.py:36: SyntaxWarning: invalid escape sequence '\\_'\n"}
,{"stream_name":"stderr","time":2747.999972021,"data":"  text = re.sub(r'_', '\\_', text) # Escape underscores in display text\n"}
,{"stream_name":"stderr","time":2748.785167137,"data":"[NbConvertApp] Converting notebook __script__.ipynb to html\n"}
,{"stream_name":"stderr","time":2749.713684867,"data":"[NbConvertApp] Writing 326629 bytes to __results__.html\n"}
]